Archive member included to satisfy reference by file (symbol)

/home/gorian/.p2/pool/plugins/fr.ac6.mcu.externaltools.arm-none.linux64_1.15.0.201708311556/tools/compiler/bin/../lib/gcc/arm-none-eabi/6.3.1/thumb/v7-m/libgcc.a(_arm_addsubdf3.o)
                              Src/screen11.o (__aeabi_dadd)
/home/gorian/.p2/pool/plugins/fr.ac6.mcu.externaltools.arm-none.linux64_1.15.0.201708311556/tools/compiler/bin/../lib/gcc/arm-none-eabi/6.3.1/thumb/v7-m/libgcc.a(_arm_muldivdf3.o)
                              Src/screen11.o (__aeabi_dmul)
/home/gorian/.p2/pool/plugins/fr.ac6.mcu.externaltools.arm-none.linux64_1.15.0.201708311556/tools/compiler/bin/../lib/gcc/arm-none-eabi/6.3.1/thumb/v7-m/libgcc.a(_arm_cmpdf2.o)
                              Src/screen11.o (__aeabi_dcmplt)
/home/gorian/.p2/pool/plugins/fr.ac6.mcu.externaltools.arm-none.linux64_1.15.0.201708311556/tools/compiler/bin/../lib/gcc/arm-none-eabi/6.3.1/thumb/v7-m/libgcc.a(_arm_fixdfsi.o)
                              Src/screen11.o (__aeabi_d2iz)
/home/gorian/.p2/pool/plugins/fr.ac6.mcu.externaltools.arm-none.linux64_1.15.0.201708311556/tools/compiler/bin/../lib/gcc/arm-none-eabi/6.3.1/../../../../arm-none-eabi/lib/thumb/v7-m/libc_nano.a(lib_a-atof.o)
                              Src/screen11.o (atof)
/home/gorian/.p2/pool/plugins/fr.ac6.mcu.externaltools.arm-none.linux64_1.15.0.201708311556/tools/compiler/bin/../lib/gcc/arm-none-eabi/6.3.1/../../../../arm-none-eabi/lib/thumb/v7-m/libc_nano.a(lib_a-atoi.o)
                              Src/main.o (atoi)
/home/gorian/.p2/pool/plugins/fr.ac6.mcu.externaltools.arm-none.linux64_1.15.0.201708311556/tools/compiler/bin/../lib/gcc/arm-none-eabi/6.3.1/../../../../arm-none-eabi/lib/thumb/v7-m/libc_nano.a(lib_a-exit.o)
                              /home/gorian/.p2/pool/plugins/fr.ac6.mcu.externaltools.arm-none.linux64_1.15.0.201708311556/tools/compiler/bin/../lib/gcc/arm-none-eabi/6.3.1/../../../../arm-none-eabi/lib/thumb/v7-m/crt0.o (exit)
/home/gorian/.p2/pool/plugins/fr.ac6.mcu.externaltools.arm-none.linux64_1.15.0.201708311556/tools/compiler/bin/../lib/gcc/arm-none-eabi/6.3.1/../../../../arm-none-eabi/lib/thumb/v7-m/libc_nano.a(lib_a-impure.o)
                              /home/gorian/.p2/pool/plugins/fr.ac6.mcu.externaltools.arm-none.linux64_1.15.0.201708311556/tools/compiler/bin/../lib/gcc/arm-none-eabi/6.3.1/../../../../arm-none-eabi/lib/thumb/v7-m/libc_nano.a(lib_a-exit.o) (_global_impure_ptr)
/home/gorian/.p2/pool/plugins/fr.ac6.mcu.externaltools.arm-none.linux64_1.15.0.201708311556/tools/compiler/bin/../lib/gcc/arm-none-eabi/6.3.1/../../../../arm-none-eabi/lib/thumb/v7-m/libc_nano.a(lib_a-init.o)
                              /home/gorian/.p2/pool/plugins/fr.ac6.mcu.externaltools.arm-none.linux64_1.15.0.201708311556/tools/compiler/bin/../lib/gcc/arm-none-eabi/6.3.1/../../../../arm-none-eabi/lib/thumb/v7-m/crt0.o (__libc_init_array)
/home/gorian/.p2/pool/plugins/fr.ac6.mcu.externaltools.arm-none.linux64_1.15.0.201708311556/tools/compiler/bin/../lib/gcc/arm-none-eabi/6.3.1/../../../../arm-none-eabi/lib/thumb/v7-m/libc_nano.a(lib_a-malloc.o)
                              Src/lista.o (malloc)
/home/gorian/.p2/pool/plugins/fr.ac6.mcu.externaltools.arm-none.linux64_1.15.0.201708311556/tools/compiler/bin/../lib/gcc/arm-none-eabi/6.3.1/../../../../arm-none-eabi/lib/thumb/v7-m/libc_nano.a(lib_a-memset.o)
                              /home/gorian/.p2/pool/plugins/fr.ac6.mcu.externaltools.arm-none.linux64_1.15.0.201708311556/tools/compiler/bin/../lib/gcc/arm-none-eabi/6.3.1/../../../../arm-none-eabi/lib/thumb/v7-m/crt0.o (memset)
/home/gorian/.p2/pool/plugins/fr.ac6.mcu.externaltools.arm-none.linux64_1.15.0.201708311556/tools/compiler/bin/../lib/gcc/arm-none-eabi/6.3.1/../../../../arm-none-eabi/lib/thumb/v7-m/libc_nano.a(lib_a-nano-freer.o)
                              /home/gorian/.p2/pool/plugins/fr.ac6.mcu.externaltools.arm-none.linux64_1.15.0.201708311556/tools/compiler/bin/../lib/gcc/arm-none-eabi/6.3.1/../../../../arm-none-eabi/lib/thumb/v7-m/libc_nano.a(lib_a-malloc.o) (_free_r)
/home/gorian/.p2/pool/plugins/fr.ac6.mcu.externaltools.arm-none.linux64_1.15.0.201708311556/tools/compiler/bin/../lib/gcc/arm-none-eabi/6.3.1/../../../../arm-none-eabi/lib/thumb/v7-m/libc_nano.a(lib_a-nano-mallocr.o)
                              /home/gorian/.p2/pool/plugins/fr.ac6.mcu.externaltools.arm-none.linux64_1.15.0.201708311556/tools/compiler/bin/../lib/gcc/arm-none-eabi/6.3.1/../../../../arm-none-eabi/lib/thumb/v7-m/libc_nano.a(lib_a-malloc.o) (_malloc_r)
/home/gorian/.p2/pool/plugins/fr.ac6.mcu.externaltools.arm-none.linux64_1.15.0.201708311556/tools/compiler/bin/../lib/gcc/arm-none-eabi/6.3.1/../../../../arm-none-eabi/lib/thumb/v7-m/libc_nano.a(lib_a-nano-vfprintf_float.o)
                              (_printf_float)
[...]
Memory Configuration

Name             Origin             Length             Attributes
RAM              0x0000000020000000 0x0000000000005000 xrw
FLASH            0x0000000008000000 0x0000000000020000 xr
*default*        0x0000000000000000 0xffffffffffffffff

Linker script and memory map

LOAD /home/gorian/.p2/pool/plugins/fr.ac6.mcu.externaltools.arm-none.linux64_1.15.0.201708311556/tools/compiler/bin/../lib/gcc/arm-none-eabi/6.3.1/thumb/v7-m/crti.o
LOAD /home/gorian/.p2/pool/plugins/fr.ac6.mcu.externaltools.arm-none.linux64_1.15.0.201708311556/tools/compiler/bin/../lib/gcc/arm-none-eabi/6.3.1/thumb/v7-m/crtbegin.o
LOAD /home/gorian/.p2/pool/plugins/fr.ac6.mcu.externaltools.arm-none.linux64_1.15.0.201708311556/tools/compiler/bin/../lib/gcc/arm-none-eabi/6.3.1/../../../../arm-none-eabi/lib/thumb/v7-m/crt0.o
LOAD Drivers/STM32F1xx_HAL_Driver/Src/stm32f1xx_hal.o
LOAD Drivers/STM32F1xx_HAL_Driver/Src/stm32f1xx_hal_cortex.o
LOAD Drivers/STM32F1xx_HAL_Driver/Src/stm32f1xx_hal_dma.o
LOAD Drivers/STM32F1xx_HAL_Driver/Src/stm32f1xx_hal_flash.o
LOAD Drivers/STM32F1xx_HAL_Driver/Src/stm32f1xx_hal_flash_ex.o
LOAD Drivers/STM32F1xx_HAL_Driver/Src/stm32f1xx_hal_gpio.o
LOAD Drivers/STM32F1xx_HAL_Driver/Src/stm32f1xx_hal_gpio_ex.o
LOAD Drivers/STM32F1xx_HAL_Driver/Src/stm32f1xx_hal_pcd.o
LOAD Drivers/STM32F1xx_HAL_Driver/Src/stm32f1xx_hal_pcd_ex.o
LOAD Drivers/STM32F1xx_HAL_Driver/Src/stm32f1xx_hal_pwr.o
LOAD Drivers/STM32F1xx_HAL_Driver/Src/stm32f1xx_hal_rcc.o
LOAD Drivers/STM32F1xx_HAL_Driver/Src/stm32f1xx_hal_rcc_ex.o
LOAD Drivers/STM32F1xx_HAL_Driver/Src/stm32f1xx_hal_rtc.o
LOAD Drivers/STM32F1xx_HAL_Driver/Src/stm32f1xx_hal_rtc_ex.o
LOAD Drivers/STM32F1xx_HAL_Driver/Src/stm32f1xx_hal_tim.o
LOAD Drivers/STM32F1xx_HAL_Driver/Src/stm32f1xx_hal_tim_ex.o
LOAD Drivers/STM32F1xx_HAL_Driver/Src/stm32f1xx_hal_uart.o
LOAD Drivers/STM32F1xx_HAL_Driver/Src/stm32f1xx_ll_usb.o
LOAD Src/init.o
LOAD Src/lista.o
LOAD Src/main.o
LOAD Src/process.o
LOAD Src/screen1.o
LOAD Src/screen10.o
LOAD Src/screen11.o
LOAD Src/screen12.o
LOAD Src/screen13.o
LOAD Src/screen15.o
LOAD Src/screen3.o
LOAD Src/screen4.o
LOAD Src/screen6.o
LOAD Src/screen6_1.o
LOAD Src/screen7.o
LOAD Src/screen8.o
LOAD Src/screen9.o
LOAD Src/stm32f1xx_hal_msp.o
LOAD Src/stm32f1xx_it.o
LOAD Src/system_stm32f1xx.o
LOAD startup/startup_stm32f103xb.o
LOAD /home/gorian/.p2/pool/plugins/fr.ac6.mcu.externaltools.arm-none.linux64_1.15.0.201708311556/tools/compiler/bin/../lib/gcc/arm-none-eabi/6.3.1/../../../../arm-none-eabi/lib/thumb/v7-m/libm.a
START GROUP
LOAD /home/gorian/.p2/pool/plugins/fr.ac6.mcu.externaltools.arm-none.linux64_1.15.0.201708311556/tools/compiler/bin/../lib/gcc/arm-none-eabi/6.3.1/thumb/v7-m/libgcc.a
LOAD /home/gorian/.p2/pool/plugins/fr.ac6.mcu.externaltools.arm-none.linux64_1.15.0.201708311556/tools/compiler/bin/../lib/gcc/arm-none-eabi/6.3.1/../../../../arm-none-eabi/lib/thumb/v7-m/libc_nano.a
END GROUP
START GROUP
LOAD /home/gorian/.p2/pool/plugins/fr.ac6.mcu.externaltools.arm-none.linux64_1.15.0.201708311556/tools/compiler/bin/../lib/gcc/arm-none-eabi/6.3.1/thumb/v7-m/libgcc.a
LOAD /home/gorian/.p2/pool/plugins/fr.ac6.mcu.externaltools.arm-none.linux64_1.15.0.201708311556/tools/compiler/bin/../lib/gcc/arm-none-eabi/6.3.1/../../../../arm-none-eabi/lib/thumb/v7-m/libc_nano.a
LOAD /home/gorian/.p2/pool/plugins/fr.ac6.mcu.externaltools.arm-none.linux64_1.15.0.201708311556/tools/compiler/bin/../lib/gcc/arm-none-eabi/6.3.1/../../../../arm-none-eabi/lib/thumb/v7-m/libnosys.a
END GROUP
START GROUP
LOAD /home/gorian/.p2/pool/plugins/fr.ac6.mcu.externaltools.arm-none.linux64_1.15.0.201708311556/tools/compiler/bin/../lib/gcc/arm-none-eabi/6.3.1/thumb/v7-m/libgcc.a
LOAD /home/gorian/.p2/pool/plugins/fr.ac6.mcu.externaltools.arm-none.linux64_1.15.0.201708311556/tools/compiler/bin/../lib/gcc/arm-none-eabi/6.3.1/../../../../arm-none-eabi/lib/thumb/v7-m/libc_nano.a
LOAD /home/gorian/.p2/pool/plugins/fr.ac6.mcu.externaltools.arm-none.linux64_1.15.0.201708311556/tools/compiler/bin/../lib/gcc/arm-none-eabi/6.3.1/../../../../arm-none-eabi/lib/thumb/v7-m/libnosys.a
END GROUP
LOAD /home/gorian/.p2/pool/plugins/fr.ac6.mcu.externaltools.arm-none.linux64_1.15.0.201708311556/tools/compiler/bin/../lib/gcc/arm-none-eabi/6.3.1/thumb/v7-m/crtend.o
LOAD /home/gorian/.p2/pool/plugins/fr.ac6.mcu.externaltools.arm-none.linux64_1.15.0.201708311556/tools/compiler/bin/../lib/gcc/arm-none-eabi/6.3.1/thumb/v7-m/crtn.o
                0x0000000020005000                _estack = 0x20005000
                0x0000000000000200                _Min_Heap_Size = 0x200
                0x0000000000000400                _Min_Stack_Size = 0x400

.isr_vector     0x0000000008000000      0x10c
                0x0000000008000000                . = ALIGN (0x4)
 *(.isr_vector)
 .isr_vector    0x0000000008000000      0x10c startup/startup_stm32f103xb.o
                0x0000000008000000                g_pfnVectors
                0x000000000800010c                . = ALIGN (0x4)

.text           0x0000000008000110     0xeb5c
                0x0000000008000110                . = ALIGN (0x4)
 *(.text)
 .text          0x0000000008000110       0x6c /home/gorian/.p2/pool/plugins/fr.ac6.mcu.externaltools.arm-none.linux64_1.15.0.201708311556/tools/compiler/bin/../lib/gcc/arm-none-eabi/6.3.1/thumb/v7-m/crtbegin.o
 .text          0x000000000800017c      0x370 /home/gorian/.p2/pool/plugins/fr.ac6.mcu.externaltools.arm-none.linux64_1.15.0.201708311556/tools/compiler/bin/../lib/gcc/arm-none-eabi/6.3.1/thumb/v7-m/libgcc.a(_arm_addsubdf3.o)
                0x000000000800017c                __aeabi_drsub
                0x0000000008000184                __aeabi_dsub
                0x0000000008000184                __subdf3
                0x0000000008000188                __adddf3
                0x0000000008000188                __aeabi_dadd
                0x0000000008000400                __aeabi_ui2d
                0x0000000008000400                __floatunsidf
                0x0000000008000420                __floatsidf
                0x0000000008000420                __aeabi_i2d
                0x0000000008000444                __extendsfdf2
                0x0000000008000444                __aeabi_f2d
                0x0000000008000480                __aeabi_ul2d
                0x0000000008000480                __floatundidf
                0x0000000008000490                __floatdidf
                0x0000000008000490                __aeabi_l2d
 .text          0x00000000080004ec      0x424 /home/gorian/.p2/pool/plugins/fr.ac6.mcu.externaltools.arm-none.linux64_1.15.0.201708311556/tools/compiler/bin/../lib/gcc/arm-none-eabi/6.3.1/thumb/v7-m/libgcc.a(_arm_muldivdf3.o)
                0x00000000080004ec                __aeabi_dmul
                0x00000000080004ec                __muldf3
                0x0000000008000740                __aeabi_ddiv
                0x0000000008000740                __divdf3
 .text          0x0000000008000910      0x110 /home/gorian/.p2/pool/plugins/fr.ac6.mcu.externaltools.arm-none.linux64_1.15.0.201708311556/tools/compiler/bin/../lib/gcc/arm-none-eabi/6.3.1/thumb/v7-m/libgcc.a(_arm_cmpdf2.o)
                0x0000000008000910                __gtdf2
                0x0000000008000910                __gedf2
                0x0000000008000918                __ltdf2
                0x0000000008000918                __ledf2
                0x0000000008000920                __cmpdf2
                0x0000000008000920                __eqdf2
                0x0000000008000920                __nedf2
                0x000000000800099c                __aeabi_cdrcmple
                0x00000000080009ac                __aeabi_cdcmple
                0x00000000080009ac                __aeabi_cdcmpeq
                0x00000000080009bc                __aeabi_dcmpeq
                0x00000000080009d0                __aeabi_dcmplt
                0x00000000080009e4                __aeabi_dcmple
                0x00000000080009f8                __aeabi_dcmpge
                0x0000000008000a0c                __aeabi_dcmpgt
 .text          0x0000000008000a20       0x50 /home/gorian/.p2/pool/plugins/fr.ac6.mcu.externaltools.arm-none.linux64_1.15.0.201708311556/tools/compiler/bin/../lib/gcc/arm-none-eabi/6.3.1/thumb/v7-m/libgcc.a(_arm_fixdfsi.o)
                0x0000000008000a20                __fixdfsi
                0x0000000008000a20                __aeabi_d2iz
 .text          0x0000000008000a70       0x10 /home/gorian/.p2/pool/plugins/fr.ac6.mcu.externaltools.arm-none.linux64_1.15.0.201708311556/tools/compiler/bin/../lib/gcc/arm-none-eabi/6.3.1/../../../../arm-none-eabi/lib/thumb/v7-m/libc_nano.a(lib_a-strlen.o)
                0x0000000008000a70                strlen
 .text          0x0000000008000a80       0x2c /home/gorian/.p2/pool/plugins/fr.ac6.mcu.externaltools.arm-none.linux64_1.15.0.201708311556/tools/compiler/bin/../lib/gcc/arm-none-eabi/6.3.1/thumb/v7-m/libgcc.a(_arm_unorddf2.o)
                0x0000000008000a80                __aeabi_dcmpun
                0x0000000008000a80                __unorddf2
 .text          0x0000000008000aac       0x40 /home/gorian/.p2/pool/plugins/fr.ac6.mcu.externaltools.arm-none.linux64_1.15.0.201708311556/tools/compiler/bin/../lib/gcc/arm-none-eabi/6.3.1/thumb/v7-m/libgcc.a(_arm_fixunsdfsi.o)
                0x0000000008000aac                __fixunsdfsi
                0x0000000008000aac                __aeabi_d2uiz
 *(.text*)
 .text.HAL_InitTick
                0x0000000008000aec       0x48 Drivers/STM32F1xx_HAL_Driver/Src/stm32f1xx_hal.o
                0x0000000008000aec                HAL_InitTick
 .text.HAL_Init
                0x0000000008000b34       0x24 Drivers/STM32F1xx_HAL_Driver/Src/stm32f1xx_hal.o
                0x0000000008000b34                HAL_Init
 .text.HAL_IncTick
                0x0000000008000b58       0x18 Drivers/STM32F1xx_HAL_Driver/Src/stm32f1xx_hal.o
                0x0000000008000b58                HAL_IncTick
 .text.HAL_GetTick
                0x0000000008000b70        0xc Drivers/STM32F1xx_HAL_Driver/Src/stm32f1xx_hal.o
                0x0000000008000b70                HAL_GetTick
 .text.HAL_Delay
                0x0000000008000b7c       0x28 Drivers/STM32F1xx_HAL_Driver/Src/stm32f1xx_hal.o
                0x0000000008000b7c                HAL_Delay
 .text.HAL_NVIC_SetPriorityGrouping
                0x0000000008000ba4       0x24 Drivers/STM32F1xx_HAL_Driver/Src/stm32f1xx_hal_cortex.o
                0x0000000008000ba4                HAL_NVIC_SetPriorityGrouping
 .text.HAL_NVIC_SetPriority
                0x0000000008000bc8       0x64 Drivers/STM32F1xx_HAL_Driver/Src/stm32f1xx_hal_cortex.o
                0x0000000008000bc8                HAL_NVIC_SetPriority
 .text.HAL_NVIC_EnableIRQ
                0x0000000008000c2c       0x18 Drivers/STM32F1xx_HAL_Driver/Src/stm32f1xx_hal_cortex.o
                0x0000000008000c2c                HAL_NVIC_EnableIRQ
 .text.HAL_SYSTICK_Config
                0x0000000008000c44       0x2c Drivers/STM32F1xx_HAL_Driver/Src/stm32f1xx_hal_cortex.o
                0x0000000008000c44                HAL_SYSTICK_Config
 .text.HAL_SYSTICK_CLKSourceConfig
                0x0000000008000c70       0x20 Drivers/STM32F1xx_HAL_Driver/Src/stm32f1xx_hal_cortex.o
                0x0000000008000c70                HAL_SYSTICK_CLKSourceConfig
 .text.HAL_SYSTICK_Callback
                0x0000000008000c90        0x2 Drivers/STM32F1xx_HAL_Driver/Src/stm32f1xx_hal_cortex.o
                0x0000000008000c90                HAL_SYSTICK_Callback
 .text.HAL_SYSTICK_IRQHandler
                0x0000000008000c92        0x8 Drivers/STM32F1xx_HAL_Driver/Src/stm32f1xx_hal_cortex.o
                0x0000000008000c92                HAL_SYSTICK_IRQHandler
 *fill*         0x0000000008000c9a        0x2 
 .text.HAL_DMA_Abort_IT
                0x0000000008000c9c       0x98 Drivers/STM32F1xx_HAL_Driver/Src/stm32f1xx_hal_dma.o
                0x0000000008000c9c                HAL_DMA_Abort_IT
 .text.HAL_GPIO_Init
                0x0000000008000d34      0x1ec Drivers/STM32F1xx_HAL_Driver/Src/stm32f1xx_hal_gpio.o
                0x0000000008000d34                HAL_GPIO_Init
 .text.HAL_GPIO_ReadPin
                0x0000000008000f20        0xe Drivers/STM32F1xx_HAL_Driver/Src/stm32f1xx_hal_gpio.o
                0x0000000008000f20                HAL_GPIO_ReadPin
 .text.HAL_GPIO_WritePin
                0x0000000008000f2e        0xc Drivers/STM32F1xx_HAL_Driver/Src/stm32f1xx_hal_gpio.o
                0x0000000008000f2e                HAL_GPIO_WritePin
 .text.HAL_GPIO_TogglePin
                0x0000000008000f3a        0x8 Drivers/STM32F1xx_HAL_Driver/Src/stm32f1xx_hal_gpio.o
                0x0000000008000f3a                HAL_GPIO_TogglePin
 *fill*         0x0000000008000f42        0x2 
 .text.HAL_GPIO_EXTI_IRQHandler
                0x0000000008000f44       0x1c Drivers/STM32F1xx_HAL_Driver/Src/stm32f1xx_hal_gpio.o
                0x0000000008000f44                HAL_GPIO_EXTI_IRQHandler
 .text.HAL_PCD_Init
                0x0000000008000f60       0xd6 Drivers/STM32F1xx_HAL_Driver/Src/stm32f1xx_hal_pcd.o
                0x0000000008000f60                HAL_PCD_Init
 *fill*         0x0000000008001036        0x2 
 .text.HAL_PWR_EnableBkUpAccess
                0x0000000008001038        0xc Drivers/STM32F1xx_HAL_Driver/Src/stm32f1xx_hal_pwr.o
                0x0000000008001038                HAL_PWR_EnableBkUpAccess
 .text.RCC_Delay
                0x0000000008001044       0x2c Drivers/STM32F1xx_HAL_Driver/Src/stm32f1xx_hal_rcc.o
 .text.HAL_RCC_OscConfig
                0x0000000008001070      0x3e0 Drivers/STM32F1xx_HAL_Driver/Src/stm32f1xx_hal_rcc.o
                0x0000000008001070                HAL_RCC_OscConfig
 .text.HAL_RCC_GetSysClockFreq
                0x0000000008001450       0x6c Drivers/STM32F1xx_HAL_Driver/Src/stm32f1xx_hal_rcc.o
                0x0000000008001450                HAL_RCC_GetSysClockFreq
 .text.HAL_RCC_ClockConfig
                0x00000000080014bc      0x178 Drivers/STM32F1xx_HAL_Driver/Src/stm32f1xx_hal_rcc.o
                0x00000000080014bc                HAL_RCC_ClockConfig
 .text.HAL_RCC_GetHCLKFreq
                0x0000000008001634        0xc Drivers/STM32F1xx_HAL_Driver/Src/stm32f1xx_hal_rcc.o
                0x0000000008001634                HAL_RCC_GetHCLKFreq
 .text.HAL_RCC_GetPCLK1Freq
                0x0000000008001640       0x20 Drivers/STM32F1xx_HAL_Driver/Src/stm32f1xx_hal_rcc.o
                0x0000000008001640                HAL_RCC_GetPCLK1Freq
 .text.HAL_RCC_GetPCLK2Freq
                0x0000000008001660       0x20 Drivers/STM32F1xx_HAL_Driver/Src/stm32f1xx_hal_rcc.o
                0x0000000008001660                HAL_RCC_GetPCLK2Freq
 .text.HAL_RCCEx_PeriphCLKConfig
                0x0000000008001680      0x114 Drivers/STM32F1xx_HAL_Driver/Src/stm32f1xx_hal_rcc_ex.o
                0x0000000008001680                HAL_RCCEx_PeriphCLKConfig
 .text.HAL_RCCEx_GetPeriphCLKFreq
                0x0000000008001794       0xfc Drivers/STM32F1xx_HAL_Driver/Src/stm32f1xx_hal_rcc_ex.o
                0x0000000008001794                HAL_RCCEx_GetPeriphCLKFreq
 .text.RTC_ReadTimeCounter
                0x0000000008001890       0x26 Drivers/STM32F1xx_HAL_Driver/Src/stm32f1xx_hal_rtc.o
 .text.RTC_ReadAlarmCounter
                0x00000000080018b6        0xe Drivers/STM32F1xx_HAL_Driver/Src/stm32f1xx_hal_rtc.o
 .text.RTC_ByteToBcd2
                0x00000000080018c4       0x16 Drivers/STM32F1xx_HAL_Driver/Src/stm32f1xx_hal_rtc.o
 .text.RTC_Bcd2ToByte
                0x00000000080018da       0x12 Drivers/STM32F1xx_HAL_Driver/Src/stm32f1xx_hal_rtc.o
 .text.RTC_IsLeapYear
                0x00000000080018ec       0x40 Drivers/STM32F1xx_HAL_Driver/Src/stm32f1xx_hal_rtc.o
 .text.RTC_WeekDayNum
                0x000000000800192c       0x9c Drivers/STM32F1xx_HAL_Driver/Src/stm32f1xx_hal_rtc.o
 .text.RTC_DateUpdate
                0x00000000080019c8       0xba Drivers/STM32F1xx_HAL_Driver/Src/stm32f1xx_hal_rtc.o
 .text.RTC_EnterInitMode
                0x0000000008001a82       0x30 Drivers/STM32F1xx_HAL_Driver/Src/stm32f1xx_hal_rtc.o
 .text.RTC_ExitInitMode
                0x0000000008001ab2       0x32 Drivers/STM32F1xx_HAL_Driver/Src/stm32f1xx_hal_rtc.o
 .text.RTC_WriteTimeCounter
                0x0000000008001ae4       0x2e Drivers/STM32F1xx_HAL_Driver/Src/stm32f1xx_hal_rtc.o
 .text.RTC_WriteAlarmCounter
                0x0000000008001b12       0x2e Drivers/STM32F1xx_HAL_Driver/Src/stm32f1xx_hal_rtc.o
 .text.HAL_RTC_SetTime
                0x0000000008001b40       0xc2 Drivers/STM32F1xx_HAL_Driver/Src/stm32f1xx_hal_rtc.o
                0x0000000008001b40                HAL_RTC_SetTime
 *fill*         0x0000000008001c02        0x2 
 .text.HAL_RTC_GetTime
                0x0000000008001c04      0x124 Drivers/STM32F1xx_HAL_Driver/Src/stm32f1xx_hal_rtc.o
                0x0000000008001c04                HAL_RTC_GetTime
 .text.HAL_RTC_SetDate
                0x0000000008001d28       0xd8 Drivers/STM32F1xx_HAL_Driver/Src/stm32f1xx_hal_rtc.o
                0x0000000008001d28                HAL_RTC_SetDate
 .text.HAL_RTC_GetDate
                0x0000000008001e00       0x66 Drivers/STM32F1xx_HAL_Driver/Src/stm32f1xx_hal_rtc.o
                0x0000000008001e00                HAL_RTC_GetDate
 .text.HAL_RTC_WaitForSynchro
                0x0000000008001e66       0x38 Drivers/STM32F1xx_HAL_Driver/Src/stm32f1xx_hal_rtc.o
                0x0000000008001e66                HAL_RTC_WaitForSynchro
 *fill*         0x0000000008001e9e        0x2 
 .text.HAL_RTC_Init
                0x0000000008001ea0       0xc4 Drivers/STM32F1xx_HAL_Driver/Src/stm32f1xx_hal_rtc.o
                0x0000000008001ea0                HAL_RTC_Init
 .text.HAL_RTCEx_RTCEventCallback
                0x0000000008001f64        0x2 Drivers/STM32F1xx_HAL_Driver/Src/stm32f1xx_hal_rtc_ex.o
                0x0000000008001f64                HAL_RTCEx_RTCEventCallback
 .text.HAL_RTCEx_RTCEventErrorCallback
                0x0000000008001f66        0x2 Drivers/STM32F1xx_HAL_Driver/Src/stm32f1xx_hal_rtc_ex.o
                0x0000000008001f66                HAL_RTCEx_RTCEventErrorCallback
 .text.HAL_RTCEx_RTCIRQHandler
                0x0000000008001f68       0x44 Drivers/STM32F1xx_HAL_Driver/Src/stm32f1xx_hal_rtc_ex.o
                0x0000000008001f68                HAL_RTCEx_RTCIRQHandler
 .text.HAL_RTCEx_BKUPWrite
                0x0000000008001fac       0x10 Drivers/STM32F1xx_HAL_Driver/Src/stm32f1xx_hal_rtc_ex.o
                0x0000000008001fac                HAL_RTCEx_BKUPWrite
 .text.HAL_RTCEx_BKUPRead
                0x0000000008001fbc       0x10 Drivers/STM32F1xx_HAL_Driver/Src/stm32f1xx_hal_rtc_ex.o
                0x0000000008001fbc                HAL_RTCEx_BKUPRead
 .text.HAL_TIM_Base_MspInit
                0x0000000008001fcc        0x2 Drivers/STM32F1xx_HAL_Driver/Src/stm32f1xx_hal_tim.o
                0x0000000008001fcc                HAL_TIM_Base_MspInit
 .text.HAL_TIM_Base_Start_IT
                0x0000000008001fce       0x18 Drivers/STM32F1xx_HAL_Driver/Src/stm32f1xx_hal_tim.o
                0x0000000008001fce                HAL_TIM_Base_Start_IT
 .text.HAL_TIM_OC_DelayElapsedCallback
                0x0000000008001fe6        0x2 Drivers/STM32F1xx_HAL_Driver/Src/stm32f1xx_hal_tim.o
                0x0000000008001fe6                HAL_TIM_OC_DelayElapsedCallback
 .text.HAL_TIM_IC_CaptureCallback
                0x0000000008001fe8        0x2 Drivers/STM32F1xx_HAL_Driver/Src/stm32f1xx_hal_tim.o
                0x0000000008001fe8                HAL_TIM_IC_CaptureCallback
 .text.HAL_TIM_PWM_PulseFinishedCallback
                0x0000000008001fea        0x2 Drivers/STM32F1xx_HAL_Driver/Src/stm32f1xx_hal_tim.o
                0x0000000008001fea                HAL_TIM_PWM_PulseFinishedCallback
 .text.HAL_TIM_TriggerCallback
                0x0000000008001fec        0x2 Drivers/STM32F1xx_HAL_Driver/Src/stm32f1xx_hal_tim.o
                0x0000000008001fec                HAL_TIM_TriggerCallback
 .text.HAL_TIM_IRQHandler
                0x0000000008001fee      0x17a Drivers/STM32F1xx_HAL_Driver/Src/stm32f1xx_hal_tim.o
                0x0000000008001fee                HAL_TIM_IRQHandler
 .text.TIM_Base_SetConfig
                0x0000000008002168       0x78 Drivers/STM32F1xx_HAL_Driver/Src/stm32f1xx_hal_tim.o
                0x0000000008002168                TIM_Base_SetConfig
 .text.HAL_TIM_Base_Init
                0x00000000080021e0       0x32 Drivers/STM32F1xx_HAL_Driver/Src/stm32f1xx_hal_tim.o
                0x00000000080021e0                HAL_TIM_Base_Init
 .text.HAL_TIM_OnePulse_Init
                0x0000000008002212       0x46 Drivers/STM32F1xx_HAL_Driver/Src/stm32f1xx_hal_tim.o
                0x0000000008002212                HAL_TIM_OnePulse_Init
 .text.HAL_TIMEx_CommutationCallback
                0x0000000008002258        0x2 Drivers/STM32F1xx_HAL_Driver/Src/stm32f1xx_hal_tim_ex.o
                0x0000000008002258                HAL_TIMEx_CommutationCallback
 .text.HAL_TIMEx_BreakCallback
                0x000000000800225a        0x2 Drivers/STM32F1xx_HAL_Driver/Src/stm32f1xx_hal_tim_ex.o
                0x000000000800225a                HAL_TIMEx_BreakCallback
 .text.UART_EndRxTransfer
                0x000000000800225c       0x1c Drivers/STM32F1xx_HAL_Driver/Src/stm32f1xx_hal_uart.o
 .text.UART_Transmit_IT
                0x0000000008002278       0x6a Drivers/STM32F1xx_HAL_Driver/Src/stm32f1xx_hal_uart.o
 *fill*         0x00000000080022e2        0x2 
 .text.UART_SetConfig
                0x00000000080022e4      0x1b0 Drivers/STM32F1xx_HAL_Driver/Src/stm32f1xx_hal_uart.o
 .text.UART_WaitOnFlagUntilTimeout
                0x0000000008002494       0x64 Drivers/STM32F1xx_HAL_Driver/Src/stm32f1xx_hal_uart.o
 .text.HAL_UART_Init
                0x00000000080024f8       0x5e Drivers/STM32F1xx_HAL_Driver/Src/stm32f1xx_hal_uart.o
                0x00000000080024f8                HAL_UART_Init
 .text.HAL_UART_Transmit
                0x0000000008002556       0xe2 Drivers/STM32F1xx_HAL_Driver/Src/stm32f1xx_hal_uart.o
                0x0000000008002556                HAL_UART_Transmit
 .text.HAL_UART_Transmit_IT
                0x0000000008002638       0x48 Drivers/STM32F1xx_HAL_Driver/Src/stm32f1xx_hal_uart.o
                0x0000000008002638                HAL_UART_Transmit_IT
 .text.HAL_UART_Receive_IT
                0x0000000008002680       0x5c Drivers/STM32F1xx_HAL_Driver/Src/stm32f1xx_hal_uart.o
                0x0000000008002680                HAL_UART_Receive_IT
 .text.UART_EndTransmit_IT
                0x00000000080026dc       0x1a Drivers/STM32F1xx_HAL_Driver/Src/stm32f1xx_hal_uart.o
 .text.UART_Receive_IT
                0x00000000080026f6       0x9e Drivers/STM32F1xx_HAL_Driver/Src/stm32f1xx_hal_uart.o
 .text.HAL_UART_ErrorCallback
                0x0000000008002794        0x2 Drivers/STM32F1xx_HAL_Driver/Src/stm32f1xx_hal_uart.o
                0x0000000008002794                HAL_UART_ErrorCallback
 *fill*         0x0000000008002796        0x2 
 .text.HAL_UART_IRQHandler
                0x0000000008002798      0x120 Drivers/STM32F1xx_HAL_Driver/Src/stm32f1xx_hal_uart.o
                0x0000000008002798                HAL_UART_IRQHandler
 .text.UART_DMAAbortOnError
                0x00000000080028b8       0x10 Drivers/STM32F1xx_HAL_Driver/Src/stm32f1xx_hal_uart.o
 .text.USB_CoreInit
                0x00000000080028c8        0xe Drivers/STM32F1xx_HAL_Driver/Src/stm32f1xx_ll_usb.o
                0x00000000080028c8                USB_CoreInit
 .text.USB_EnableGlobalInt
                0x00000000080028d6       0x12 Drivers/STM32F1xx_HAL_Driver/Src/stm32f1xx_ll_usb.o
                0x00000000080028d6                USB_EnableGlobalInt
 .text.USB_DisableGlobalInt
                0x00000000080028e8       0x14 Drivers/STM32F1xx_HAL_Driver/Src/stm32f1xx_ll_usb.o
                0x00000000080028e8                USB_DisableGlobalInt
 .text.USB_SetCurrentMode
                0x00000000080028fc        0x4 Drivers/STM32F1xx_HAL_Driver/Src/stm32f1xx_ll_usb.o
                0x00000000080028fc                USB_SetCurrentMode
 .text.USB_DevInit
                0x0000000008002900       0x2c Drivers/STM32F1xx_HAL_Driver/Src/stm32f1xx_ll_usb.o
                0x0000000008002900                USB_DevInit
 .text.USB_DevDisconnect
                0x000000000800292c        0x4 Drivers/STM32F1xx_HAL_Driver/Src/stm32f1xx_ll_usb.o
                0x000000000800292c                USB_DevDisconnect
 .text.wlaczanie
                0x0000000008002930       0x88 Src/init.o
                0x0000000008002930                wlaczanie
 .text.bazowanie
                0x00000000080029b8       0xf8 Src/init.o
                0x00000000080029b8                bazowanie
 .text.wstawPocz
                0x0000000008002ab0       0x5c Src/lista.o
                0x0000000008002ab0                wstawPocz
 .text.wstaw    0x0000000008002b0c       0x9c Src/lista.o
                0x0000000008002b0c                wstaw
 .text.usun     0x0000000008002ba8       0x3a Src/lista.o
                0x0000000008002ba8                usun
 .text.zwroc    0x0000000008002be2       0x62 Src/lista.o
                0x0000000008002be2                zwroc
 .text.ilosc_wezlow
                0x0000000008002c44       0x12 Src/lista.o
                0x0000000008002c44                ilosc_wezlow
 *fill*         0x0000000008002c56        0x2 
 .text.wypisz   0x0000000008002c58       0xe0 Src/lista.o
                0x0000000008002c58                wypisz
 .text.MX_GPIO_Init
                0x0000000008002d38      0x118 Src/main.o
 .text.HAL_GPIO_EXTI_Callback
                0x0000000008002e50       0xd4 Src/main.o
                0x0000000008002e50                HAL_GPIO_EXTI_Callback
 .text.HAL_UART_TxCpltCallback
                0x0000000008002f24        0xc Src/main.o
                0x0000000008002f24                HAL_UART_TxCpltCallback
 .text.HAL_UART_RxCpltCallback
                0x0000000008002f30      0x378 Src/main.o
                0x0000000008002f30                HAL_UART_RxCpltCallback
 .text.HAL_TIM_PeriodElapsedCallback
                0x00000000080032a8      0x2c8 Src/main.o
                0x00000000080032a8                HAL_TIM_PeriodElapsedCallback
 .text._Error_Handler
                0x0000000008003570        0x2 Src/main.o
                0x0000000008003570                _Error_Handler
 *fill*         0x0000000008003572        0x2 
 .text.MX_RTC_Init
                0x0000000008003574       0xa8 Src/main.o
 .text.MX_USART2_UART_Init
                0x000000000800361c       0x3c Src/main.o
 .text.MX_USB_PCD_Init
                0x0000000008003658       0x3c Src/main.o
 .text.MX_USART1_UART_Init
                0x0000000008003694       0x3c Src/main.o
 .text.MX_TIM1_Init
                0x00000000080036d0       0x3c Src/main.o
 .text.MX_TIM3_Init
                0x000000000800370c       0x38 Src/main.o
 .text.MX_TIM4_Init
                0x0000000008003744       0x38 Src/main.o
 .text.SystemClock_Config
                0x000000000800377c       0xac Src/main.o
                0x000000000800377c                SystemClock_Config
 .text.main     0x0000000008003828      0x240 Src/main.o
                0x0000000008003828                main
 .text.process_mm2i
                0x0000000008003a68       0x18 Src/process.o
                0x0000000008003a68                process_mm2i
 .text.process_steppers_EN
                0x0000000008003a80       0x38 Src/process.o
                0x0000000008003a80                process_steppers_EN
 .text.process_steppers_CW
                0x0000000008003ab8       0x4c Src/process.o
                0x0000000008003ab8                process_steppers_CW
 .text.process_run
                0x0000000008003b04      0x5d0 Src/process.o
                0x0000000008003b04                process_run
 .text.process_cut
                0x00000000080040d4       0x94 Src/process.o
                0x00000000080040d4                process_cut
 .text.screen1_init
                0x0000000008004168      0x2f4 Src/screen1.o
                0x0000000008004168                screen1_init
 .text.screen1_button
                0x000000000800445c      0x424 Src/screen1.o
                0x000000000800445c                screen1_button
 .text.screen1_program_update
                0x0000000008004880      0x360 Src/screen1.o
                0x0000000008004880                screen1_program_update
 .text.screen1_action
                0x0000000008004be0      0x204 Src/screen1.o
                0x0000000008004be0                screen1_action
 .text.screen10_init
                0x0000000008004de4      0x17c Src/screen10.o
                0x0000000008004de4                screen10_init
 .text.screen10_button
                0x0000000008004f60      0x47c Src/screen10.o
                0x0000000008004f60                screen10_button
 .text.screen10_value_update
                0x00000000080053dc      0x480 Src/screen10.o
                0x00000000080053dc                screen10_value_update
 .text.screen10_action
                0x000000000800585c      0x5c4 Src/screen10.o
                0x000000000800585c                screen10_action
 .text.screen11_init
                0x0000000008005e20      0x2f0 Src/screen11.o
                0x0000000008005e20                screen11_init
 .text.screen11_button
                0x0000000008006110      0x480 Src/screen11.o
                0x0000000008006110                screen11_button
 .text.screen11_value_update
                0x0000000008006590      0x3ec Src/screen11.o
                0x0000000008006590                screen11_value_update
 *fill*         0x000000000800697c        0x4 
 .text.screen11_action
                0x0000000008006980      0x4e0 Src/screen11.o
                0x0000000008006980                screen11_action
 .text.screen12_button
                0x0000000008006e60       0xd8 Src/screen12.o
                0x0000000008006e60                screen12_button
 .text.screen12_AWG_struct_fill
                0x0000000008006f38      0x414 Src/screen12.o
                0x0000000008006f38                screen12_AWG_struct_fill
 .text.screen12_AWG_table
                0x000000000800734c      0x5f0 Src/screen12.o
                0x000000000800734c                screen12_AWG_table
 .text.screen12_init
                0x000000000800793c       0x78 Src/screen12.o
                0x000000000800793c                screen12_init
 .text.screen12_action
                0x00000000080079b4       0x38 Src/screen12.o
                0x00000000080079b4                screen12_action
 .text.screen13_init
                0x00000000080079ec       0x6c Src/screen13.o
                0x00000000080079ec                screen13_init
 .text.screen13_button
                0x0000000008007a58       0x68 Src/screen13.o
                0x0000000008007a58                screen13_button
 .text.screen13_action
                0x0000000008007ac0       0x1c Src/screen13.o
                0x0000000008007ac0                screen13_action
 .text.screen15_init
                0x0000000008007adc       0x8c Src/screen15.o
                0x0000000008007adc                screen15_init
 .text.screen15_button
                0x0000000008007b68       0xa8 Src/screen15.o
                0x0000000008007b68                screen15_button
 .text.screen15_action
                0x0000000008007c10       0x74 Src/screen15.o
                0x0000000008007c10                screen15_action
 .text.screen3_button
                0x0000000008007c84      0x474 Src/screen3.o
                0x0000000008007c84                screen3_button
 .text.screen3_table
                0x00000000080080f8      0x1d0 Src/screen3.o
                0x00000000080080f8                screen3_table
 .text.screen3_init
                0x00000000080082c8       0xf0 Src/screen3.o
                0x00000000080082c8                screen3_init
 .text.screen3_action
                0x00000000080083b8       0x38 Src/screen3.o
                0x00000000080083b8                screen3_action
 .text.screen4_init
                0x00000000080083f0      0x26c Src/screen4.o
                0x00000000080083f0                screen4_init
 .text.screen4_button
                0x000000000800865c      0x698 Src/screen4.o
                0x000000000800865c                screen4_button
 .text.screen4_value_update
                0x0000000008008cf4      0xa54 Src/screen4.o
                0x0000000008008cf4                screen4_value_update
 .text.screen4_plus_minus
                0x0000000008009748      0x598 Src/screen4.o
                0x0000000008009748                screen4_plus_minus
 .text.screen4_save
                0x0000000008009ce0      0x354 Src/screen4.o
                0x0000000008009ce0                screen4_save
 .text.screen4_action
                0x000000000800a034      0x780 Src/screen4.o
                0x000000000800a034                screen4_action
 .text.screen6_init
                0x000000000800a7b4      0x37c Src/screen6.o
                0x000000000800a7b4                screen6_init
 .text.screen6_button
                0x000000000800ab30       0x5c Src/screen6.o
                0x000000000800ab30                screen6_button
 .text.screen6_action
                0x000000000800ab8c       0x24 Src/screen6.o
                0x000000000800ab8c                screen6_action
 .text.screen6_1_init
                0x000000000800abb0      0x1b0 Src/screen6_1.o
                0x000000000800abb0                screen6_1_init
 .text.screen6_1_button
                0x000000000800ad60       0x68 Src/screen6_1.o
                0x000000000800ad60                screen6_1_button
 .text.screen6_1_action
                0x000000000800adc8       0x1c Src/screen6_1.o
                0x000000000800adc8                screen6_1_action
 .text.screen7_init
                0x000000000800ade4       0x8c Src/screen7.o
                0x000000000800ade4                screen7_init
 .text.screen7_button
                0x000000000800ae70       0x68 Src/screen7.o
                0x000000000800ae70                screen7_button
 .text.screen7_action
                0x000000000800aed8       0x1c Src/screen7.o
                0x000000000800aed8                screen7_action
 .text.screen8_init
                0x000000000800aef4       0x8c Src/screen8.o
                0x000000000800aef4                screen8_init
 .text.screen8_button
                0x000000000800af80       0x68 Src/screen8.o
                0x000000000800af80                screen8_button
 .text.screen8_action
                0x000000000800afe8       0x1c Src/screen8.o
                0x000000000800afe8                screen8_action
 .text.screen9_init
                0x000000000800b004       0x98 Src/screen9.o
                0x000000000800b004                screen9_init
 .text.screen9_button
                0x000000000800b09c       0x68 Src/screen9.o
                0x000000000800b09c                screen9_button
 .text.screen9_action
                0x000000000800b104       0x1c Src/screen9.o
                0x000000000800b104                screen9_action
 .text.HAL_MspInit
                0x000000000800b120       0x90 Src/stm32f1xx_hal_msp.o
                0x000000000800b120                HAL_MspInit
 .text.HAL_RTC_MspInit
                0x000000000800b1b0       0x50 Src/stm32f1xx_hal_msp.o
                0x000000000800b1b0                HAL_RTC_MspInit
 .text.HAL_TIM_OnePulse_MspInit
                0x000000000800b200       0xa0 Src/stm32f1xx_hal_msp.o
                0x000000000800b200                HAL_TIM_OnePulse_MspInit
 .text.HAL_UART_MspInit
                0x000000000800b2a0       0xc8 Src/stm32f1xx_hal_msp.o
                0x000000000800b2a0                HAL_UART_MspInit
 .text.HAL_PCD_MspInit
                0x000000000800b368       0x2c Src/stm32f1xx_hal_msp.o
                0x000000000800b368                HAL_PCD_MspInit
 .text.NMI_Handler
                0x000000000800b394        0x2 Src/stm32f1xx_it.o
                0x000000000800b394                NMI_Handler
 .text.HardFault_Handler
                0x000000000800b396        0x2 Src/stm32f1xx_it.o
                0x000000000800b396                HardFault_Handler
 .text.MemManage_Handler
                0x000000000800b398        0x2 Src/stm32f1xx_it.o
                0x000000000800b398                MemManage_Handler
 .text.BusFault_Handler
                0x000000000800b39a        0x2 Src/stm32f1xx_it.o
                0x000000000800b39a                BusFault_Handler
 .text.UsageFault_Handler
                0x000000000800b39c        0x2 Src/stm32f1xx_it.o
                0x000000000800b39c                UsageFault_Handler
 .text.SVC_Handler
                0x000000000800b39e        0x2 Src/stm32f1xx_it.o
                0x000000000800b39e                SVC_Handler
 .text.DebugMon_Handler
                0x000000000800b3a0        0x2 Src/stm32f1xx_it.o
                0x000000000800b3a0                DebugMon_Handler
 .text.PendSV_Handler
                0x000000000800b3a2        0x2 Src/stm32f1xx_it.o
                0x000000000800b3a2                PendSV_Handler
 .text.SysTick_Handler
                0x000000000800b3a4        0xc Src/stm32f1xx_it.o
                0x000000000800b3a4                SysTick_Handler
 .text.RTC_IRQHandler
                0x000000000800b3b0       0x10 Src/stm32f1xx_it.o
                0x000000000800b3b0                RTC_IRQHandler
 .text.EXTI0_IRQHandler
                0x000000000800b3c0        0xa Src/stm32f1xx_it.o
                0x000000000800b3c0                EXTI0_IRQHandler
 .text.EXTI9_5_IRQHandler
                0x000000000800b3ca       0x12 Src/stm32f1xx_it.o
                0x000000000800b3ca                EXTI9_5_IRQHandler
 .text.TIM1_UP_IRQHandler
                0x000000000800b3dc       0x10 Src/stm32f1xx_it.o
                0x000000000800b3dc                TIM1_UP_IRQHandler
 .text.TIM3_IRQHandler
                0x000000000800b3ec       0x10 Src/stm32f1xx_it.o
                0x000000000800b3ec                TIM3_IRQHandler
 .text.TIM4_IRQHandler
                0x000000000800b3fc       0x10 Src/stm32f1xx_it.o
                0x000000000800b3fc                TIM4_IRQHandler
 .text.USART1_IRQHandler
                0x000000000800b40c       0x10 Src/stm32f1xx_it.o
                0x000000000800b40c                USART1_IRQHandler
 .text.USART2_IRQHandler
                0x000000000800b41c       0x10 Src/stm32f1xx_it.o
                0x000000000800b41c                USART2_IRQHandler
 .text.SystemInit
                0x000000000800b42c       0x4c Src/system_stm32f1xx.o
                0x000000000800b42c                SystemInit
 .text.Reset_Handler
                0x000000000800b478       0x48 startup/startup_stm32f103xb.o
                0x000000000800b478                Reset_Handler
 .text.Default_Handler
                0x000000000800b4c0        0x2 startup/startup_stm32f103xb.o
                0x000000000800b4c0                RTC_Alarm_IRQHandler
                0x000000000800b4c0                EXTI2_IRQHandler
                0x000000000800b4c0                TIM1_CC_IRQHandler
                0x000000000800b4c0                PVD_IRQHandler
                0x000000000800b4c0                EXTI3_IRQHandler
                0x000000000800b4c0                I2C2_EV_IRQHandler
                0x000000000800b4c0                ADC1_2_IRQHandler
                0x000000000800b4c0                SPI1_IRQHandler
                0x000000000800b4c0                TAMPER_IRQHandler
                0x000000000800b4c0                DMA1_Channel4_IRQHandler
                0x000000000800b4c0                USART3_IRQHandler
                0x000000000800b4c0                DMA1_Channel7_IRQHandler
                0x000000000800b4c0                CAN1_RX1_IRQHandler
                0x000000000800b4c0                I2C1_EV_IRQHandler
                0x000000000800b4c0                DMA1_Channel6_IRQHandler
                0x000000000800b4c0                RCC_IRQHandler
                0x000000000800b4c0                TIM1_TRG_COM_IRQHandler
                0x000000000800b4c0                DMA1_Channel1_IRQHandler
                0x000000000800b4c0                Default_Handler
                0x000000000800b4c0                EXTI15_10_IRQHandler
                0x000000000800b4c0                SPI2_IRQHandler
                0x000000000800b4c0                DMA1_Channel5_IRQHandler
                0x000000000800b4c0                EXTI4_IRQHandler
                0x000000000800b4c0                USB_LP_CAN1_RX0_IRQHandler
                0x000000000800b4c0                USB_HP_CAN1_TX_IRQHandler
                0x000000000800b4c0                DMA1_Channel3_IRQHandler
                0x000000000800b4c0                WWDG_IRQHandler
                0x000000000800b4c0                TIM2_IRQHandler
                0x000000000800b4c0                TIM1_BRK_IRQHandler
                0x000000000800b4c0                EXTI1_IRQHandler
                0x000000000800b4c0                I2C2_ER_IRQHandler
                0x000000000800b4c0                DMA1_Channel2_IRQHandler
                0x000000000800b4c0                CAN1_SCE_IRQHandler
                0x000000000800b4c0                FLASH_IRQHandler
                0x000000000800b4c0                I2C1_ER_IRQHandler
                0x000000000800b4c0                USBWakeUp_IRQHandler
 .text.atof     0x000000000800b4c2        0x6 /home/gorian/.p2/pool/plugins/fr.ac6.mcu.externaltools.arm-none.linux64_1.15.0.201708311556/tools/compiler/bin/../lib/gcc/arm-none-eabi/6.3.1/../../../../arm-none-eabi/lib/thumb/v7-m/libc_nano.a(lib_a-atof.o)
                0x000000000800b4c2                atof
 .text.atoi     0x000000000800b4c8        0x8 /home/gorian/.p2/pool/plugins/fr.ac6.mcu.externaltools.arm-none.linux64_1.15.0.201708311556/tools/compiler/bin/../lib/gcc/arm-none-eabi/6.3.1/../../../../arm-none-eabi/lib/thumb/v7-m/libc_nano.a(lib_a-atoi.o)
                0x000000000800b4c8                atoi
 .text.__libc_init_array
                0x000000000800b4d0       0x48 /home/gorian/.p2/pool/plugins/fr.ac6.mcu.externaltools.arm-none.linux64_1.15.0.201708311556/tools/compiler/bin/../lib/gcc/arm-none-eabi/6.3.1/../../../../arm-none-eabi/lib/thumb/v7-m/libc_nano.a(lib_a-init.o)
                0x000000000800b4d0                __libc_init_array
 .text.malloc   0x000000000800b518       0x10 /home/gorian/.p2/pool/plugins/fr.ac6.mcu.externaltools.arm-none.linux64_1.15.0.201708311556/tools/compiler/bin/../lib/gcc/arm-none-eabi/6.3.1/../../../../arm-none-eabi/lib/thumb/v7-m/libc_nano.a(lib_a-malloc.o)
                0x000000000800b518                malloc
 .text.free     0x000000000800b528       0x10 /home/gorian/.p2/pool/plugins/fr.ac6.mcu.externaltools.arm-none.linux64_1.15.0.201708311556/tools/compiler/bin/../lib/gcc/arm-none-eabi/6.3.1/../../../../arm-none-eabi/lib/thumb/v7-m/libc_nano.a(lib_a-malloc.o)
                0x000000000800b528                free
 .text.memset   0x000000000800b538       0x10 /home/gorian/.p2/pool/plugins/fr.ac6.mcu.externaltools.arm-none.linux64_1.15.0.201708311556/tools/compiler/bin/../lib/gcc/arm-none-eabi/6.3.1/../../../../arm-none-eabi/lib/thumb/v7-m/libc_nano.a(lib_a-memset.o)
                0x000000000800b538                memset
 .text._free_r  0x000000000800b548       0x98 /home/gorian/.p2/pool/plugins/fr.ac6.mcu.externaltools.arm-none.linux64_1.15.0.201708311556/tools/compiler/bin/../lib/gcc/arm-none-eabi/6.3.1/../../../../arm-none-eabi/lib/thumb/v7-m/libc_nano.a(lib_a-nano-freer.o)
                0x000000000800b548                _free_r
 .text._malloc_r
                0x000000000800b5e0       0xbc /home/gorian/.p2/pool/plugins/fr.ac6.mcu.externaltools.arm-none.linux64_1.15.0.201708311556/tools/compiler/bin/../lib/gcc/arm-none-eabi/6.3.1/../../../../arm-none-eabi/lib/thumb/v7-m/libc_nano.a(lib_a-nano-mallocr.o)
                0x000000000800b5e0                _malloc_r
 .text.__cvt    0x000000000800b69c       0xb8 /home/gorian/.p2/pool/plugins/fr.ac6.mcu.externaltools.arm-none.linux64_1.15.0.201708311556/tools/compiler/bin/../lib/gcc/arm-none-eabi/6.3.1/../../../../arm-none-eabi/lib/thumb/v7-m/libc_nano.a(lib_a-nano-vfprintf_float.o)
                0x000000000800b69c                __cvt
 .text.__exponent
                0x000000000800b754       0x6a /home/gorian/.p2/pool/plugins/fr.ac6.mcu.externaltools.arm-none.linux64_1.15.0.201708311556/tools/compiler/bin/../lib/gcc/arm-none-eabi/6.3.1/../../../../arm-none-eabi/lib/thumb/v7-m/libc_nano.a(lib_a-nano-vfprintf_float.o)
                0x000000000800b754                __exponent
 *fill*         0x000000000800b7be        0x2 
 .text._printf_float
                0x000000000800b7c0      0x470 /home/gorian/.p2/pool/plugins/fr.ac6.mcu.externaltools.arm-none.linux64_1.15.0.201708311556/tools/compiler/bin/../lib/gcc/arm-none-eabi/6.3.1/../../../../arm-none-eabi/lib/thumb/v7-m/libc_nano.a(lib_a-nano-vfprintf_float.o)
                0x000000000800b7c0                _printf_float
 .text._printf_common
                0x000000000800bc30       0xee /home/gorian/.p2/pool/plugins/fr.ac6.mcu.externaltools.arm-none.linux64_1.15.0.201708311556/tools/compiler/bin/../lib/gcc/arm-none-eabi/6.3.1/../../../../arm-none-eabi/lib/thumb/v7-m/libc_nano.a(lib_a-nano-vfprintf_i.o)
                0x000000000800bc30                _printf_common
 *fill*         0x000000000800bd1e        0x2 
 .text._printf_i
                0x000000000800bd20      0x240 /home/gorian/.p2/pool/plugins/fr.ac6.mcu.externaltools.arm-none.linux64_1.15.0.201708311556/tools/compiler/bin/../lib/gcc/arm-none-eabi/6.3.1/../../../../arm-none-eabi/lib/thumb/v7-m/libc_nano.a(lib_a-nano-vfprintf_i.o)
                0x000000000800bd20                _printf_i
 .text._sbrk_r  0x000000000800bf60       0x20 /home/gorian/.p2/pool/plugins/fr.ac6.mcu.externaltools.arm-none.linux64_1.15.0.201708311556/tools/compiler/bin/../lib/gcc/arm-none-eabi/6.3.1/../../../../arm-none-eabi/lib/thumb/v7-m/libc_nano.a(lib_a-sbrkr.o)
                0x000000000800bf60                _sbrk_r
 .text.sprintf  0x000000000800bf80       0x48 /home/gorian/.p2/pool/plugins/fr.ac6.mcu.externaltools.arm-none.linux64_1.15.0.201708311556/tools/compiler/bin/../lib/gcc/arm-none-eabi/6.3.1/../../../../arm-none-eabi/lib/thumb/v7-m/libc_nano.a(lib_a-sprintf.o)
                0x000000000800bf80                sprintf
                0x000000000800bf80                siprintf
 .text.strcpy   0x000000000800bfc8       0x10 /home/gorian/.p2/pool/plugins/fr.ac6.mcu.externaltools.arm-none.linux64_1.15.0.201708311556/tools/compiler/bin/../lib/gcc/arm-none-eabi/6.3.1/../../../../arm-none-eabi/lib/thumb/v7-m/libc_nano.a(lib_a-strcpy.o)
                0x000000000800bfc8                strcpy
 .text.unlikely.sulp
                0x000000000800bfd8       0x42 /home/gorian/.p2/pool/plugins/fr.ac6.mcu.externaltools.arm-none.linux64_1.15.0.201708311556/tools/compiler/bin/../lib/gcc/arm-none-eabi/6.3.1/../../../../arm-none-eabi/lib/thumb/v7-m/libc_nano.a(lib_a-strtod.o)
 *fill*         0x000000000800c01a        0x6 
 .text._strtod_l
                0x000000000800c020      0xbf0 /home/gorian/.p2/pool/plugins/fr.ac6.mcu.externaltools.arm-none.linux64_1.15.0.201708311556/tools/compiler/bin/../lib/gcc/arm-none-eabi/6.3.1/../../../../arm-none-eabi/lib/thumb/v7-m/libc_nano.a(lib_a-strtod.o)
                0x000000000800c020                _strtod_l
 .text.strtod   0x000000000800cc10       0x24 /home/gorian/.p2/pool/plugins/fr.ac6.mcu.externaltools.arm-none.linux64_1.15.0.201708311556/tools/compiler/bin/../lib/gcc/arm-none-eabi/6.3.1/../../../../arm-none-eabi/lib/thumb/v7-m/libc_nano.a(lib_a-strtod.o)
                0x000000000800cc10                strtod
 .text._strtol_l.isra.0
                0x000000000800cc34      0x100 /home/gorian/.p2/pool/plugins/fr.ac6.mcu.externaltools.arm-none.linux64_1.15.0.201708311556/tools/compiler/bin/../lib/gcc/arm-none-eabi/6.3.1/../../../../arm-none-eabi/lib/thumb/v7-m/libc_nano.a(lib_a-strtol.o)
 .text.strtol   0x000000000800cd34       0x2c /home/gorian/.p2/pool/plugins/fr.ac6.mcu.externaltools.arm-none.linux64_1.15.0.201708311556/tools/compiler/bin/../lib/gcc/arm-none-eabi/6.3.1/../../../../arm-none-eabi/lib/thumb/v7-m/libc_nano.a(lib_a-strtol.o)
                0x000000000800cd34                strtol
 .text.quorem   0x000000000800cd60      0x118 /home/gorian/.p2/pool/plugins/fr.ac6.mcu.externaltools.arm-none.linux64_1.15.0.201708311556/tools/compiler/bin/../lib/gcc/arm-none-eabi/6.3.1/../../../../arm-none-eabi/lib/thumb/v7-m/libc_nano.a(lib_a-dtoa.o)
 .text._dtoa_r  0x000000000800ce78      0xba8 /home/gorian/.p2/pool/plugins/fr.ac6.mcu.externaltools.arm-none.linux64_1.15.0.201708311556/tools/compiler/bin/../lib/gcc/arm-none-eabi/6.3.1/../../../../arm-none-eabi/lib/thumb/v7-m/libc_nano.a(lib_a-dtoa.o)
                0x000000000800ce78                _dtoa_r
 .text.rshift   0x000000000800da20       0x6a /home/gorian/.p2/pool/plugins/fr.ac6.mcu.externaltools.arm-none.linux64_1.15.0.201708311556/tools/compiler/bin/../lib/gcc/arm-none-eabi/6.3.1/../../../../arm-none-eabi/lib/thumb/v7-m/libc_nano.a(lib_a-gdtoa-gethex.o)
 .text.__hexdig_fun
                0x000000000800da8a       0x2a /home/gorian/.p2/pool/plugins/fr.ac6.mcu.externaltools.arm-none.linux64_1.15.0.201708311556/tools/compiler/bin/../lib/gcc/arm-none-eabi/6.3.1/../../../../arm-none-eabi/lib/thumb/v7-m/libc_nano.a(lib_a-gdtoa-gethex.o)
                0x000000000800da8a                __hexdig_fun
 .text.__gethex
                0x000000000800dab4      0x43e /home/gorian/.p2/pool/plugins/fr.ac6.mcu.externaltools.arm-none.linux64_1.15.0.201708311556/tools/compiler/bin/../lib/gcc/arm-none-eabi/6.3.1/../../../../arm-none-eabi/lib/thumb/v7-m/libc_nano.a(lib_a-gdtoa-gethex.o)
                0x000000000800dab4                __gethex
 .text.L_shift  0x000000000800def2       0x24 /home/gorian/.p2/pool/plugins/fr.ac6.mcu.externaltools.arm-none.linux64_1.15.0.201708311556/tools/compiler/bin/../lib/gcc/arm-none-eabi/6.3.1/../../../../arm-none-eabi/lib/thumb/v7-m/libc_nano.a(lib_a-gdtoa-hexnan.o)
 .text.__match  0x000000000800df16       0x26 /home/gorian/.p2/pool/plugins/fr.ac6.mcu.externaltools.arm-none.linux64_1.15.0.201708311556/tools/compiler/bin/../lib/gcc/arm-none-eabi/6.3.1/../../../../arm-none-eabi/lib/thumb/v7-m/libc_nano.a(lib_a-gdtoa-hexnan.o)
                0x000000000800df16                __match
 .text.__hexnan
                0x000000000800df3c      0x120 /home/gorian/.p2/pool/plugins/fr.ac6.mcu.externaltools.arm-none.linux64_1.15.0.201708311556/tools/compiler/bin/../lib/gcc/arm-none-eabi/6.3.1/../../../../arm-none-eabi/lib/thumb/v7-m/libc_nano.a(lib_a-gdtoa-hexnan.o)
                0x000000000800df3c                __hexnan
 .text.__locale_ctype_ptr_l
                0x000000000800e05c        0x6 /home/gorian/.p2/pool/plugins/fr.ac6.mcu.externaltools.arm-none.linux64_1.15.0.201708311556/tools/compiler/bin/../lib/gcc/arm-none-eabi/6.3.1/../../../../arm-none-eabi/lib/thumb/v7-m/libc_nano.a(lib_a-locale.o)
                0x000000000800e05c                __locale_ctype_ptr_l
 .text.__localeconv_l
                0x000000000800e062        0x4 /home/gorian/.p2/pool/plugins/fr.ac6.mcu.externaltools.arm-none.linux64_1.15.0.201708311556/tools/compiler/bin/../lib/gcc/arm-none-eabi/6.3.1/../../../../arm-none-eabi/lib/thumb/v7-m/libc_nano.a(lib_a-localeconv.o)
                0x000000000800e062                __localeconv_l
 *fill*         0x000000000800e066        0x2 
 .text._localeconv_r
                0x000000000800e068       0x1c /home/gorian/.p2/pool/plugins/fr.ac6.mcu.externaltools.arm-none.linux64_1.15.0.201708311556/tools/compiler/bin/../lib/gcc/arm-none-eabi/6.3.1/../../../../arm-none-eabi/lib/thumb/v7-m/libc_nano.a(lib_a-localeconv.o)
                0x000000000800e068                _localeconv_r
 .text.__ascii_mbtowc
                0x000000000800e084       0x24 /home/gorian/.p2/pool/plugins/fr.ac6.mcu.externaltools.arm-none.linux64_1.15.0.201708311556/tools/compiler/bin/../lib/gcc/arm-none-eabi/6.3.1/../../../../arm-none-eabi/lib/thumb/v7-m/libc_nano.a(lib_a-mbtowc_r.o)
                0x000000000800e084                __ascii_mbtowc
 .text.memchr   0x000000000800e0a8       0x1c /home/gorian/.p2/pool/plugins/fr.ac6.mcu.externaltools.arm-none.linux64_1.15.0.201708311556/tools/compiler/bin/../lib/gcc/arm-none-eabi/6.3.1/../../../../arm-none-eabi/lib/thumb/v7-m/libc_nano.a(lib_a-memchr-stub.o)
                0x000000000800e0a8                memchr
 .text.memcpy   0x000000000800e0c4       0x16 /home/gorian/.p2/pool/plugins/fr.ac6.mcu.externaltools.arm-none.linux64_1.15.0.201708311556/tools/compiler/bin/../lib/gcc/arm-none-eabi/6.3.1/../../../../arm-none-eabi/lib/thumb/v7-m/libc_nano.a(lib_a-memcpy-stub.o)
                0x000000000800e0c4                memcpy
 .text.__malloc_lock
                0x000000000800e0da        0x2 /home/gorian/.p2/pool/plugins/fr.ac6.mcu.externaltools.arm-none.linux64_1.15.0.201708311556/tools/compiler/bin/../lib/gcc/arm-none-eabi/6.3.1/../../../../arm-none-eabi/lib/thumb/v7-m/libc_nano.a(lib_a-mlock.o)
                0x000000000800e0da                __malloc_lock
 .text.__malloc_unlock
                0x000000000800e0dc        0x2 /home/gorian/.p2/pool/plugins/fr.ac6.mcu.externaltools.arm-none.linux64_1.15.0.201708311556/tools/compiler/bin/../lib/gcc/arm-none-eabi/6.3.1/../../../../arm-none-eabi/lib/thumb/v7-m/libc_nano.a(lib_a-mlock.o)
                0x000000000800e0dc                __malloc_unlock
 .text._Balloc  0x000000000800e0de       0x68 /home/gorian/.p2/pool/plugins/fr.ac6.mcu.externaltools.arm-none.linux64_1.15.0.201708311556/tools/compiler/bin/../lib/gcc/arm-none-eabi/6.3.1/../../../../arm-none-eabi/lib/thumb/v7-m/libc_nano.a(lib_a-mprec.o)
                0x000000000800e0de                _Balloc
 .text._Bfree   0x000000000800e146       0x2e /home/gorian/.p2/pool/plugins/fr.ac6.mcu.externaltools.arm-none.linux64_1.15.0.201708311556/tools/compiler/bin/../lib/gcc/arm-none-eabi/6.3.1/../../../../arm-none-eabi/lib/thumb/v7-m/libc_nano.a(lib_a-mprec.o)
                0x000000000800e146                _Bfree
 .text.__multadd
                0x000000000800e174       0x76 /home/gorian/.p2/pool/plugins/fr.ac6.mcu.externaltools.arm-none.linux64_1.15.0.201708311556/tools/compiler/bin/../lib/gcc/arm-none-eabi/6.3.1/../../../../arm-none-eabi/lib/thumb/v7-m/libc_nano.a(lib_a-mprec.o)
                0x000000000800e174                __multadd
 .text.__s2b    0x000000000800e1ea       0x7c /home/gorian/.p2/pool/plugins/fr.ac6.mcu.externaltools.arm-none.linux64_1.15.0.201708311556/tools/compiler/bin/../lib/gcc/arm-none-eabi/6.3.1/../../../../arm-none-eabi/lib/thumb/v7-m/libc_nano.a(lib_a-mprec.o)
                0x000000000800e1ea                __s2b
 .text.__hi0bits
                0x000000000800e266       0x3e /home/gorian/.p2/pool/plugins/fr.ac6.mcu.externaltools.arm-none.linux64_1.15.0.201708311556/tools/compiler/bin/../lib/gcc/arm-none-eabi/6.3.1/../../../../arm-none-eabi/lib/thumb/v7-m/libc_nano.a(lib_a-mprec.o)
                0x000000000800e266                __hi0bits
 .text.__lo0bits
                0x000000000800e2a4       0x5e /home/gorian/.p2/pool/plugins/fr.ac6.mcu.externaltools.arm-none.linux64_1.15.0.201708311556/tools/compiler/bin/../lib/gcc/arm-none-eabi/6.3.1/../../../../arm-none-eabi/lib/thumb/v7-m/libc_nano.a(lib_a-mprec.o)
                0x000000000800e2a4                __lo0bits
 .text.__i2b    0x000000000800e302       0x12 /home/gorian/.p2/pool/plugins/fr.ac6.mcu.externaltools.arm-none.linux64_1.15.0.201708311556/tools/compiler/bin/../lib/gcc/arm-none-eabi/6.3.1/../../../../arm-none-eabi/lib/thumb/v7-m/libc_nano.a(lib_a-mprec.o)
                0x000000000800e302                __i2b
 .text.__multiply
                0x000000000800e314      0x118 /home/gorian/.p2/pool/plugins/fr.ac6.mcu.externaltools.arm-none.linux64_1.15.0.201708311556/tools/compiler/bin/../lib/gcc/arm-none-eabi/6.3.1/../../../../arm-none-eabi/lib/thumb/v7-m/libc_nano.a(lib_a-mprec.o)
                0x000000000800e314                __multiply
 .text.__pow5mult
                0x000000000800e42c       0x9c /home/gorian/.p2/pool/plugins/fr.ac6.mcu.externaltools.arm-none.linux64_1.15.0.201708311556/tools/compiler/bin/../lib/gcc/arm-none-eabi/6.3.1/../../../../arm-none-eabi/lib/thumb/v7-m/libc_nano.a(lib_a-mprec.o)
                0x000000000800e42c                __pow5mult
 .text.__lshift
                0x000000000800e4c8       0xa2 /home/gorian/.p2/pool/plugins/fr.ac6.mcu.externaltools.arm-none.linux64_1.15.0.201708311556/tools/compiler/bin/../lib/gcc/arm-none-eabi/6.3.1/../../../../arm-none-eabi/lib/thumb/v7-m/libc_nano.a(lib_a-mprec.o)
                0x000000000800e4c8                __lshift
 .text.__mcmp   0x000000000800e56a       0x34 /home/gorian/.p2/pool/plugins/fr.ac6.mcu.externaltools.arm-none.linux64_1.15.0.201708311556/tools/compiler/bin/../lib/gcc/arm-none-eabi/6.3.1/../../../../arm-none-eabi/lib/thumb/v7-m/libc_nano.a(lib_a-mprec.o)
                0x000000000800e56a                __mcmp
 .text.__mdiff  0x000000000800e59e       0xbe /home/gorian/.p2/pool/plugins/fr.ac6.mcu.externaltools.arm-none.linux64_1.15.0.201708311556/tools/compiler/bin/../lib/gcc/arm-none-eabi/6.3.1/../../../../arm-none-eabi/lib/thumb/v7-m/libc_nano.a(lib_a-mprec.o)
                0x000000000800e59e                __mdiff
 .text.__ulp    0x000000000800e65c       0x48 /home/gorian/.p2/pool/plugins/fr.ac6.mcu.externaltools.arm-none.linux64_1.15.0.201708311556/tools/compiler/bin/../lib/gcc/arm-none-eabi/6.3.1/../../../../arm-none-eabi/lib/thumb/v7-m/libc_nano.a(lib_a-mprec.o)
                0x000000000800e65c                __ulp
 .text.__b2d    0x000000000800e6a4       0xa4 /home/gorian/.p2/pool/plugins/fr.ac6.mcu.externaltools.arm-none.linux64_1.15.0.201708311556/tools/compiler/bin/../lib/gcc/arm-none-eabi/6.3.1/../../../../arm-none-eabi/lib/thumb/v7-m/libc_nano.a(lib_a-mprec.o)
                0x000000000800e6a4                __b2d
 .text.__d2b    0x000000000800e748       0x9e /home/gorian/.p2/pool/plugins/fr.ac6.mcu.externaltools.arm-none.linux64_1.15.0.201708311556/tools/compiler/bin/../lib/gcc/arm-none-eabi/6.3.1/../../../../arm-none-eabi/lib/thumb/v7-m/libc_nano.a(lib_a-mprec.o)
                0x000000000800e748                __d2b
 .text.__ratio  0x000000000800e7e6       0x50 /home/gorian/.p2/pool/plugins/fr.ac6.mcu.externaltools.arm-none.linux64_1.15.0.201708311556/tools/compiler/bin/../lib/gcc/arm-none-eabi/6.3.1/../../../../arm-none-eabi/lib/thumb/v7-m/libc_nano.a(lib_a-mprec.o)
                0x000000000800e7e6                __ratio
 .text.__copybits
                0x000000000800e836       0x34 /home/gorian/.p2/pool/plugins/fr.ac6.mcu.externaltools.arm-none.linux64_1.15.0.201708311556/tools/compiler/bin/../lib/gcc/arm-none-eabi/6.3.1/../../../../arm-none-eabi/lib/thumb/v7-m/libc_nano.a(lib_a-mprec.o)
                0x000000000800e836                __copybits
 .text.__any_on
                0x000000000800e86a       0x42 /home/gorian/.p2/pool/plugins/fr.ac6.mcu.externaltools.arm-none.linux64_1.15.0.201708311556/tools/compiler/bin/../lib/gcc/arm-none-eabi/6.3.1/../../../../arm-none-eabi/lib/thumb/v7-m/libc_nano.a(lib_a-mprec.o)
                0x000000000800e86a                __any_on
 .text._calloc_r
                0x000000000800e8ac       0x1c /home/gorian/.p2/pool/plugins/fr.ac6.mcu.externaltools.arm-none.linux64_1.15.0.201708311556/tools/compiler/bin/../lib/gcc/arm-none-eabi/6.3.1/../../../../arm-none-eabi/lib/thumb/v7-m/libc_nano.a(lib_a-nano-callocr.o)
                0x000000000800e8ac                _calloc_r
 .text.__ssputs_r
                0x000000000800e8c8       0xb6 /home/gorian/.p2/pool/plugins/fr.ac6.mcu.externaltools.arm-none.linux64_1.15.0.201708311556/tools/compiler/bin/../lib/gcc/arm-none-eabi/6.3.1/../../../../arm-none-eabi/lib/thumb/v7-m/libc_nano.a(lib_a-nano-svfprintf.o)
                0x000000000800e8c8                __ssputs_r
 *fill*         0x000000000800e97e        0x2 
 .text._svfprintf_r
                0x000000000800e980      0x1e8 /home/gorian/.p2/pool/plugins/fr.ac6.mcu.externaltools.arm-none.linux64_1.15.0.201708311556/tools/compiler/bin/../lib/gcc/arm-none-eabi/6.3.1/../../../../arm-none-eabi/lib/thumb/v7-m/libc_nano.a(lib_a-nano-svfprintf.o)
                0x000000000800e980                _svfprintf_r
                0x000000000800e980                _svfiprintf_r
 .text.strncmp  0x000000000800eb68       0x24 /home/gorian/.p2/pool/plugins/fr.ac6.mcu.externaltools.arm-none.linux64_1.15.0.201708311556/tools/compiler/bin/../lib/gcc/arm-none-eabi/6.3.1/../../../../arm-none-eabi/lib/thumb/v7-m/libc_nano.a(lib_a-strncmp.o)
                0x000000000800eb68                strncmp
 .text.__ascii_wctomb
                0x000000000800eb8c       0x1a /home/gorian/.p2/pool/plugins/fr.ac6.mcu.externaltools.arm-none.linux64_1.15.0.201708311556/tools/compiler/bin/../lib/gcc/arm-none-eabi/6.3.1/../../../../arm-none-eabi/lib/thumb/v7-m/libc_nano.a(lib_a-wctomb_r.o)
                0x000000000800eb8c                __ascii_wctomb
 .text.memmove  0x000000000800eba6       0x34 /home/gorian/.p2/pool/plugins/fr.ac6.mcu.externaltools.arm-none.linux64_1.15.0.201708311556/tools/compiler/bin/../lib/gcc/arm-none-eabi/6.3.1/../../../../arm-none-eabi/lib/thumb/v7-m/libc_nano.a(lib_a-memmove.o)
                0x000000000800eba6                memmove
 .text._realloc_r
                0x000000000800ebda       0x4c /home/gorian/.p2/pool/plugins/fr.ac6.mcu.externaltools.arm-none.linux64_1.15.0.201708311556/tools/compiler/bin/../lib/gcc/arm-none-eabi/6.3.1/../../../../arm-none-eabi/lib/thumb/v7-m/libc_nano.a(lib_a-nano-reallocr.o)
                0x000000000800ebda                _realloc_r
 .text._malloc_usable_size_r
                0x000000000800ec26       0x12 /home/gorian/.p2/pool/plugins/fr.ac6.mcu.externaltools.arm-none.linux64_1.15.0.201708311556/tools/compiler/bin/../lib/gcc/arm-none-eabi/6.3.1/../../../../arm-none-eabi/lib/thumb/v7-m/libc_nano.a(lib_a-nano-msizer.o)
                0x000000000800ec26                _malloc_usable_size_r
 .text._sbrk    0x000000000800ec38       0x1c /home/gorian/.p2/pool/plugins/fr.ac6.mcu.externaltools.arm-none.linux64_1.15.0.201708311556/tools/compiler/bin/../lib/gcc/arm-none-eabi/6.3.1/../../../../arm-none-eabi/lib/thumb/v7-m/libnosys.a(sbrk.o)
                0x000000000800ec38                _sbrk
 *(.glue_7)
 .glue_7        0x000000000800ec54        0x0 linker stubs
 *(.glue_7t)
 .glue_7t       0x000000000800ec54        0x0 linker stubs
 *(.eh_frame)
 .eh_frame      0x000000000800ec54        0x0 /home/gorian/.p2/pool/plugins/fr.ac6.mcu.externaltools.arm-none.linux64_1.15.0.201708311556/tools/compiler/bin/../lib/gcc/arm-none-eabi/6.3.1/thumb/v7-m/crtbegin.o
 *(.init)
 .init          0x000000000800ec54        0x4 /home/gorian/.p2/pool/plugins/fr.ac6.mcu.externaltools.arm-none.linux64_1.15.0.201708311556/tools/compiler/bin/../lib/gcc/arm-none-eabi/6.3.1/thumb/v7-m/crti.o
                0x000000000800ec54                _init
 .init          0x000000000800ec58        0x8 /home/gorian/.p2/pool/plugins/fr.ac6.mcu.externaltools.arm-none.linux64_1.15.0.201708311556/tools/compiler/bin/../lib/gcc/arm-none-eabi/6.3.1/thumb/v7-m/crtn.o
 *(.fini)
 .fini          0x000000000800ec60        0x4 /home/gorian/.p2/pool/plugins/fr.ac6.mcu.externaltools.arm-none.linux64_1.15.0.201708311556/tools/compiler/bin/../lib/gcc/arm-none-eabi/6.3.1/thumb/v7-m/crti.o
                0x000000000800ec60                _fini
 .fini          0x000000000800ec64        0x8 /home/gorian/.p2/pool/plugins/fr.ac6.mcu.externaltools.arm-none.linux64_1.15.0.201708311556/tools/compiler/bin/../lib/gcc/arm-none-eabi/6.3.1/thumb/v7-m/crtn.o
                0x000000000800ec6c                . = ALIGN (0x4)
                0x000000000800ec6c                _etext = .

.vfp11_veneer   0x000000000800ec6c        0x0
 .vfp11_veneer  0x000000000800ec6c        0x0 linker stubs

.v4_bx          0x000000000800ec6c        0x0
 .v4_bx         0x000000000800ec6c        0x0 linker stubs

.iplt           0x000000000800ec6c        0x0
 .iplt          0x000000000800ec6c        0x0 /home/gorian/.p2/pool/plugins/fr.ac6.mcu.externaltools.arm-none.linux64_1.15.0.201708311556/tools/compiler/bin/../lib/gcc/arm-none-eabi/6.3.1/thumb/v7-m/crtbegin.o

.rodata         0x000000000800ec70     0x1580
                0x000000000800ec70                . = ALIGN (0x4)
 *(.rodata)
 .rodata        0x000000000800ec70       0x12 Drivers/STM32F1xx_HAL_Driver/Src/stm32f1xx_hal_rcc.o
 *fill*         0x000000000800ec82        0x2 
 .rodata        0x000000000800ec84       0x12 Drivers/STM32F1xx_HAL_Driver/Src/stm32f1xx_hal_rcc_ex.o
 *fill*         0x000000000800ec96        0x2 
 .rodata        0x000000000800ec98       0x18 Src/system_stm32f1xx.o
                0x000000000800ec98                AHBPrescTable
                0x000000000800eca8                APBPrescTable
 *(.rodata*)
 .rodata.str1.4
                0x000000000800ecb0       0x52 Src/init.o
 *fill*         0x000000000800ed02        0x2 
 .rodata.str1.4
                0x000000000800ed04       0xc1 Src/lista.o
 *fill*         0x000000000800edc5        0x3 
 .rodata.str1.4
                0x000000000800edc8      0x15c Src/main.o
 .rodata.str1.4
                0x000000000800ef24      0x1ac Src/screen1.o
                                        0x1cc (size before relaxing)
 .rodata.str1.4
                0x000000000800f0d0      0x233 Src/screen10.o
                                        0x2b3 (size before relaxing)
 *fill*         0x000000000800f303        0x1 
 .rodata.str1.4
                0x000000000800f304      0x14a Src/screen11.o
                                        0x176 (size before relaxing)
 *fill*         0x000000000800f44e        0x2 
 .rodata.str1.4
                0x000000000800f450      0x48a Src/screen12.o
                                        0x49a (size before relaxing)
 *fill*         0x000000000800f8da        0x2 
 .rodata.str1.4
                0x000000000800f8dc       0x2a Src/screen13.o
                                         0x3b (size before relaxing)
 *fill*         0x000000000800f906        0x2 
 .rodata.str1.4
                0x000000000800f908       0x4b Src/screen15.o
                                         0x5b (size before relaxing)
 *fill*         0x000000000800f953        0x1 
 .rodata.str1.4
                0x000000000800f954       0xc1 Src/screen3.o
                                         0xd1 (size before relaxing)
 *fill*         0x000000000800fa15        0x3 
 .rodata.str1.4
                0x000000000800fa18      0x2d4 Src/screen4.o
                                        0x3b4 (size before relaxing)
 .rodata.str1.4
                0x000000000800fcec      0x127 Src/screen6.o
                                        0x1bf (size before relaxing)
 *fill*         0x000000000800fe13        0x1 
 .rodata.str1.4
                0x000000000800fe14       0x86 Src/screen6_1.o
                                         0xaf (size before relaxing)
 *fill*         0x000000000800fe9a        0x2 
 .rodata.str1.4
                0x000000000800fe9c       0x3c Src/screen7.o
                                         0x4b (size before relaxing)
 .rodata.str1.4
                0x000000000800fed8       0x29 Src/screen8.o
                                         0x4b (size before relaxing)
 *fill*         0x000000000800ff01        0x3 
 .rodata.str1.4
                0x000000000800ff04       0x40 Src/screen9.o
                                         0x4f (size before relaxing)
 .rodata._printf_float.str1.1
                0x000000000800ff44       0x12 /home/gorian/.p2/pool/plugins/fr.ac6.mcu.externaltools.arm-none.linux64_1.15.0.201708311556/tools/compiler/bin/../lib/gcc/arm-none-eabi/6.3.1/../../../../arm-none-eabi/lib/thumb/v7-m/libc_nano.a(lib_a-nano-vfprintf_float.o)
 .rodata._printf_i.str1.1
                0x000000000800ff56       0x22 /home/gorian/.p2/pool/plugins/fr.ac6.mcu.externaltools.arm-none.linux64_1.15.0.201708311556/tools/compiler/bin/../lib/gcc/arm-none-eabi/6.3.1/../../../../arm-none-eabi/lib/thumb/v7-m/libc_nano.a(lib_a-nano-vfprintf_i.o)
 .rodata._strtod_l.str1.1
                0x000000000800ff78       0x22 /home/gorian/.p2/pool/plugins/fr.ac6.mcu.externaltools.arm-none.linux64_1.15.0.201708311556/tools/compiler/bin/../lib/gcc/arm-none-eabi/6.3.1/../../../../arm-none-eabi/lib/thumb/v7-m/libc_nano.a(lib_a-strtod.o)
                                          0xc (size before relaxing)
 .rodata.fpi.6129
                0x000000000800ff78       0x14 /home/gorian/.p2/pool/plugins/fr.ac6.mcu.externaltools.arm-none.linux64_1.15.0.201708311556/tools/compiler/bin/../lib/gcc/arm-none-eabi/6.3.1/../../../../arm-none-eabi/lib/thumb/v7-m/libc_nano.a(lib_a-strtod.o)
 .rodata.fpinan.6165
                0x000000000800ff8c       0x14 /home/gorian/.p2/pool/plugins/fr.ac6.mcu.externaltools.arm-none.linux64_1.15.0.201708311556/tools/compiler/bin/../lib/gcc/arm-none-eabi/6.3.1/../../../../arm-none-eabi/lib/thumb/v7-m/libc_nano.a(lib_a-strtod.o)
 .rodata.tinytens
                0x000000000800ffa0       0x28 /home/gorian/.p2/pool/plugins/fr.ac6.mcu.externaltools.arm-none.linux64_1.15.0.201708311556/tools/compiler/bin/../lib/gcc/arm-none-eabi/6.3.1/../../../../arm-none-eabi/lib/thumb/v7-m/libc_nano.a(lib_a-strtod.o)
 .rodata._dtoa_r.str1.1
                0x000000000800ffc8        0xd /home/gorian/.p2/pool/plugins/fr.ac6.mcu.externaltools.arm-none.linux64_1.15.0.201708311556/tools/compiler/bin/../lib/gcc/arm-none-eabi/6.3.1/../../../../arm-none-eabi/lib/thumb/v7-m/libc_nano.a(lib_a-dtoa.o)
                                          0xf (size before relaxing)
 .rodata._setlocale_r.str1.1
                0x000000000800ffd5        0x8 /home/gorian/.p2/pool/plugins/fr.ac6.mcu.externaltools.arm-none.linux64_1.15.0.201708311556/tools/compiler/bin/../lib/gcc/arm-none-eabi/6.3.1/../../../../arm-none-eabi/lib/thumb/v7-m/libc_nano.a(lib_a-locale.o)
                                          0x9 (size before relaxing)
 .rodata.str1.1
                0x000000000800ffdd        0x2 /home/gorian/.p2/pool/plugins/fr.ac6.mcu.externaltools.arm-none.linux64_1.15.0.201708311556/tools/compiler/bin/../lib/gcc/arm-none-eabi/6.3.1/../../../../arm-none-eabi/lib/thumb/v7-m/libc_nano.a(lib_a-locale.o)
 *fill*         0x000000000800ffdf        0x1 
 .rodata.__mprec_bigtens
                0x000000000800ffe0       0x28 /home/gorian/.p2/pool/plugins/fr.ac6.mcu.externaltools.arm-none.linux64_1.15.0.201708311556/tools/compiler/bin/../lib/gcc/arm-none-eabi/6.3.1/../../../../arm-none-eabi/lib/thumb/v7-m/libc_nano.a(lib_a-mprec.o)
                0x000000000800ffe0                __mprec_bigtens
 .rodata.__mprec_tens
                0x0000000008010008       0xc8 /home/gorian/.p2/pool/plugins/fr.ac6.mcu.externaltools.arm-none.linux64_1.15.0.201708311556/tools/compiler/bin/../lib/gcc/arm-none-eabi/6.3.1/../../../../arm-none-eabi/lib/thumb/v7-m/libc_nano.a(lib_a-mprec.o)
                0x0000000008010008                __mprec_tens
 .rodata.p05.6047
                0x00000000080100d0        0xc /home/gorian/.p2/pool/plugins/fr.ac6.mcu.externaltools.arm-none.linux64_1.15.0.201708311556/tools/compiler/bin/../lib/gcc/arm-none-eabi/6.3.1/../../../../arm-none-eabi/lib/thumb/v7-m/libc_nano.a(lib_a-mprec.o)
 .rodata._svfprintf_r.str1.1
                0x00000000080100dc       0x11 /home/gorian/.p2/pool/plugins/fr.ac6.mcu.externaltools.arm-none.linux64_1.15.0.201708311556/tools/compiler/bin/../lib/gcc/arm-none-eabi/6.3.1/../../../../arm-none-eabi/lib/thumb/v7-m/libc_nano.a(lib_a-nano-svfprintf.o)
 .rodata._ctype_
                0x00000000080100ed      0x101 /home/gorian/.p2/pool/plugins/fr.ac6.mcu.externaltools.arm-none.linux64_1.15.0.201708311556/tools/compiler/bin/../lib/gcc/arm-none-eabi/6.3.1/../../../../arm-none-eabi/lib/thumb/v7-m/libc_nano.a(lib_a-ctype_.o)
                0x00000000080100ed                _ctype_
                0x00000000080101f0                . = ALIGN (0x4)
 *fill*         0x00000000080101ee        0x2 

.rel.dyn        0x00000000080101f0        0x0
 .rel.iplt      0x00000000080101f0        0x0 /home/gorian/.p2/pool/plugins/fr.ac6.mcu.externaltools.arm-none.linux64_1.15.0.201708311556/tools/compiler/bin/../lib/gcc/arm-none-eabi/6.3.1/thumb/v7-m/crtbegin.o

.ARM.extab
 *(.ARM.extab* .gnu.linkonce.armextab.*)

.ARM            0x00000000080101f0        0x0
                0x00000000080101f0                __exidx_start = .
 *(.ARM.exidx*)
                0x00000000080101f0                __exidx_end = .

.preinit_array  0x00000000080101f0        0x0
                0x00000000080101f0                PROVIDE (__preinit_array_start, .)
 *(.preinit_array*)
                0x00000000080101f0                PROVIDE (__preinit_array_end, .)

.init_array     0x00000000080101f0        0x4
                0x00000000080101f0                PROVIDE (__init_array_start, .)
 *(SORT(.init_array.*))
 *(.init_array*)
 .init_array    0x00000000080101f0        0x4 /home/gorian/.p2/pool/plugins/fr.ac6.mcu.externaltools.arm-none.linux64_1.15.0.201708311556/tools/compiler/bin/../lib/gcc/arm-none-eabi/6.3.1/thumb/v7-m/crtbegin.o
                0x00000000080101f4                PROVIDE (__init_array_end, .)

.fini_array     0x00000000080101f4        0x4
                [!provide]                        PROVIDE (__fini_array_start, .)
 *(SORT(.fini_array.*))
 *(.fini_array*)
 .fini_array    0x00000000080101f4        0x4 /home/gorian/.p2/pool/plugins/fr.ac6.mcu.externaltools.arm-none.linux64_1.15.0.201708311556/tools/compiler/bin/../lib/gcc/arm-none-eabi/6.3.1/thumb/v7-m/crtbegin.o
                [!provide]                        PROVIDE (__fini_array_end, .)
                0x00000000080101f8                _sidata = LOADADDR (.data)

.data           0x0000000020000000      0x1e8 load address 0x00000000080101f8
                0x0000000020000000                . = ALIGN (0x4)
                0x0000000020000000                _sdata = .
 *(.data)
 .data          0x0000000020000000        0x8 Drivers/STM32F1xx_HAL_Driver/Src/stm32f1xx_hal.o
                0x0000000020000000                uwTickFreq
                0x0000000020000004                uwTickPrio
 .data          0x0000000020000008        0x4 Src/main.o
                0x0000000020000008                last_char
                0x000000002000000a                p
 .data          0x000000002000000c        0x4 Src/process.o
                0x000000002000000c                ipr
                0x000000002000000e                mmpr
 .data          0x0000000020000010        0x1 Src/screen10.o
                0x0000000020000010                max_size
 .data          0x0000000020000011        0x1 Src/screen4.o
                0x0000000020000011                max_size1
 *fill*         0x0000000020000012        0x2 
 .data          0x0000000020000014        0x4 Src/system_stm32f1xx.o
                0x0000000020000014                SystemCoreClock
 *(.data*)
 .data._impure_ptr
                0x0000000020000018        0x4 /home/gorian/.p2/pool/plugins/fr.ac6.mcu.externaltools.arm-none.linux64_1.15.0.201708311556/tools/compiler/bin/../lib/gcc/arm-none-eabi/6.3.1/../../../../arm-none-eabi/lib/thumb/v7-m/libc_nano.a(lib_a-impure.o)
                0x0000000020000018                _impure_ptr
 .data.impure_data
                0x000000002000001c       0x60 /home/gorian/.p2/pool/plugins/fr.ac6.mcu.externaltools.arm-none.linux64_1.15.0.201708311556/tools/compiler/bin/../lib/gcc/arm-none-eabi/6.3.1/../../../../arm-none-eabi/lib/thumb/v7-m/libc_nano.a(lib_a-impure.o)
 .data.__global_locale
                0x000000002000007c      0x16c /home/gorian/.p2/pool/plugins/fr.ac6.mcu.externaltools.arm-none.linux64_1.15.0.201708311556/tools/compiler/bin/../lib/gcc/arm-none-eabi/6.3.1/../../../../arm-none-eabi/lib/thumb/v7-m/libc_nano.a(lib_a-locale.o)
                0x000000002000007c                __global_locale
                0x00000000200001e8                . = ALIGN (0x4)
                0x00000000200001e8                _edata = .

.jcr            0x00000000200001e8        0x0 load address 0x00000000080103e0
 .jcr           0x00000000200001e8        0x0 /home/gorian/.p2/pool/plugins/fr.ac6.mcu.externaltools.arm-none.linux64_1.15.0.201708311556/tools/compiler/bin/../lib/gcc/arm-none-eabi/6.3.1/thumb/v7-m/crtbegin.o

.igot.plt       0x00000000200001e8        0x0 load address 0x00000000080103e0
 .igot.plt      0x00000000200001e8        0x0 /home/gorian/.p2/pool/plugins/fr.ac6.mcu.externaltools.arm-none.linux64_1.15.0.201708311556/tools/compiler/bin/../lib/gcc/arm-none-eabi/6.3.1/thumb/v7-m/crtbegin.o
                0x00000000200001e8                . = ALIGN (0x4)

.bss            0x00000000200001e8      0x980 load address 0x00000000080103e0
                0x00000000200001e8                _sbss = .
                0x00000000200001e8                __bss_start__ = _sbss
 *(.bss)
 .bss           0x00000000200001e8       0x1c /home/gorian/.p2/pool/plugins/fr.ac6.mcu.externaltools.arm-none.linux64_1.15.0.201708311556/tools/compiler/bin/../lib/gcc/arm-none-eabi/6.3.1/thumb/v7-m/crtbegin.o
 .bss           0x0000000020000204        0x8 Src/init.o
                0x0000000020000206                step_base
                0x0000000020000208                impuls2close
                0x000000002000020a                impuls2open
 .bss           0x000000002000020c       0x17 Src/main.o
                0x000000002000020c                start
                0x000000002000020e                size
                0x0000000020000210                UartReady
                0x0000000020000211                screen
                0x0000000020000212                stop_process
                0x0000000020000213                base
                0x0000000020000214                Rx_Space
                0x0000000020000215                action
                0x0000000020000216                keyboard_timer
                0x0000000020000217                key_delay
                0x0000000020000218                cut
                0x0000000020000219                set_cutting
                0x000000002000021a                cutting_deph
                0x000000002000021c                L
                0x0000000020000220                p_max
                0x0000000020000222                Rx_active_count
 *fill*         0x0000000020000223        0x1 
 .bss           0x0000000020000224        0xb Src/process.o
                0x0000000020000224                step
                0x0000000020000226                ipr_count
                0x0000000020000228                i2do
                0x000000002000022a                step_cut
                0x000000002000022c                close_open_knife_clk
                0x000000002000022e                start_begin
 *fill*         0x000000002000022f        0x1 
 .bss           0x0000000020000230        0x4 Src/screen10.o
                0x0000000020000230                box_number
                0x0000000020000232                temp
 .bss           0x0000000020000234        0x4 Src/screen11.o
                0x0000000020000234                first_char_2
                0x0000000020000236                cutting_impulses
 .bss           0x0000000020000238        0x1 Src/screen12.o
                0x0000000020000238                list_counter
 .bss           0x0000000020000239        0x1 Src/screen15.o
                0x0000000020000239                node_to_delete
 .bss           0x000000002000023a        0x8 Src/screen3.o
                0x000000002000023a                max_nodes
                0x000000002000023c                list_position
                0x000000002000023d                temp_position
                0x000000002000023e                s
                0x0000000020000240                local_p
 .bss           0x0000000020000242        0x6 Src/screen4.o
                0x0000000020000242                error
                0x0000000020000243                param_number
                0x0000000020000244                button_calls
                0x0000000020000246                temp1
 *(.bss*)
 .bss.__malloc_free_list
                0x0000000020000248        0x4 /home/gorian/.p2/pool/plugins/fr.ac6.mcu.externaltools.arm-none.linux64_1.15.0.201708311556/tools/compiler/bin/../lib/gcc/arm-none-eabi/6.3.1/../../../../arm-none-eabi/lib/thumb/v7-m/libc_nano.a(lib_a-nano-mallocr.o)
                0x0000000020000248                __malloc_free_list
 .bss.__malloc_sbrk_start
                0x000000002000024c        0x4 /home/gorian/.p2/pool/plugins/fr.ac6.mcu.externaltools.arm-none.linux64_1.15.0.201708311556/tools/compiler/bin/../lib/gcc/arm-none-eabi/6.3.1/../../../../arm-none-eabi/lib/thumb/v7-m/libc_nano.a(lib_a-nano-mallocr.o)
                0x000000002000024c                __malloc_sbrk_start
 .bss.heap_end.4116
                0x0000000020000250        0x4 /home/gorian/.p2/pool/plugins/fr.ac6.mcu.externaltools.arm-none.linux64_1.15.0.201708311556/tools/compiler/bin/../lib/gcc/arm-none-eabi/6.3.1/../../../../arm-none-eabi/lib/thumb/v7-m/libnosys.a(sbrk.o)
 *(COMMON)
 COMMON         0x0000000020000254        0x4 Drivers/STM32F1xx_HAL_Driver/Src/stm32f1xx_hal.o
                0x0000000020000254                uwTick
 COMMON         0x0000000020000258      0x800 Src/main.o
                0x0000000020000258                awg_struct
                0x000000002000044c                Transfer_cplt
                0x000000002000044d                Rx_indx
                0x0000000020000450                htim4
                0x0000000020000490                position_x
                0x0000000020000492                Rx_UART1
                0x0000000020000494                Rx_data
                0x0000000020000498                Rx_Buffer_X
                0x000000002000049c                htim3
                0x00000000200004dc                sdatestructureget
                0x00000000200004e0                Rx_Buffer_Y
                0x00000000200004e4                huart1
                0x0000000020000524                hrtc
                0x0000000020000538                position_y
                0x000000002000053c                data
                0x0000000020000570                htim1
                0x00000000200005b0                Rx_Buffer
                0x00000000200005b4                stimestructureget
                0x00000000200005b8                huart2
                0x00000000200005f8                hpcd_USB_FS
 COMMON         0x0000000020000a58       0xbc Src/screen1.o
                0x0000000020000a58                temp_left_eye
                0x0000000020000a60                _pcs
                0x0000000020000a62                _right_cov
                0x0000000020000a64                temp_right_cov
                0x0000000020000a6c                _knife
                0x0000000020000a70                temp_pcs_done
                0x0000000020000a84                _length
                0x0000000020000a86                _pcs_done
                0x0000000020000a88                temp_left_cov
                0x0000000020000a90                temp_pcs
                0x0000000020000aa4                temp_name
                0x0000000020000ab8                temp_knife_move_back
                0x0000000020000acc                temp_knife
                0x0000000020000ae0                _knife_move_back
                0x0000000020000ae2                _left_cov
                0x0000000020000ae3                _right_eye
                0x0000000020000ae4                temp_length
                0x0000000020000af4                _left_eye
                0x0000000020000af8                _name
                0x0000000020000b0c                temp_right_eye
 COMMON         0x0000000020000b14       0x18 Src/screen10.o
                0x0000000020000b14                temp_minutes
                0x0000000020000b18                temp_year
                0x0000000020000b1c                temp_str
                0x0000000020000b20                temp_month
                0x0000000020000b24                temp_hours
                0x0000000020000b28                temp_day
 *fill*         0x0000000020000b2c        0x4 
 COMMON         0x0000000020000b30       0x34 Src/screen11.o
                0x0000000020000b30                dot_char_2
                0x0000000020000b34                temp_knife_move_back_mm
                0x0000000020000b44                dot_char_1
                0x0000000020000b48                tempFloat
                0x0000000020000b50                first_char_1
                0x0000000020000b54                temp_knife_mm
 COMMON         0x0000000020000b64        0x4 /home/gorian/.p2/pool/plugins/fr.ac6.mcu.externaltools.arm-none.linux64_1.15.0.201708311556/tools/compiler/bin/../lib/gcc/arm-none-eabi/6.3.1/../../../../arm-none-eabi/lib/thumb/v7-m/libc_nano.a(lib_a-reent.o)
                0x0000000020000b64                errno
                0x0000000020000b68                . = ALIGN (0x4)
                0x0000000020000b68                _ebss = .
                0x0000000020000b68                __bss_end__ = _ebss

._user_heap_stack
                0x0000000020000b68      0x600 load address 0x00000000080103e0
                0x0000000020000b68                . = ALIGN (0x8)
                0x0000000020000b68                PROVIDE (end, .)
                [!provide]                        PROVIDE (_end, .)
                0x0000000020000d68                . = (. + _Min_Heap_Size)
 *fill*         0x0000000020000b68      0x200 
                0x0000000020001168                . = (. + _Min_Stack_Size)
 *fill*         0x0000000020000d68      0x400 
                0x0000000020001168                . = ALIGN (0x8)

/DISCARD/
 libc.a(*)
 libm.a(*)
 libgcc.a(*)

.ARM.attributes
                0x0000000000000000       0x29
 *(.ARM.attributes)
 .ARM.attributes
                0x0000000000000000       0x1d /home/gorian/.p2/pool/plugins/fr.ac6.mcu.externaltools.arm-none.linux64_1.15.0.201708311556/tools/compiler/bin/../lib/gcc/arm-none-eabi/6.3.1/thumb/v7-m/crti.o
 .ARM.attributes
                0x000000000000001d       0x2d /home/gorian/.p2/pool/plugins/fr.ac6.mcu.externaltools.arm-none.linux64_1.15.0.201708311556/tools/compiler/bin/../lib/gcc/arm-none-eabi/6.3.1/thumb/v7-m/crtbegin.o
 .ARM.attributes
                0x000000000000004a       0x33 Drivers/STM32F1xx_HAL_Driver/Src/stm32f1xx_hal.o
 .ARM.attributes
                0x000000000000007d       0x33 Drivers/STM32F1xx_HAL_Driver/Src/stm32f1xx_hal_cortex.o
 .ARM.attributes
                0x00000000000000b0       0x33 Drivers/STM32F1xx_HAL_Driver/Src/stm32f1xx_hal_dma.o
 .ARM.attributes
                0x00000000000000e3       0x33 Drivers/STM32F1xx_HAL_Driver/Src/stm32f1xx_hal_gpio.o
 .ARM.attributes
                0x0000000000000116       0x33 Drivers/STM32F1xx_HAL_Driver/Src/stm32f1xx_hal_pcd.o
 .ARM.attributes
                0x0000000000000149       0x33 Drivers/STM32F1xx_HAL_Driver/Src/stm32f1xx_hal_pwr.o
 .ARM.attributes
                0x000000000000017c       0x33 Drivers/STM32F1xx_HAL_Driver/Src/stm32f1xx_hal_rcc.o
 .ARM.attributes
                0x00000000000001af       0x33 Drivers/STM32F1xx_HAL_Driver/Src/stm32f1xx_hal_rcc_ex.o
 .ARM.attributes
                0x00000000000001e2       0x33 Drivers/STM32F1xx_HAL_Driver/Src/stm32f1xx_hal_rtc.o
 .ARM.attributes
                0x0000000000000215       0x33 Drivers/STM32F1xx_HAL_Driver/Src/stm32f1xx_hal_rtc_ex.o
 .ARM.attributes
                0x0000000000000248       0x33 Drivers/STM32F1xx_HAL_Driver/Src/stm32f1xx_hal_tim.o
 .ARM.attributes
                0x000000000000027b       0x33 Drivers/STM32F1xx_HAL_Driver/Src/stm32f1xx_hal_tim_ex.o
 .ARM.attributes
                0x00000000000002ae       0x33 Drivers/STM32F1xx_HAL_Driver/Src/stm32f1xx_hal_uart.o
 .ARM.attributes
                0x00000000000002e1       0x33 Drivers/STM32F1xx_HAL_Driver/Src/stm32f1xx_ll_usb.o
 .ARM.attributes
                0x0000000000000314       0x33 Src/init.o
 .ARM.attributes
                0x0000000000000347       0x33 Src/lista.o
 .ARM.attributes
                0x000000000000037a       0x33 Src/main.o
 .ARM.attributes
                0x00000000000003ad       0x33 Src/process.o
 .ARM.attributes
                0x00000000000003e0       0x33 Src/screen1.o
 .ARM.attributes
                0x0000000000000413       0x33 Src/screen10.o
 .ARM.attributes
                0x0000000000000446       0x33 Src/screen11.o
 .ARM.attributes
                0x0000000000000479       0x33 Src/screen12.o
 .ARM.attributes
                0x00000000000004ac       0x33 Src/screen13.o
 .ARM.attributes
                0x00000000000004df       0x33 Src/screen15.o
 .ARM.attributes
                0x0000000000000512       0x33 Src/screen3.o
 .ARM.attributes
                0x0000000000000545       0x33 Src/screen4.o
 .ARM.attributes
                0x0000000000000578       0x33 Src/screen6.o
 .ARM.attributes
                0x00000000000005ab       0x33 Src/screen6_1.o
 .ARM.attributes
                0x00000000000005de       0x33 Src/screen7.o
 .ARM.attributes
                0x0000000000000611       0x33 Src/screen8.o
 .ARM.attributes
                0x0000000000000644       0x33 Src/screen9.o
 .ARM.attributes
                0x0000000000000677       0x33 Src/stm32f1xx_hal_msp.o
 .ARM.attributes
                0x00000000000006aa       0x33 Src/stm32f1xx_it.o
 .ARM.attributes
                0x00000000000006dd       0x33 Src/system_stm32f1xx.o
 .ARM.attributes
                0x0000000000000710       0x21 startup/startup_stm32f103xb.o
 .ARM.attributes
                0x0000000000000731       0x1d /home/gorian/.p2/pool/plugins/fr.ac6.mcu.externaltools.arm-none.linux64_1.15.0.201708311556/tools/compiler/bin/../lib/gcc/arm-none-eabi/6.3.1/thumb/v7-m/libgcc.a(_arm_addsubdf3.o)
 .ARM.attributes
                0x000000000000074e       0x1d /home/gorian/.p2/pool/plugins/fr.ac6.mcu.externaltools.arm-none.linux64_1.15.0.201708311556/tools/compiler/bin/../lib/gcc/arm-none-eabi/6.3.1/thumb/v7-m/libgcc.a(_arm_muldivdf3.o)
 .ARM.attributes
                0x000000000000076b       0x1d /home/gorian/.p2/pool/plugins/fr.ac6.mcu.externaltools.arm-none.linux64_1.15.0.201708311556/tools/compiler/bin/../lib/gcc/arm-none-eabi/6.3.1/thumb/v7-m/libgcc.a(_arm_cmpdf2.o)
 .ARM.attributes
                0x0000000000000788       0x1d /home/gorian/.p2/pool/plugins/fr.ac6.mcu.externaltools.arm-none.linux64_1.15.0.201708311556/tools/compiler/bin/../lib/gcc/arm-none-eabi/6.3.1/thumb/v7-m/libgcc.a(_arm_fixdfsi.o)
 .ARM.attributes
                0x00000000000007a5       0x2d /home/gorian/.p2/pool/plugins/fr.ac6.mcu.externaltools.arm-none.linux64_1.15.0.201708311556/tools/compiler/bin/../lib/gcc/arm-none-eabi/6.3.1/../../../../arm-none-eabi/lib/thumb/v7-m/libc_nano.a(lib_a-atof.o)
 .ARM.attributes
                0x00000000000007d2       0x2d /home/gorian/.p2/pool/plugins/fr.ac6.mcu.externaltools.arm-none.linux64_1.15.0.201708311556/tools/compiler/bin/../lib/gcc/arm-none-eabi/6.3.1/../../../../arm-none-eabi/lib/thumb/v7-m/libc_nano.a(lib_a-atoi.o)
 .ARM.attributes
                0x00000000000007ff       0x2d /home/gorian/.p2/pool/plugins/fr.ac6.mcu.externaltools.arm-none.linux64_1.15.0.201708311556/tools/compiler/bin/../lib/gcc/arm-none-eabi/6.3.1/../../../../arm-none-eabi/lib/thumb/v7-m/libc_nano.a(lib_a-impure.o)
 .ARM.attributes
                0x000000000000082c       0x2d /home/gorian/.p2/pool/plugins/fr.ac6.mcu.externaltools.arm-none.linux64_1.15.0.201708311556/tools/compiler/bin/../lib/gcc/arm-none-eabi/6.3.1/../../../../arm-none-eabi/lib/thumb/v7-m/libc_nano.a(lib_a-init.o)
 .ARM.attributes
                0x0000000000000859       0x2d /home/gorian/.p2/pool/plugins/fr.ac6.mcu.externaltools.arm-none.linux64_1.15.0.201708311556/tools/compiler/bin/../lib/gcc/arm-none-eabi/6.3.1/../../../../arm-none-eabi/lib/thumb/v7-m/libc_nano.a(lib_a-malloc.o)
 .ARM.attributes
                0x0000000000000886       0x2d /home/gorian/.p2/pool/plugins/fr.ac6.mcu.externaltools.arm-none.linux64_1.15.0.201708311556/tools/compiler/bin/../lib/gcc/arm-none-eabi/6.3.1/../../../../arm-none-eabi/lib/thumb/v7-m/libc_nano.a(lib_a-memset.o)
 .ARM.attributes
                0x00000000000008b3       0x2d /home/gorian/.p2/pool/plugins/fr.ac6.mcu.externaltools.arm-none.linux64_1.15.0.201708311556/tools/compiler/bin/../lib/gcc/arm-none-eabi/6.3.1/../../../../arm-none-eabi/lib/thumb/v7-m/libc_nano.a(lib_a-nano-freer.o)
 .ARM.attributes
                0x00000000000008e0       0x2d /home/gorian/.p2/pool/plugins/fr.ac6.mcu.externaltools.arm-none.linux64_1.15.0.201708311556/tools/compiler/bin/../lib/gcc/arm-none-eabi/6.3.1/../../../../arm-none-eabi/lib/thumb/v7-m/libc_nano.a(lib_a-nano-mallocr.o)
 .ARM.attributes
                0x000000000000090d       0x2d /home/gorian/.p2/pool/plugins/fr.ac6.mcu.externaltools.arm-none.linux64_1.15.0.201708311556/tools/compiler/bin/../lib/gcc/arm-none-eabi/6.3.1/../../../../arm-none-eabi/lib/thumb/v7-m/libc_nano.a(lib_a-nano-vfprintf_float.o)
 .ARM.attributes
                0x000000000000093a       0x2d /home/gorian/.p2/pool/plugins/fr.ac6.mcu.externaltools.arm-none.linux64_1.15.0.201708311556/tools/compiler/bin/../lib/gcc/arm-none-eabi/6.3.1/../../../../arm-none-eabi/lib/thumb/v7-m/libc_nano.a(lib_a-nano-vfprintf_i.o)
 .ARM.attributes
                0x0000000000000967       0x2d /home/gorian/.p2/pool/plugins/fr.ac6.mcu.externaltools.arm-none.linux64_1.15.0.201708311556/tools/compiler/bin/../lib/gcc/arm-none-eabi/6.3.1/../../../../arm-none-eabi/lib/thumb/v7-m/libc_nano.a(lib_a-sbrkr.o)
 .ARM.attributes
                0x0000000000000994       0x2d /home/gorian/.p2/pool/plugins/fr.ac6.mcu.externaltools.arm-none.linux64_1.15.0.201708311556/tools/compiler/bin/../lib/gcc/arm-none-eabi/6.3.1/../../../../arm-none-eabi/lib/thumb/v7-m/libc_nano.a(lib_a-sprintf.o)
 .ARM.attributes
                0x00000000000009c1       0x2d /home/gorian/.p2/pool/plugins/fr.ac6.mcu.externaltools.arm-none.linux64_1.15.0.201708311556/tools/compiler/bin/../lib/gcc/arm-none-eabi/6.3.1/../../../../arm-none-eabi/lib/thumb/v7-m/libc_nano.a(lib_a-strcpy.o)
 .ARM.attributes
                0x00000000000009ee       0x17 /home/gorian/.p2/pool/plugins/fr.ac6.mcu.externaltools.arm-none.linux64_1.15.0.201708311556/tools/compiler/bin/../lib/gcc/arm-none-eabi/6.3.1/../../../../arm-none-eabi/lib/thumb/v7-m/libc_nano.a(lib_a-strlen.o)