Archive member included to satisfy reference by file (symbol)

/home/gorian/.p2/pool/plugins/fr.ac6.mcu.externaltools.arm-none.linux64_1.15.0.201708311556/tools/compiler/bin/../lib/gcc/arm-none-eabi/6.3.1/../../../../arm-none-eabi/lib/thumb/v7-m/libc_nano.a(lib_a-atoi.o)
                              Src/main.o (atoi)
/home/gorian/.p2/pool/plugins/fr.ac6.mcu.externaltools.arm-none.linux64_1.15.0.201708311556/tools/compiler/bin/../lib/gcc/arm-none-eabi/6.3.1/../../../../arm-none-eabi/lib/thumb/v7-m/libc_nano.a(lib_a-exit.o)
                              /home/gorian/.p2/pool/plugins/fr.ac6.mcu.externaltools.arm-none.linux64_1.15.0.201708311556/tools/compiler/bin/../lib/gcc/arm-none-eabi/6.3.1/../../../../arm-none-eabi/lib/thumb/v7-m/crt0.o (exit)
/home/gorian/.p2/pool/plugins/fr.ac6.mcu.externaltools.arm-none.linux64_1.15.0.201708311556/tools/compiler/bin/../lib/gcc/arm-none-eabi/6.3.1/../../../../arm-none-eabi/lib/thumb/v7-m/libc_nano.a(lib_a-impure.o)
                              /home/gorian/.p2/pool/plugins/fr.ac6.mcu.externaltools.arm-none.linux64_1.15.0.201708311556/tools/compiler/bin/../lib/gcc/arm-none-eabi/6.3.1/../../../../arm-none-eabi/lib/thumb/v7-m/libc_nano.a(lib_a-exit.o) (_global_impure_ptr)
/home/gorian/.p2/pool/plugins/fr.ac6.mcu.externaltools.arm-none.linux64_1.15.0.201708311556/tools/compiler/bin/../lib/gcc/arm-none-eabi/6.3.1/../../../../arm-none-eabi/lib/thumb/v7-m/libc_nano.a(lib_a-init.o)
                              /home/gorian/.p2/pool/plugins/fr.ac6.mcu.externaltools.arm-none.linux64_1.15.0.201708311556/tools/compiler/bin/../lib/gcc/arm-none-eabi/6.3.1/../../../../arm-none-eabi/lib/thumb/v7-m/crt0.o (__libc_init_array)
/home/gorian/.p2/pool/plugins/fr.ac6.mcu.externaltools.arm-none.linux64_1.15.0.201708311556/tools/compiler/bin/../lib/gcc/arm-none-eabi/6.3.1/../../../../arm-none-eabi/lib/thumb/v7-m/libc_nano.a(lib_a-malloc.o)
                              Src/lista.o (malloc)
/home/gorian/.p2/pool/plugins/fr.ac6.mcu.externaltools.arm-none.linux64_1.15.0.201708311556/tools/compiler/bin/../lib/gcc/arm-none-eabi/6.3.1/../../../../arm-none-eabi/lib/thumb/v7-m/libc_nano.a(lib_a-memset.o)
                              /home/gorian/.p2/pool/plugins/fr.ac6.mcu.externaltools.arm-none.linux64_1.15.0.201708311556/tools/compiler/bin/../lib/gcc/arm-none-eabi/6.3.1/../../../../arm-none-eabi/lib/thumb/v7-m/crt0.o (memset)
/home/gorian/.p2/pool/plugins/fr.ac6.mcu.externaltools.arm-none.linux64_1.15.0.201708311556/tools/compiler/bin/../lib/gcc/arm-none-eabi/6.3.1/../../../../arm-none-eabi/lib/thumb/v7-m/libc_nano.a(lib_a-nano-freer.o)
                              /home/gorian/.p2/pool/plugins/fr.ac6.mcu.externaltools.arm-none.linux64_1.15.0.201708311556/tools/compiler/bin/../lib/gcc/arm-none-eabi/6.3.1/../../../../arm-none-eabi/lib/thumb/v7-m/libc_nano.a(lib_a-malloc.o) (_free_r)
/home/gorian/.p2/pool/plugins/fr.ac6.mcu.externaltools.arm-none.linux64_1.15.0.201708311556/tools/compiler/bin/../lib/gcc/arm-none-eabi/6.3.1/../../../../arm-none-eabi/lib/thumb/v7-m/libc_nano.a(lib_a-nano-mallocr.o)
                              /home/gorian/.p2/pool/plugins/fr.ac6.mcu.externaltools.arm-none.linux64_1.15.0.201708311556/tools/compiler/bin/../lib/gcc/arm-none-eabi/6.3.1/../../../../arm-none-eabi/lib/thumb/v7-m/libc_nano.a(lib_a-malloc.o) (_malloc_r)
/home/gorian/.p2/pool/plugins/fr.ac6.mcu.externaltools.arm-none.linux64_1.15.0.201708311556/tools/compiler/bin/../lib/gcc/arm-none-eabi/6.3.1/../../../../arm-none-eabi/lib/thumb/v7-m/libc_nano.a(lib_a-sbrkr.o)
                              /home/gorian/.p2/pool/plugins/fr.ac6.mcu.externaltools.arm-none.linux64_1.15.0.201708311556/tools/compiler/bin/../lib/gcc/arm-none-eabi/6.3.1/../../../../arm-none-eabi/lib/thumb/v7-m/libc_nano.a(lib_a-nano-mallocr.o) (_sbrk_r)
/home/gorian/.p2/pool/plugins/fr.ac6.mcu.externaltools.arm-none.linux64_1.15.0.201708311556/tools/compiler/bin/../lib/gcc/arm-none-eabi/6.3.1/../../../../arm-none-eabi/lib/thumb/v7-m/libc_nano.a(lib_a-sprintf.o)
                              Src/init.o (sprintf)
/home/gorian/.p2/pool/plugins/fr.ac6.mcu.externaltools.arm-none.linux64_1.15.0.201708311556/tools/compiler/bin/../lib/gcc/arm-none-eabi/6.3.1/../../../../arm-none-eabi/lib/thumb/v7-m/libc_nano.a(lib_a-strcpy.o)
                              Src/lista.o (strcpy)
/home/gorian/.p2/pool/plugins/fr.ac6.mcu.externaltools.arm-none.linux64_1.15.0.201708311556/tools/compiler/bin/../lib/gcc/arm-none-eabi/6.3.1/../../../../arm-none-eabi/lib/thumb/v7-m/libc_nano.a(lib_a-strlen.o)
                              Src/screen10.o (strlen)
/home/gorian/.p2/pool/plugins/fr.ac6.mcu.externaltools.arm-none.linux64_1.15.0.201708311556/tools/compiler/bin/../lib/gcc/arm-none-eabi/6.3.1/../../../../arm-none-eabi/lib/thumb/v7-m/libc_nano.a(lib_a-strtol.o)
[...]
Memory Configuration

Name             Origin             Length             Attributes
RAM              0x0000000020000000 0x0000000000005000 xrw
FLASH            0x0000000008000000 0x0000000000010000 xr
*default*        0x0000000000000000 0xffffffffffffffff

Linker script and memory map

LOAD /home/gorian/.p2/pool/plugins/fr.ac6.mcu.externaltools.arm-none.linux64_1.15.0.201708311556/tools/compiler/bin/../lib/gcc/arm-none-eabi/6.3.1/thumb/v7-m/crti.o
LOAD /home/gorian/.p2/pool/plugins/fr.ac6.mcu.externaltools.arm-none.linux64_1.15.0.201708311556/tools/compiler/bin/../lib/gcc/arm-none-eabi/6.3.1/thumb/v7-m/crtbegin.o
LOAD /home/gorian/.p2/pool/plugins/fr.ac6.mcu.externaltools.arm-none.linux64_1.15.0.201708311556/tools/compiler/bin/../lib/gcc/arm-none-eabi/6.3.1/../../../../arm-none-eabi/lib/thumb/v7-m/crt0.o
LOAD Drivers/CMSIS/Device/ST/STM32F1xx/Source/Templates/gcc/startup_stm32f103xb.o
LOAD Drivers/CMSIS/Device/ST/STM32F1xx/Source/Templates/system_stm32f1xx.o
LOAD Drivers/STM32F1xx_HAL_Driver/Src/stm32f1xx_hal.o
LOAD Drivers/STM32F1xx_HAL_Driver/Src/stm32f1xx_hal_cortex.o
LOAD Drivers/STM32F1xx_HAL_Driver/Src/stm32f1xx_hal_dma.o
LOAD Drivers/STM32F1xx_HAL_Driver/Src/stm32f1xx_hal_flash.o
LOAD Drivers/STM32F1xx_HAL_Driver/Src/stm32f1xx_hal_flash_ex.o
LOAD Drivers/STM32F1xx_HAL_Driver/Src/stm32f1xx_hal_gpio.o
LOAD Drivers/STM32F1xx_HAL_Driver/Src/stm32f1xx_hal_gpio_ex.o
LOAD Drivers/STM32F1xx_HAL_Driver/Src/stm32f1xx_hal_pcd.o
LOAD Drivers/STM32F1xx_HAL_Driver/Src/stm32f1xx_hal_pcd_ex.o
LOAD Drivers/STM32F1xx_HAL_Driver/Src/stm32f1xx_hal_pwr.o
LOAD Drivers/STM32F1xx_HAL_Driver/Src/stm32f1xx_hal_rcc.o
LOAD Drivers/STM32F1xx_HAL_Driver/Src/stm32f1xx_hal_rcc_ex.o
LOAD Drivers/STM32F1xx_HAL_Driver/Src/stm32f1xx_hal_rtc.o
LOAD Drivers/STM32F1xx_HAL_Driver/Src/stm32f1xx_hal_rtc_ex.o
LOAD Drivers/STM32F1xx_HAL_Driver/Src/stm32f1xx_hal_tim.o
LOAD Drivers/STM32F1xx_HAL_Driver/Src/stm32f1xx_hal_tim_ex.o
LOAD Drivers/STM32F1xx_HAL_Driver/Src/stm32f1xx_hal_uart.o
LOAD Drivers/STM32F1xx_HAL_Driver/Src/stm32f1xx_ll_usb.o
LOAD Src/init.o
LOAD Src/lista.o
LOAD Src/main.o
LOAD Src/process.o
LOAD Src/screen1.o
LOAD Src/screen10.o
LOAD Src/screen11.o
LOAD Src/screen12.o
LOAD Src/screen13.o
LOAD Src/screen3.o
LOAD Src/screen4.o
LOAD Src/screen6.o
LOAD Src/screen7.o
LOAD Src/screen9.o
LOAD Src/stm32f1xx_hal_msp.o
LOAD Src/stm32f1xx_it.o
LOAD /home/gorian/.p2/pool/plugins/fr.ac6.mcu.externaltools.arm-none.linux64_1.15.0.201708311556/tools/compiler/bin/../lib/gcc/arm-none-eabi/6.3.1/../../../../arm-none-eabi/lib/thumb/v7-m/libm.a
START GROUP
LOAD /home/gorian/.p2/pool/plugins/fr.ac6.mcu.externaltools.arm-none.linux64_1.15.0.201708311556/tools/compiler/bin/../lib/gcc/arm-none-eabi/6.3.1/thumb/v7-m/libgcc.a
LOAD /home/gorian/.p2/pool/plugins/fr.ac6.mcu.externaltools.arm-none.linux64_1.15.0.201708311556/tools/compiler/bin/../lib/gcc/arm-none-eabi/6.3.1/../../../../arm-none-eabi/lib/thumb/v7-m/libc_nano.a
END GROUP
START GROUP
LOAD /home/gorian/.p2/pool/plugins/fr.ac6.mcu.externaltools.arm-none.linux64_1.15.0.201708311556/tools/compiler/bin/../lib/gcc/arm-none-eabi/6.3.1/thumb/v7-m/libgcc.a
LOAD /home/gorian/.p2/pool/plugins/fr.ac6.mcu.externaltools.arm-none.linux64_1.15.0.201708311556/tools/compiler/bin/../lib/gcc/arm-none-eabi/6.3.1/../../../../arm-none-eabi/lib/thumb/v7-m/libc_nano.a
LOAD /home/gorian/.p2/pool/plugins/fr.ac6.mcu.externaltools.arm-none.linux64_1.15.0.201708311556/tools/compiler/bin/../lib/gcc/arm-none-eabi/6.3.1/../../../../arm-none-eabi/lib/thumb/v7-m/libnosys.a
END GROUP
START GROUP
LOAD /home/gorian/.p2/pool/plugins/fr.ac6.mcu.externaltools.arm-none.linux64_1.15.0.201708311556/tools/compiler/bin/../lib/gcc/arm-none-eabi/6.3.1/thumb/v7-m/libgcc.a
LOAD /home/gorian/.p2/pool/plugins/fr.ac6.mcu.externaltools.arm-none.linux64_1.15.0.201708311556/tools/compiler/bin/../lib/gcc/arm-none-eabi/6.3.1/../../../../arm-none-eabi/lib/thumb/v7-m/libc_nano.a
LOAD /home/gorian/.p2/pool/plugins/fr.ac6.mcu.externaltools.arm-none.linux64_1.15.0.201708311556/tools/compiler/bin/../lib/gcc/arm-none-eabi/6.3.1/../../../../arm-none-eabi/lib/thumb/v7-m/libnosys.a
END GROUP
LOAD /home/gorian/.p2/pool/plugins/fr.ac6.mcu.externaltools.arm-none.linux64_1.15.0.201708311556/tools/compiler/bin/../lib/gcc/arm-none-eabi/6.3.1/thumb/v7-m/crtend.o
LOAD /home/gorian/.p2/pool/plugins/fr.ac6.mcu.externaltools.arm-none.linux64_1.15.0.201708311556/tools/compiler/bin/../lib/gcc/arm-none-eabi/6.3.1/thumb/v7-m/crtn.o
                0x0000000020005000                _estack = 0x20005000
                0x0000000000000200                _Min_Heap_Size = 0x200
                0x0000000000000400                _Min_Stack_Size = 0x400

.isr_vector     0x0000000008000000      0x10c
                0x0000000008000000                . = ALIGN (0x4)
 *(.isr_vector)
 .isr_vector    0x0000000008000000      0x10c Drivers/CMSIS/Device/ST/STM32F1xx/Source/Templates/gcc/startup_stm32f103xb.o
                0x0000000008000000                g_pfnVectors
                0x000000000800010c                . = ALIGN (0x4)

.text           0x000000000800010c     0xd074
                0x000000000800010c                . = ALIGN (0x4)
 *(.text)
 .text          0x000000000800010c       0x6c /home/gorian/.p2/pool/plugins/fr.ac6.mcu.externaltools.arm-none.linux64_1.15.0.201708311556/tools/compiler/bin/../lib/gcc/arm-none-eabi/6.3.1/thumb/v7-m/crtbegin.o
 .text          0x0000000008000178       0x10 /home/gorian/.p2/pool/plugins/fr.ac6.mcu.externaltools.arm-none.linux64_1.15.0.201708311556/tools/compiler/bin/../lib/gcc/arm-none-eabi/6.3.1/../../../../arm-none-eabi/lib/thumb/v7-m/libc_nano.a(lib_a-strlen.o)
                0x0000000008000178                strlen
 *(.text*)
 .text.Reset_Handler
                0x0000000008000188       0x48 Drivers/CMSIS/Device/ST/STM32F1xx/Source/Templates/gcc/startup_stm32f103xb.o
                0x0000000008000188                Reset_Handler
 .text.Default_Handler
                0x00000000080001d0        0x2 Drivers/CMSIS/Device/ST/STM32F1xx/Source/Templates/gcc/startup_stm32f103xb.o
                0x00000000080001d0                RTC_Alarm_IRQHandler
                0x00000000080001d0                EXTI2_IRQHandler
                0x00000000080001d0                TIM1_CC_IRQHandler
                0x00000000080001d0                PVD_IRQHandler
                0x00000000080001d0                EXTI3_IRQHandler
                0x00000000080001d0                I2C2_EV_IRQHandler
                0x00000000080001d0                ADC1_2_IRQHandler
                0x00000000080001d0                SPI1_IRQHandler
                0x00000000080001d0                TAMPER_IRQHandler
                0x00000000080001d0                DMA1_Channel4_IRQHandler
                0x00000000080001d0                USART3_IRQHandler
                0x00000000080001d0                DMA1_Channel7_IRQHandler
                0x00000000080001d0                CAN1_RX1_IRQHandler
                0x00000000080001d0                I2C1_EV_IRQHandler
                0x00000000080001d0                DMA1_Channel6_IRQHandler
                0x00000000080001d0                RCC_IRQHandler
                0x00000000080001d0                TIM1_TRG_COM_IRQHandler
                0x00000000080001d0                DMA1_Channel1_IRQHandler
                0x00000000080001d0                Default_Handler
                0x00000000080001d0                EXTI15_10_IRQHandler
                0x00000000080001d0                SPI2_IRQHandler
                0x00000000080001d0                DMA1_Channel5_IRQHandler
                0x00000000080001d0                EXTI4_IRQHandler
                0x00000000080001d0                USB_LP_CAN1_RX0_IRQHandler
                0x00000000080001d0                USB_HP_CAN1_TX_IRQHandler
                0x00000000080001d0                DMA1_Channel3_IRQHandler
                0x00000000080001d0                WWDG_IRQHandler
                0x00000000080001d0                TIM2_IRQHandler
                0x00000000080001d0                TIM1_BRK_IRQHandler
                0x00000000080001d0                EXTI1_IRQHandler
                0x00000000080001d0                I2C2_ER_IRQHandler
                0x00000000080001d0                DMA1_Channel2_IRQHandler
                0x00000000080001d0                CAN1_SCE_IRQHandler
                0x00000000080001d0                FLASH_IRQHandler
                0x00000000080001d0                I2C1_ER_IRQHandler
                0x00000000080001d0                USBWakeUp_IRQHandler
 *fill*         0x00000000080001d2        0x2 
 .text.SystemInit
                0x00000000080001d4       0x68 Drivers/CMSIS/Device/ST/STM32F1xx/Source/Templates/system_stm32f1xx.o
                0x00000000080001d4                SystemInit
 .text.HAL_Init
                0x000000000800023c       0x2c Drivers/STM32F1xx_HAL_Driver/Src/stm32f1xx_hal.o
                0x000000000800023c                HAL_Init
 .text.HAL_InitTick
                0x0000000008000268       0x38 Drivers/STM32F1xx_HAL_Driver/Src/stm32f1xx_hal.o
                0x0000000008000268                HAL_InitTick
 .text.HAL_IncTick
                0x00000000080002a0       0x1c Drivers/STM32F1xx_HAL_Driver/Src/stm32f1xx_hal.o
                0x00000000080002a0                HAL_IncTick
 .text.HAL_GetTick
                0x00000000080002bc       0x14 Drivers/STM32F1xx_HAL_Driver/Src/stm32f1xx_hal.o
                0x00000000080002bc                HAL_GetTick
 .text.HAL_Delay
                0x00000000080002d0       0x2c Drivers/STM32F1xx_HAL_Driver/Src/stm32f1xx_hal.o
                0x00000000080002d0                HAL_Delay
 .text.NVIC_SetPriorityGrouping
                0x00000000080002fc       0x48 Drivers/STM32F1xx_HAL_Driver/Src/stm32f1xx_hal_cortex.o
 .text.NVIC_GetPriorityGrouping
                0x0000000008000344       0x1c Drivers/STM32F1xx_HAL_Driver/Src/stm32f1xx_hal_cortex.o
 .text.NVIC_EnableIRQ
                0x0000000008000360       0x30 Drivers/STM32F1xx_HAL_Driver/Src/stm32f1xx_hal_cortex.o
 .text.NVIC_SetPriority
                0x0000000008000390       0x54 Drivers/STM32F1xx_HAL_Driver/Src/stm32f1xx_hal_cortex.o
 .text.NVIC_EncodePriority
                0x00000000080003e4       0x60 Drivers/STM32F1xx_HAL_Driver/Src/stm32f1xx_hal_cortex.o
 .text.SysTick_Config
                0x0000000008000444       0x44 Drivers/STM32F1xx_HAL_Driver/Src/stm32f1xx_hal_cortex.o
 .text.HAL_NVIC_SetPriorityGrouping
                0x0000000008000488       0x16 Drivers/STM32F1xx_HAL_Driver/Src/stm32f1xx_hal_cortex.o
                0x0000000008000488                HAL_NVIC_SetPriorityGrouping
 .text.HAL_NVIC_SetPriority
                0x000000000800049e       0x38 Drivers/STM32F1xx_HAL_Driver/Src/stm32f1xx_hal_cortex.o
                0x000000000800049e                HAL_NVIC_SetPriority
 .text.HAL_NVIC_EnableIRQ
                0x00000000080004d6       0x1c Drivers/STM32F1xx_HAL_Driver/Src/stm32f1xx_hal_cortex.o
                0x00000000080004d6                HAL_NVIC_EnableIRQ
 .text.HAL_SYSTICK_Config
                0x00000000080004f2       0x18 Drivers/STM32F1xx_HAL_Driver/Src/stm32f1xx_hal_cortex.o
                0x00000000080004f2                HAL_SYSTICK_Config
 *fill*         0x000000000800050a        0x2 
 .text.HAL_SYSTICK_CLKSourceConfig
                0x000000000800050c       0x38 Drivers/STM32F1xx_HAL_Driver/Src/stm32f1xx_hal_cortex.o
                0x000000000800050c                HAL_SYSTICK_CLKSourceConfig
 .text.HAL_SYSTICK_IRQHandler
                0x0000000008000544        0xc Drivers/STM32F1xx_HAL_Driver/Src/stm32f1xx_hal_cortex.o
                0x0000000008000544                HAL_SYSTICK_IRQHandler
 .text.HAL_SYSTICK_Callback
                0x0000000008000550        0xc Drivers/STM32F1xx_HAL_Driver/Src/stm32f1xx_hal_cortex.o
                0x0000000008000550                HAL_SYSTICK_Callback
 .text.HAL_GPIO_Init
                0x000000000800055c      0x2bc Drivers/STM32F1xx_HAL_Driver/Src/stm32f1xx_hal_gpio.o
                0x000000000800055c                HAL_GPIO_Init
 .text.HAL_GPIO_ReadPin
                0x0000000008000818       0x2e Drivers/STM32F1xx_HAL_Driver/Src/stm32f1xx_hal_gpio.o
                0x0000000008000818                HAL_GPIO_ReadPin
 .text.HAL_GPIO_WritePin
                0x0000000008000846       0x30 Drivers/STM32F1xx_HAL_Driver/Src/stm32f1xx_hal_gpio.o
                0x0000000008000846                HAL_GPIO_WritePin
 .text.HAL_GPIO_TogglePin
                0x0000000008000876       0x22 Drivers/STM32F1xx_HAL_Driver/Src/stm32f1xx_hal_gpio.o
                0x0000000008000876                HAL_GPIO_TogglePin
 .text.HAL_GPIO_EXTI_IRQHandler
                0x0000000008000898       0x30 Drivers/STM32F1xx_HAL_Driver/Src/stm32f1xx_hal_gpio.o
                0x0000000008000898                HAL_GPIO_EXTI_IRQHandler
 .text.HAL_PCD_Init
                0x00000000080008c8      0x1b4 Drivers/STM32F1xx_HAL_Driver/Src/stm32f1xx_hal_pcd.o
                0x00000000080008c8                HAL_PCD_Init
 .text.HAL_PWR_EnableBkUpAccess
                0x0000000008000a7c       0x34 Drivers/STM32F1xx_HAL_Driver/Src/stm32f1xx_hal_pwr.o
                0x0000000008000a7c                HAL_PWR_EnableBkUpAccess
 .text.HAL_RCC_OscConfig
                0x0000000008000ab0      0xc3c Drivers/STM32F1xx_HAL_Driver/Src/stm32f1xx_hal_rcc.o
                0x0000000008000ab0                HAL_RCC_OscConfig
 .text.HAL_RCC_ClockConfig
                0x00000000080016ec      0x314 Drivers/STM32F1xx_HAL_Driver/Src/stm32f1xx_hal_rcc.o
                0x00000000080016ec                HAL_RCC_ClockConfig
 .text.HAL_RCC_GetSysClockFreq
                0x0000000008001a00       0xf0 Drivers/STM32F1xx_HAL_Driver/Src/stm32f1xx_hal_rcc.o
                0x0000000008001a00                HAL_RCC_GetSysClockFreq
 .text.HAL_RCC_GetHCLKFreq
                0x0000000008001af0       0x14 Drivers/STM32F1xx_HAL_Driver/Src/stm32f1xx_hal_rcc.o
                0x0000000008001af0                HAL_RCC_GetHCLKFreq
 .text.HAL_RCC_GetPCLK1Freq
                0x0000000008001b04       0x44 Drivers/STM32F1xx_HAL_Driver/Src/stm32f1xx_hal_rcc.o
                0x0000000008001b04                HAL_RCC_GetPCLK1Freq
 .text.HAL_RCC_GetPCLK2Freq
                0x0000000008001b48       0x44 Drivers/STM32F1xx_HAL_Driver/Src/stm32f1xx_hal_rcc.o
                0x0000000008001b48                HAL_RCC_GetPCLK2Freq
 .text.HAL_RCCEx_PeriphCLKConfig
                0x0000000008001b8c      0x1c8 Drivers/STM32F1xx_HAL_Driver/Src/stm32f1xx_hal_rcc_ex.o
                0x0000000008001b8c                HAL_RCCEx_PeriphCLKConfig
 .text.HAL_RCCEx_GetPeriphCLKFreq
                0x0000000008001d54      0x1c0 Drivers/STM32F1xx_HAL_Driver/Src/stm32f1xx_hal_rcc_ex.o
                0x0000000008001d54                HAL_RCCEx_GetPeriphCLKFreq
 .text.HAL_RTC_Init
                0x0000000008001f14      0x12c Drivers/STM32F1xx_HAL_Driver/Src/stm32f1xx_hal_rtc.o
                0x0000000008001f14                HAL_RTC_Init
 .text.HAL_RTC_SetTime
                0x0000000008002040      0x12e Drivers/STM32F1xx_HAL_Driver/Src/stm32f1xx_hal_rtc.o
                0x0000000008002040                HAL_RTC_SetTime
 *fill*         0x000000000800216e        0x2 
 .text.HAL_RTC_GetTime
                0x0000000008002170      0x1b0 Drivers/STM32F1xx_HAL_Driver/Src/stm32f1xx_hal_rtc.o
                0x0000000008002170                HAL_RTC_GetTime
 .text.HAL_RTC_SetDate
                0x0000000008002320      0x16c Drivers/STM32F1xx_HAL_Driver/Src/stm32f1xx_hal_rtc.o
                0x0000000008002320                HAL_RTC_SetDate
 .text.HAL_RTC_GetDate
                0x000000000800248c       0xa8 Drivers/STM32F1xx_HAL_Driver/Src/stm32f1xx_hal_rtc.o
                0x000000000800248c                HAL_RTC_GetDate
 .text.HAL_RTC_WaitForSynchro
                0x0000000008002534       0x5a Drivers/STM32F1xx_HAL_Driver/Src/stm32f1xx_hal_rtc.o
                0x0000000008002534                HAL_RTC_WaitForSynchro
 .text.RTC_ReadTimeCounter
                0x000000000800258e       0x60 Drivers/STM32F1xx_HAL_Driver/Src/stm32f1xx_hal_rtc.o
 .text.RTC_WriteTimeCounter
                0x00000000080025ee       0x4e Drivers/STM32F1xx_HAL_Driver/Src/stm32f1xx_hal_rtc.o
 .text.RTC_ReadAlarmCounter
                0x000000000800263c       0x32 Drivers/STM32F1xx_HAL_Driver/Src/stm32f1xx_hal_rtc.o
 .text.RTC_WriteAlarmCounter
                0x000000000800266e       0x4e Drivers/STM32F1xx_HAL_Driver/Src/stm32f1xx_hal_rtc.o
 .text.RTC_EnterInitMode
                0x00000000080026bc       0x50 Drivers/STM32F1xx_HAL_Driver/Src/stm32f1xx_hal_rtc.o
 .text.RTC_ExitInitMode
                0x000000000800270c       0x50 Drivers/STM32F1xx_HAL_Driver/Src/stm32f1xx_hal_rtc.o
 .text.RTC_ByteToBcd2
                0x000000000800275c       0x3a Drivers/STM32F1xx_HAL_Driver/Src/stm32f1xx_hal_rtc.o
 .text.RTC_Bcd2ToByte
                0x0000000008002796       0x3a Drivers/STM32F1xx_HAL_Driver/Src/stm32f1xx_hal_rtc.o
 .text.RTC_DateUpdate
                0x00000000080027d0      0x152 Drivers/STM32F1xx_HAL_Driver/Src/stm32f1xx_hal_rtc.o
 *fill*         0x0000000008002922        0x2 
 .text.RTC_IsLeapYear
                0x0000000008002924       0x64 Drivers/STM32F1xx_HAL_Driver/Src/stm32f1xx_hal_rtc.o
 .text.RTC_WeekDayNum
                0x0000000008002988       0xfc Drivers/STM32F1xx_HAL_Driver/Src/stm32f1xx_hal_rtc.o
 .text.HAL_RTCEx_RTCIRQHandler
                0x0000000008002a84       0x68 Drivers/STM32F1xx_HAL_Driver/Src/stm32f1xx_hal_rtc_ex.o
                0x0000000008002a84                HAL_RTCEx_RTCIRQHandler
 .text.HAL_RTCEx_RTCEventCallback
                0x0000000008002aec       0x12 Drivers/STM32F1xx_HAL_Driver/Src/stm32f1xx_hal_rtc_ex.o
                0x0000000008002aec                HAL_RTCEx_RTCEventCallback
 .text.HAL_RTCEx_RTCEventErrorCallback
                0x0000000008002afe       0x12 Drivers/STM32F1xx_HAL_Driver/Src/stm32f1xx_hal_rtc_ex.o
                0x0000000008002afe                HAL_RTCEx_RTCEventErrorCallback
 .text.HAL_TIM_Base_Init
                0x0000000008002b10       0x56 Drivers/STM32F1xx_HAL_Driver/Src/stm32f1xx_hal_tim.o
                0x0000000008002b10                HAL_TIM_Base_Init
 .text.HAL_TIM_Base_MspInit
                0x0000000008002b66       0x12 Drivers/STM32F1xx_HAL_Driver/Src/stm32f1xx_hal_tim.o
                0x0000000008002b66                HAL_TIM_Base_MspInit
 .text.HAL_TIM_Base_Start_IT
                0x0000000008002b78       0x34 Drivers/STM32F1xx_HAL_Driver/Src/stm32f1xx_hal_tim.o
                0x0000000008002b78                HAL_TIM_Base_Start_IT
 .text.HAL_TIM_OnePulse_Init
                0x0000000008002bac       0x78 Drivers/STM32F1xx_HAL_Driver/Src/stm32f1xx_hal_tim.o
                0x0000000008002bac                HAL_TIM_OnePulse_Init
 .text.HAL_TIM_IRQHandler
                0x0000000008002c24      0x210 Drivers/STM32F1xx_HAL_Driver/Src/stm32f1xx_hal_tim.o
                0x0000000008002c24                HAL_TIM_IRQHandler
 .text.HAL_TIM_OC_DelayElapsedCallback
                0x0000000008002e34       0x12 Drivers/STM32F1xx_HAL_Driver/Src/stm32f1xx_hal_tim.o
                0x0000000008002e34                HAL_TIM_OC_DelayElapsedCallback
 .text.HAL_TIM_IC_CaptureCallback
                0x0000000008002e46       0x12 Drivers/STM32F1xx_HAL_Driver/Src/stm32f1xx_hal_tim.o
                0x0000000008002e46                HAL_TIM_IC_CaptureCallback
 .text.HAL_TIM_PWM_PulseFinishedCallback
                0x0000000008002e58       0x12 Drivers/STM32F1xx_HAL_Driver/Src/stm32f1xx_hal_tim.o
                0x0000000008002e58                HAL_TIM_PWM_PulseFinishedCallback
 .text.HAL_TIM_TriggerCallback
                0x0000000008002e6a       0x12 Drivers/STM32F1xx_HAL_Driver/Src/stm32f1xx_hal_tim.o
                0x0000000008002e6a                HAL_TIM_TriggerCallback
 .text.TIM_Base_SetConfig
                0x0000000008002e7c       0xbc Drivers/STM32F1xx_HAL_Driver/Src/stm32f1xx_hal_tim.o
                0x0000000008002e7c                TIM_Base_SetConfig
 .text.HAL_TIMEx_CommutationCallback
                0x0000000008002f38       0x12 Drivers/STM32F1xx_HAL_Driver/Src/stm32f1xx_hal_tim_ex.o
                0x0000000008002f38                HAL_TIMEx_CommutationCallback
 .text.HAL_TIMEx_BreakCallback
                0x0000000008002f4a       0x12 Drivers/STM32F1xx_HAL_Driver/Src/stm32f1xx_hal_tim_ex.o
                0x0000000008002f4a                HAL_TIMEx_BreakCallback
 .text.HAL_UART_Init
                0x0000000008002f5c       0x92 Drivers/STM32F1xx_HAL_Driver/Src/stm32f1xx_hal_uart.o
                0x0000000008002f5c                HAL_UART_Init
 .text.HAL_UART_Transmit
                0x0000000008002fee      0x150 Drivers/STM32F1xx_HAL_Driver/Src/stm32f1xx_hal_uart.o
                0x0000000008002fee                HAL_UART_Transmit
 .text.HAL_UART_Transmit_IT
                0x000000000800313e       0xac Drivers/STM32F1xx_HAL_Driver/Src/stm32f1xx_hal_uart.o
                0x000000000800313e                HAL_UART_Transmit_IT
 .text.HAL_UART_Receive_IT
                0x00000000080031ea       0xcc Drivers/STM32F1xx_HAL_Driver/Src/stm32f1xx_hal_uart.o
                0x00000000080031ea                HAL_UART_Receive_IT
 .text.HAL_UART_IRQHandler
                0x00000000080032b6      0x1ac Drivers/STM32F1xx_HAL_Driver/Src/stm32f1xx_hal_uart.o
                0x00000000080032b6                HAL_UART_IRQHandler
 .text.HAL_UART_ErrorCallback
                0x0000000008003462       0x12 Drivers/STM32F1xx_HAL_Driver/Src/stm32f1xx_hal_uart.o
                0x0000000008003462                HAL_UART_ErrorCallback
 .text.UART_WaitOnFlagUntilTimeout
                0x0000000008003474      0x132 Drivers/STM32F1xx_HAL_Driver/Src/stm32f1xx_hal_uart.o
 .text.UART_Transmit_IT
                0x00000000080035a6       0xb6 Drivers/STM32F1xx_HAL_Driver/Src/stm32f1xx_hal_uart.o
 .text.UART_EndTransmit_IT
                0x000000000800365c       0x46 Drivers/STM32F1xx_HAL_Driver/Src/stm32f1xx_hal_uart.o
 .text.UART_Receive_IT
                0x00000000080036a2      0x126 Drivers/STM32F1xx_HAL_Driver/Src/stm32f1xx_hal_uart.o
 .text.UART_SetConfig
                0x00000000080037c8      0x22c Drivers/STM32F1xx_HAL_Driver/Src/stm32f1xx_hal_uart.o
 .text.USB_CoreInit
                0x00000000080039f4       0x20 Drivers/STM32F1xx_HAL_Driver/Src/stm32f1xx_ll_usb.o
                0x00000000080039f4                USB_CoreInit
 .text.USB_DisableGlobalInt
                0x0000000008003a14       0x38 Drivers/STM32F1xx_HAL_Driver/Src/stm32f1xx_ll_usb.o
                0x0000000008003a14                USB_DisableGlobalInt
 .text.USB_SetCurrentMode
                0x0000000008003a4c       0x18 Drivers/STM32F1xx_HAL_Driver/Src/stm32f1xx_ll_usb.o
                0x0000000008003a4c                USB_SetCurrentMode
 .text.USB_DevInit
                0x0000000008003a64       0x40 Drivers/STM32F1xx_HAL_Driver/Src/stm32f1xx_ll_usb.o
                0x0000000008003a64                USB_DevInit
 .text.USB_DevDisconnect
                0x0000000008003aa4       0x14 Drivers/STM32F1xx_HAL_Driver/Src/stm32f1xx_ll_usb.o
                0x0000000008003aa4                USB_DevDisconnect
 .text.wlaczanie
                0x0000000008003ab8       0xc8 Src/init.o
                0x0000000008003ab8                wlaczanie
 .text.bazowanie
                0x0000000008003b80      0x130 Src/init.o
                0x0000000008003b80                bazowanie
 .text.wstawPocz
                0x0000000008003cb0       0x8a Src/lista.o
                0x0000000008003cb0                wstawPocz
 .text.wstaw    0x0000000008003d3a       0xca Src/lista.o
                0x0000000008003d3a                wstaw
 .text.usun     0x0000000008003e04       0x6c Src/lista.o
                0x0000000008003e04                usun
 .text.zwroc    0x0000000008003e70       0x96 Src/lista.o
                0x0000000008003e70                zwroc
 .text.ilosc_wezlow
                0x0000000008003f06       0x2c Src/lista.o
                0x0000000008003f06                ilosc_wezlow
 *fill*         0x0000000008003f32        0x2 
 .text.wypisz   0x0000000008003f34      0x138 Src/lista.o
                0x0000000008003f34                wypisz
 .text.HAL_GPIO_EXTI_Callback
                0x000000000800406c      0x104 Src/main.o
                0x000000000800406c                HAL_GPIO_EXTI_Callback
 .text.HAL_UART_TxCpltCallback
                0x0000000008004170       0x1c Src/main.o
                0x0000000008004170                HAL_UART_TxCpltCallback
 .text.HAL_UART_RxCpltCallback
                0x000000000800418c      0x38c Src/main.o
                0x000000000800418c                HAL_UART_RxCpltCallback
 .text.HAL_TIM_PeriodElapsedCallback
                0x0000000008004518      0x354 Src/main.o
                0x0000000008004518                HAL_TIM_PeriodElapsedCallback
 .text.main     0x000000000800486c      0x1c0 Src/main.o
                0x000000000800486c                main
 .text.SystemClock_Config
                0x0000000008004a2c       0xc0 Src/main.o
                0x0000000008004a2c                SystemClock_Config
 .text.MX_RTC_Init
                0x0000000008004aec       0x84 Src/main.o
 .text.MX_TIM1_Init
                0x0000000008004b70       0x4c Src/main.o
 .text.MX_TIM3_Init
                0x0000000008004bbc       0x44 Src/main.o
 .text.MX_TIM4_Init
                0x0000000008004c00       0x44 Src/main.o
 .text.MX_USART1_UART_Init
                0x0000000008004c44       0x54 Src/main.o
 .text.MX_USART2_UART_Init
                0x0000000008004c98       0x54 Src/main.o
 .text.MX_USB_PCD_Init
                0x0000000008004cec       0x4c Src/main.o
 .text.MX_GPIO_Init
                0x0000000008004d38      0x148 Src/main.o
 .text.Error_Handler
                0x0000000008004e80        0x6 Src/main.o
                0x0000000008004e80                Error_Handler
 *fill*         0x0000000008004e86        0x2 
 .text.process_run
                0x0000000008004e88      0x654 Src/process.o
                0x0000000008004e88                process_run
 .text.process_mm2i
                0x00000000080054dc       0x38 Src/process.o
                0x00000000080054dc                process_mm2i
 .text.process_steppers_EN
                0x0000000008005514       0x44 Src/process.o
                0x0000000008005514                process_steppers_EN
 .text.process_steppers_CW
                0x0000000008005558       0x58 Src/process.o
                0x0000000008005558                process_steppers_CW
 .text.process_cut
                0x00000000080055b0       0xb4 Src/process.o
                0x00000000080055b0                process_cut
 .text.screen1_init
                0x0000000008005664      0x370 Src/screen1.o
                0x0000000008005664                screen1_init
 .text.screen1_button
                0x00000000080059d4      0x52c Src/screen1.o
                0x00000000080059d4                screen1_button
 .text.screen1_action
                0x0000000008005f00      0x1d0 Src/screen1.o
                0x0000000008005f00                screen1_action
 .text.screen1_program_update
                0x00000000080060d0      0x3b8 Src/screen1.o
                0x00000000080060d0                screen1_program_update
 .text.screen10_init
                0x0000000008006488      0x1d0 Src/screen10.o
                0x0000000008006488                screen10_init
 .text.screen10_button
                0x0000000008006658      0x62c Src/screen10.o
                0x0000000008006658                screen10_button
 .text.screen10_action
                0x0000000008006c84      0x728 Src/screen10.o
                0x0000000008006c84                screen10_action
 .text.screen10_value_update
                0x00000000080073ac      0x584 Src/screen10.o
                0x00000000080073ac                screen10_value_update
 .text.screen11_init
                0x0000000008007930      0x1e8 Src/screen11.o
                0x0000000008007930                screen11_init
 .text.screen11_button
                0x0000000008007b18      0x174 Src/screen11.o
                0x0000000008007b18                screen11_button
 .text.screen11_action
                0x0000000008007c8c      0x208 Src/screen11.o
                0x0000000008007c8c                screen11_action
 .text.screen12_init
                0x0000000008007e94       0x94 Src/screen12.o
                0x0000000008007e94                screen12_init
 .text.screen12_button
                0x0000000008007f28      0x120 Src/screen12.o
                0x0000000008007f28                screen12_button
 .text.screen12_action
                0x0000000008008048       0x48 Src/screen12.o
                0x0000000008008048                screen12_action
 .text.screen12_AWG_struct_fill
                0x0000000008008090      0x53c Src/screen12.o
                0x0000000008008090                screen12_AWG_struct_fill
 .text.screen12_AWG_table
                0x00000000080085cc      0x7a0 Src/screen12.o
                0x00000000080085cc                screen12_AWG_table
 .text.screen13_init
                0x0000000008008d6c       0x88 Src/screen13.o
                0x0000000008008d6c                screen13_init
 .text.screen13_button
                0x0000000008008df4       0x80 Src/screen13.o
                0x0000000008008df4                screen13_button
 .text.screen13_action
                0x0000000008008e74       0x30 Src/screen13.o
                0x0000000008008e74                screen13_action
 .text.screen3_init
                0x0000000008008ea4       0x88 Src/screen3.o
                0x0000000008008ea4                screen3_init
 .text.screen3_button
                0x0000000008008f2c       0x80 Src/screen3.o
                0x0000000008008f2c                screen3_button
 .text.screen3_action
                0x0000000008008fac       0x30 Src/screen3.o
                0x0000000008008fac                screen3_action
 .text.screen4_init
                0x0000000008008fdc      0x2ac Src/screen4.o
                0x0000000008008fdc                screen4_init
 .text.screen4_button
                0x0000000008009288      0x8e0 Src/screen4.o
                0x0000000008009288                screen4_button
 .text.screen4_action
                0x0000000008009b68      0xd90 Src/screen4.o
                0x0000000008009b68                screen4_action
 .text.screen4_value_update
                0x000000000800a8f8      0xd30 Src/screen4.o
                0x000000000800a8f8                screen4_value_update
 .text.screen4_plus_minus
                0x000000000800b628      0x71c Src/screen4.o
                0x000000000800b628                screen4_plus_minus
 .text.screen6_init
                0x000000000800bd44      0x314 Src/screen6.o
                0x000000000800bd44                screen6_init
 .text.screen7_init
                0x000000000800c058       0xb4 Src/screen7.o
                0x000000000800c058                screen7_init
 .text.screen7_button
                0x000000000800c10c       0x80 Src/screen7.o
                0x000000000800c10c                screen7_button
 .text.screen7_action
                0x000000000800c18c       0x30 Src/screen7.o
                0x000000000800c18c                screen7_action
 .text.screen9_init
                0x000000000800c1bc       0xb8 Src/screen9.o
                0x000000000800c1bc                screen9_init
 .text.screen9_button
                0x000000000800c274       0x80 Src/screen9.o
                0x000000000800c274                screen9_button
 .text.screen9_action
                0x000000000800c2f4       0x30 Src/screen9.o
                0x000000000800c2f4                screen9_action
 .text.HAL_MspInit
                0x000000000800c324       0x98 Src/stm32f1xx_hal_msp.o
                0x000000000800c324                HAL_MspInit
 .text.HAL_RTC_MspInit
                0x000000000800c3bc       0x74 Src/stm32f1xx_hal_msp.o
                0x000000000800c3bc                HAL_RTC_MspInit
 .text.HAL_TIM_OnePulse_MspInit
                0x000000000800c430       0xbc Src/stm32f1xx_hal_msp.o
                0x000000000800c430                HAL_TIM_OnePulse_MspInit
 .text.HAL_UART_MspInit
                0x000000000800c4ec       0xec Src/stm32f1xx_hal_msp.o
                0x000000000800c4ec                HAL_UART_MspInit
 .text.HAL_PCD_MspInit
                0x000000000800c5d8       0x3c Src/stm32f1xx_hal_msp.o
                0x000000000800c5d8                HAL_PCD_MspInit
 .text.NMI_Handler
                0x000000000800c614        0xc Src/stm32f1xx_it.o
                0x000000000800c614                NMI_Handler
 .text.HardFault_Handler
                0x000000000800c620        0x6 Src/stm32f1xx_it.o
                0x000000000800c620                HardFault_Handler
 .text.MemManage_Handler
                0x000000000800c626        0x6 Src/stm32f1xx_it.o
                0x000000000800c626                MemManage_Handler
 .text.BusFault_Handler
                0x000000000800c62c        0x6 Src/stm32f1xx_it.o
                0x000000000800c62c                BusFault_Handler
 .text.UsageFault_Handler
                0x000000000800c632        0x6 Src/stm32f1xx_it.o
                0x000000000800c632                UsageFault_Handler
 .text.SVC_Handler
                0x000000000800c638        0xc Src/stm32f1xx_it.o
                0x000000000800c638                SVC_Handler
 .text.DebugMon_Handler
                0x000000000800c644        0xc Src/stm32f1xx_it.o
                0x000000000800c644                DebugMon_Handler
 .text.PendSV_Handler
                0x000000000800c650        0xc Src/stm32f1xx_it.o
                0x000000000800c650                PendSV_Handler
 .text.SysTick_Handler
                0x000000000800c65c       0x10 Src/stm32f1xx_it.o
                0x000000000800c65c                SysTick_Handler
 .text.RTC_IRQHandler
                0x000000000800c66c       0x14 Src/stm32f1xx_it.o
                0x000000000800c66c                RTC_IRQHandler
 .text.EXTI0_IRQHandler
                0x000000000800c680        0xe Src/stm32f1xx_it.o
                0x000000000800c680                EXTI0_IRQHandler
 .text.EXTI9_5_IRQHandler
                0x000000000800c68e       0x16 Src/stm32f1xx_it.o
                0x000000000800c68e                EXTI9_5_IRQHandler
 .text.TIM1_UP_IRQHandler
                0x000000000800c6a4       0x14 Src/stm32f1xx_it.o
                0x000000000800c6a4                TIM1_UP_IRQHandler
 .text.TIM3_IRQHandler
                0x000000000800c6b8       0x14 Src/stm32f1xx_it.o
                0x000000000800c6b8                TIM3_IRQHandler
 .text.TIM4_IRQHandler
                0x000000000800c6cc       0x14 Src/stm32f1xx_it.o
                0x000000000800c6cc                TIM4_IRQHandler
 .text.USART1_IRQHandler
                0x000000000800c6e0       0x14 Src/stm32f1xx_it.o
                0x000000000800c6e0                USART1_IRQHandler
 .text.USART2_IRQHandler
                0x000000000800c6f4       0x14 Src/stm32f1xx_it.o
                0x000000000800c6f4                USART2_IRQHandler
 .text.atoi     0x000000000800c708        0x8 /home/gorian/.p2/pool/plugins/fr.ac6.mcu.externaltools.arm-none.linux64_1.15.0.201708311556/tools/compiler/bin/../lib/gcc/arm-none-eabi/6.3.1/../../../../arm-none-eabi/lib/thumb/v7-m/libc_nano.a(lib_a-atoi.o)
                0x000000000800c708                atoi
 .text.__libc_init_array
                0x000000000800c710       0x48 /home/gorian/.p2/pool/plugins/fr.ac6.mcu.externaltools.arm-none.linux64_1.15.0.201708311556/tools/compiler/bin/../lib/gcc/arm-none-eabi/6.3.1/../../../../arm-none-eabi/lib/thumb/v7-m/libc_nano.a(lib_a-init.o)
                0x000000000800c710                __libc_init_array
 .text.malloc   0x000000000800c758       0x10 /home/gorian/.p2/pool/plugins/fr.ac6.mcu.externaltools.arm-none.linux64_1.15.0.201708311556/tools/compiler/bin/../lib/gcc/arm-none-eabi/6.3.1/../../../../arm-none-eabi/lib/thumb/v7-m/libc_nano.a(lib_a-malloc.o)
                0x000000000800c758                malloc
 .text.free     0x000000000800c768       0x10 /home/gorian/.p2/pool/plugins/fr.ac6.mcu.externaltools.arm-none.linux64_1.15.0.201708311556/tools/compiler/bin/../lib/gcc/arm-none-eabi/6.3.1/../../../../arm-none-eabi/lib/thumb/v7-m/libc_nano.a(lib_a-malloc.o)
                0x000000000800c768                free
 .text._free_r  0x000000000800c778       0x98 /home/gorian/.p2/pool/plugins/fr.ac6.mcu.externaltools.arm-none.linux64_1.15.0.201708311556/tools/compiler/bin/../lib/gcc/arm-none-eabi/6.3.1/../../../../arm-none-eabi/lib/thumb/v7-m/libc_nano.a(lib_a-nano-freer.o)
                0x000000000800c778                _free_r
 .text._malloc_r
                0x000000000800c810       0xbc /home/gorian/.p2/pool/plugins/fr.ac6.mcu.externaltools.arm-none.linux64_1.15.0.201708311556/tools/compiler/bin/../lib/gcc/arm-none-eabi/6.3.1/../../../../arm-none-eabi/lib/thumb/v7-m/libc_nano.a(lib_a-nano-mallocr.o)
                0x000000000800c810                _malloc_r
 .text._sbrk_r  0x000000000800c8cc       0x20 /home/gorian/.p2/pool/plugins/fr.ac6.mcu.externaltools.arm-none.linux64_1.15.0.201708311556/tools/compiler/bin/../lib/gcc/arm-none-eabi/6.3.1/../../../../arm-none-eabi/lib/thumb/v7-m/libc_nano.a(lib_a-sbrkr.o)
                0x000000000800c8cc                _sbrk_r
 .text.sprintf  0x000000000800c8ec       0x48 /home/gorian/.p2/pool/plugins/fr.ac6.mcu.externaltools.arm-none.linux64_1.15.0.201708311556/tools/compiler/bin/../lib/gcc/arm-none-eabi/6.3.1/../../../../arm-none-eabi/lib/thumb/v7-m/libc_nano.a(lib_a-sprintf.o)
                0x000000000800c8ec                sprintf
                0x000000000800c8ec                siprintf
 .text.strcpy   0x000000000800c934       0x10 /home/gorian/.p2/pool/plugins/fr.ac6.mcu.externaltools.arm-none.linux64_1.15.0.201708311556/tools/compiler/bin/../lib/gcc/arm-none-eabi/6.3.1/../../../../arm-none-eabi/lib/thumb/v7-m/libc_nano.a(lib_a-strcpy.o)
                0x000000000800c934                strcpy
 .text._strtol_l.isra.0
                0x000000000800c944      0x100 /home/gorian/.p2/pool/plugins/fr.ac6.mcu.externaltools.arm-none.linux64_1.15.0.201708311556/tools/compiler/bin/../lib/gcc/arm-none-eabi/6.3.1/../../../../arm-none-eabi/lib/thumb/v7-m/libc_nano.a(lib_a-strtol.o)
 .text.strtol   0x000000000800ca44       0x2c /home/gorian/.p2/pool/plugins/fr.ac6.mcu.externaltools.arm-none.linux64_1.15.0.201708311556/tools/compiler/bin/../lib/gcc/arm-none-eabi/6.3.1/../../../../arm-none-eabi/lib/thumb/v7-m/libc_nano.a(lib_a-strtol.o)
                0x000000000800ca44                strtol
 .text.__locale_ctype_ptr_l
                0x000000000800ca70        0x6 /home/gorian/.p2/pool/plugins/fr.ac6.mcu.externaltools.arm-none.linux64_1.15.0.201708311556/tools/compiler/bin/../lib/gcc/arm-none-eabi/6.3.1/../../../../arm-none-eabi/lib/thumb/v7-m/libc_nano.a(lib_a-locale.o)
                0x000000000800ca70                __locale_ctype_ptr_l
 .text.__ascii_mbtowc
                0x000000000800ca76       0x24 /home/gorian/.p2/pool/plugins/fr.ac6.mcu.externaltools.arm-none.linux64_1.15.0.201708311556/tools/compiler/bin/../lib/gcc/arm-none-eabi/6.3.1/../../../../arm-none-eabi/lib/thumb/v7-m/libc_nano.a(lib_a-mbtowc_r.o)
                0x000000000800ca76                __ascii_mbtowc
 .text.__malloc_lock
                0x000000000800ca9a        0x2 /home/gorian/.p2/pool/plugins/fr.ac6.mcu.externaltools.arm-none.linux64_1.15.0.201708311556/tools/compiler/bin/../lib/gcc/arm-none-eabi/6.3.1/../../../../arm-none-eabi/lib/thumb/v7-m/libc_nano.a(lib_a-mlock.o)
                0x000000000800ca9a                __malloc_lock
 .text.__malloc_unlock
                0x000000000800ca9c        0x2 /home/gorian/.p2/pool/plugins/fr.ac6.mcu.externaltools.arm-none.linux64_1.15.0.201708311556/tools/compiler/bin/../lib/gcc/arm-none-eabi/6.3.1/../../../../arm-none-eabi/lib/thumb/v7-m/libc_nano.a(lib_a-mlock.o)
                0x000000000800ca9c                __malloc_unlock
 .text.__ssputs_r
                0x000000000800ca9e       0xb6 /home/gorian/.p2/pool/plugins/fr.ac6.mcu.externaltools.arm-none.linux64_1.15.0.201708311556/tools/compiler/bin/../lib/gcc/arm-none-eabi/6.3.1/../../../../arm-none-eabi/lib/thumb/v7-m/libc_nano.a(lib_a-nano-svfprintf.o)
                0x000000000800ca9e                __ssputs_r
 .text._svfprintf_r
                0x000000000800cb54      0x1e8 /home/gorian/.p2/pool/plugins/fr.ac6.mcu.externaltools.arm-none.linux64_1.15.0.201708311556/tools/compiler/bin/../lib/gcc/arm-none-eabi/6.3.1/../../../../arm-none-eabi/lib/thumb/v7-m/libc_nano.a(lib_a-nano-svfprintf.o)
                0x000000000800cb54                _svfprintf_r
                0x000000000800cb54                _svfiprintf_r
 .text._printf_common
                0x000000000800cd3c       0xee /home/gorian/.p2/pool/plugins/fr.ac6.mcu.externaltools.arm-none.linux64_1.15.0.201708311556/tools/compiler/bin/../lib/gcc/arm-none-eabi/6.3.1/../../../../arm-none-eabi/lib/thumb/v7-m/libc_nano.a(lib_a-nano-vfprintf_i.o)
                0x000000000800cd3c                _printf_common
 *fill*         0x000000000800ce2a        0x2 
 .text._printf_i
                0x000000000800ce2c      0x240 /home/gorian/.p2/pool/plugins/fr.ac6.mcu.externaltools.arm-none.linux64_1.15.0.201708311556/tools/compiler/bin/../lib/gcc/arm-none-eabi/6.3.1/../../../../arm-none-eabi/lib/thumb/v7-m/libc_nano.a(lib_a-nano-vfprintf_i.o)
                0x000000000800ce2c                _printf_i
 .text.__ascii_wctomb
                0x000000000800d06c       0x1a /home/gorian/.p2/pool/plugins/fr.ac6.mcu.externaltools.arm-none.linux64_1.15.0.201708311556/tools/compiler/bin/../lib/gcc/arm-none-eabi/6.3.1/../../../../arm-none-eabi/lib/thumb/v7-m/libc_nano.a(lib_a-wctomb_r.o)
                0x000000000800d06c                __ascii_wctomb
 .text.memchr   0x000000000800d086       0x1c /home/gorian/.p2/pool/plugins/fr.ac6.mcu.externaltools.arm-none.linux64_1.15.0.201708311556/tools/compiler/bin/../lib/gcc/arm-none-eabi/6.3.1/../../../../arm-none-eabi/lib/thumb/v7-m/libc_nano.a(lib_a-memchr-stub.o)
                0x000000000800d086                memchr
 .text.memcpy   0x000000000800d0a2       0x16 /home/gorian/.p2/pool/plugins/fr.ac6.mcu.externaltools.arm-none.linux64_1.15.0.201708311556/tools/compiler/bin/../lib/gcc/arm-none-eabi/6.3.1/../../../../arm-none-eabi/lib/thumb/v7-m/libc_nano.a(lib_a-memcpy-stub.o)
                0x000000000800d0a2                memcpy
 .text.memmove  0x000000000800d0b8       0x34 /home/gorian/.p2/pool/plugins/fr.ac6.mcu.externaltools.arm-none.linux64_1.15.0.201708311556/tools/compiler/bin/../lib/gcc/arm-none-eabi/6.3.1/../../../../arm-none-eabi/lib/thumb/v7-m/libc_nano.a(lib_a-memmove.o)
                0x000000000800d0b8                memmove
 .text._realloc_r
                0x000000000800d0ec       0x4c /home/gorian/.p2/pool/plugins/fr.ac6.mcu.externaltools.arm-none.linux64_1.15.0.201708311556/tools/compiler/bin/../lib/gcc/arm-none-eabi/6.3.1/../../../../arm-none-eabi/lib/thumb/v7-m/libc_nano.a(lib_a-nano-reallocr.o)
                0x000000000800d0ec                _realloc_r
 .text._malloc_usable_size_r
                0x000000000800d138       0x12 /home/gorian/.p2/pool/plugins/fr.ac6.mcu.externaltools.arm-none.linux64_1.15.0.201708311556/tools/compiler/bin/../lib/gcc/arm-none-eabi/6.3.1/../../../../arm-none-eabi/lib/thumb/v7-m/libc_nano.a(lib_a-nano-msizer.o)
                0x000000000800d138                _malloc_usable_size_r
 *fill*         0x000000000800d14a        0x2 
 .text._sbrk    0x000000000800d14c       0x1c /home/gorian/.p2/pool/plugins/fr.ac6.mcu.externaltools.arm-none.linux64_1.15.0.201708311556/tools/compiler/bin/../lib/gcc/arm-none-eabi/6.3.1/../../../../arm-none-eabi/lib/thumb/v7-m/libnosys.a(sbrk.o)
                0x000000000800d14c                _sbrk
 *(.glue_7)
 .glue_7        0x000000000800d168        0x0 linker stubs
 *(.glue_7t)
 .glue_7t       0x000000000800d168        0x0 linker stubs
 *(.eh_frame)
 .eh_frame      0x000000000800d168        0x0 /home/gorian/.p2/pool/plugins/fr.ac6.mcu.externaltools.arm-none.linux64_1.15.0.201708311556/tools/compiler/bin/../lib/gcc/arm-none-eabi/6.3.1/thumb/v7-m/crtbegin.o
 *(.init)
 .init          0x000000000800d168        0x4 /home/gorian/.p2/pool/plugins/fr.ac6.mcu.externaltools.arm-none.linux64_1.15.0.201708311556/tools/compiler/bin/../lib/gcc/arm-none-eabi/6.3.1/thumb/v7-m/crti.o
                0x000000000800d168                _init
 .init          0x000000000800d16c        0x8 /home/gorian/.p2/pool/plugins/fr.ac6.mcu.externaltools.arm-none.linux64_1.15.0.201708311556/tools/compiler/bin/../lib/gcc/arm-none-eabi/6.3.1/thumb/v7-m/crtn.o
 *(.fini)
 .fini          0x000000000800d174        0x4 /home/gorian/.p2/pool/plugins/fr.ac6.mcu.externaltools.arm-none.linux64_1.15.0.201708311556/tools/compiler/bin/../lib/gcc/arm-none-eabi/6.3.1/thumb/v7-m/crti.o
                0x000000000800d174                _fini
 .fini          0x000000000800d178        0x8 /home/gorian/.p2/pool/plugins/fr.ac6.mcu.externaltools.arm-none.linux64_1.15.0.201708311556/tools/compiler/bin/../lib/gcc/arm-none-eabi/6.3.1/thumb/v7-m/crtn.o
                0x000000000800d180                . = ALIGN (0x4)
                0x000000000800d180                _etext = .

.vfp11_veneer   0x000000000800d180        0x0
 .vfp11_veneer  0x000000000800d180        0x0 linker stubs

.v4_bx          0x000000000800d180        0x0
 .v4_bx         0x000000000800d180        0x0 linker stubs

.iplt           0x000000000800d180        0x0
 .iplt          0x000000000800d180        0x0 /home/gorian/.p2/pool/plugins/fr.ac6.mcu.externaltools.arm-none.linux64_1.15.0.201708311556/tools/compiler/bin/../lib/gcc/arm-none-eabi/6.3.1/thumb/v7-m/crtbegin.o

.rodata         0x000000000800d180     0x1330
                0x000000000800d180                . = ALIGN (0x4)
 *(.rodata)
 .rodata        0x000000000800d180       0x18 Drivers/CMSIS/Device/ST/STM32F1xx/Source/Templates/system_stm32f1xx.o
                0x000000000800d180                AHBPrescTable
                0x000000000800d190                APBPrescTable
 .rodata        0x000000000800d198       0x12 Drivers/STM32F1xx_HAL_Driver/Src/stm32f1xx_hal_rcc.o
 *fill*         0x000000000800d1aa        0x2 
 .rodata        0x000000000800d1ac       0x12 Drivers/STM32F1xx_HAL_Driver/Src/stm32f1xx_hal_rcc_ex.o
 *fill*         0x000000000800d1be        0x2 
 .rodata        0x000000000800d1c0       0x48 Src/init.o
 .rodata        0x000000000800d208       0xc1 Src/lista.o
 *fill*         0x000000000800d2c9        0x3 
 .rodata        0x000000000800d2cc      0x140 Src/main.o
 .rodata        0x000000000800d40c      0x1cc Src/screen1.o
 .rodata        0x000000000800d5d8      0x2b2 Src/screen10.o
 *fill*         0x000000000800d88a        0x2 
 .rodata        0x000000000800d88c       0x53 Src/screen11.o
 *fill*         0x000000000800d8df        0x1 
 .rodata        0x000000000800d8e0      0x49c Src/screen12.o
 .rodata        0x000000000800dd7c       0x3b Src/screen13.o
 *fill*         0x000000000800ddb7        0x1 
 .rodata        0x000000000800ddb8       0x3b Src/screen3.o
 *fill*         0x000000000800ddf3        0x1 
 .rodata        0x000000000800ddf4      0x3cf Src/screen4.o
 *fill*         0x000000000800e1c3        0x1 
 .rodata        0x000000000800e1c4      0x110 Src/screen6.o
 .rodata        0x000000000800e2d4       0x4b Src/screen7.o
 *fill*         0x000000000800e31f        0x1 
 .rodata        0x000000000800e320       0x4f Src/screen9.o
 *(.rodata*)
 .rodata._setlocale_r.str1.1
                0x000000000800e36f        0x8 /home/gorian/.p2/pool/plugins/fr.ac6.mcu.externaltools.arm-none.linux64_1.15.0.201708311556/tools/compiler/bin/../lib/gcc/arm-none-eabi/6.3.1/../../../../arm-none-eabi/lib/thumb/v7-m/libc_nano.a(lib_a-locale.o)
                                          0x9 (size before relaxing)
 .rodata.str1.1
                0x000000000800e377        0x2 /home/gorian/.p2/pool/plugins/fr.ac6.mcu.externaltools.arm-none.linux64_1.15.0.201708311556/tools/compiler/bin/../lib/gcc/arm-none-eabi/6.3.1/../../../../arm-none-eabi/lib/thumb/v7-m/libc_nano.a(lib_a-locale.o)
 .rodata._svfprintf_r.str1.1
                0x000000000800e379       0x11 /home/gorian/.p2/pool/plugins/fr.ac6.mcu.externaltools.arm-none.linux64_1.15.0.201708311556/tools/compiler/bin/../lib/gcc/arm-none-eabi/6.3.1/../../../../arm-none-eabi/lib/thumb/v7-m/libc_nano.a(lib_a-nano-svfprintf.o)
 .rodata._printf_i.str1.1
                0x000000000800e38a       0x22 /home/gorian/.p2/pool/plugins/fr.ac6.mcu.externaltools.arm-none.linux64_1.15.0.201708311556/tools/compiler/bin/../lib/gcc/arm-none-eabi/6.3.1/../../../../arm-none-eabi/lib/thumb/v7-m/libc_nano.a(lib_a-nano-vfprintf_i.o)
 .rodata._ctype_
                0x000000000800e3ac      0x101 /home/gorian/.p2/pool/plugins/fr.ac6.mcu.externaltools.arm-none.linux64_1.15.0.201708311556/tools/compiler/bin/../lib/gcc/arm-none-eabi/6.3.1/../../../../arm-none-eabi/lib/thumb/v7-m/libc_nano.a(lib_a-ctype_.o)
                0x000000000800e3ac                _ctype_
                0x000000000800e4b0                . = ALIGN (0x4)
 *fill*         0x000000000800e4ad        0x3 

.rel.dyn        0x000000000800e4b0        0x0
 .rel.iplt      0x000000000800e4b0        0x0 /home/gorian/.p2/pool/plugins/fr.ac6.mcu.externaltools.arm-none.linux64_1.15.0.201708311556/tools/compiler/bin/../lib/gcc/arm-none-eabi/6.3.1/thumb/v7-m/crtbegin.o

.ARM.extab
 *(.ARM.extab* .gnu.linkonce.armextab.*)

.ARM            0x000000000800e4b0        0x0
                0x000000000800e4b0                __exidx_start = .
 *(.ARM.exidx*)
                0x000000000800e4b0                __exidx_end = .

.preinit_array  0x000000000800e4b0        0x0
                0x000000000800e4b0                PROVIDE (__preinit_array_start, .)
 *(.preinit_array*)
                0x000000000800e4b0                PROVIDE (__preinit_array_end, .)

.init_array     0x000000000800e4b0        0x4
                0x000000000800e4b0                PROVIDE (__init_array_start, .)
 *(SORT(.init_array.*))
 *(.init_array*)
 .init_array    0x000000000800e4b0        0x4 /home/gorian/.p2/pool/plugins/fr.ac6.mcu.externaltools.arm-none.linux64_1.15.0.201708311556/tools/compiler/bin/../lib/gcc/arm-none-eabi/6.3.1/thumb/v7-m/crtbegin.o
                0x000000000800e4b4                PROVIDE (__init_array_end, .)

.fini_array     0x000000000800e4b4        0x4
                [!provide]                        PROVIDE (__fini_array_start, .)
 *(SORT(.fini_array.*))
 *(.fini_array*)
 .fini_array    0x000000000800e4b4        0x4 /home/gorian/.p2/pool/plugins/fr.ac6.mcu.externaltools.arm-none.linux64_1.15.0.201708311556/tools/compiler/bin/../lib/gcc/arm-none-eabi/6.3.1/thumb/v7-m/crtbegin.o
                [!provide]                        PROVIDE (__fini_array_end, .)
                0x000000000800e4b8                _sidata = LOADADDR (.data)

.data           0x0000000020000000      0x1e0 load address 0x000000000800e4b8
                0x0000000020000000                . = ALIGN (0x4)
                0x0000000020000000                _sdata = .
 *(.data)
 .data          0x0000000020000000        0x4 Drivers/CMSIS/Device/ST/STM32F1xx/Source/Templates/system_stm32f1xx.o
                0x0000000020000000                SystemCoreClock
 .data          0x0000000020000004        0x4 Src/main.o
                0x0000000020000004                last_char
                0x0000000020000006                p
 .data          0x0000000020000008        0x4 Src/process.o
                0x0000000020000008                ipr
                0x000000002000000a                mmpr
 .data          0x000000002000000c        0x1 Src/screen10.o
                0x000000002000000c                max_size
 .data          0x000000002000000d        0x1 Src/screen4.o
                0x000000002000000d                max_size1
 *(.data*)
 *fill*         0x000000002000000e        0x2 
 .data._impure_ptr
                0x0000000020000010        0x4 /home/gorian/.p2/pool/plugins/fr.ac6.mcu.externaltools.arm-none.linux64_1.15.0.201708311556/tools/compiler/bin/../lib/gcc/arm-none-eabi/6.3.1/../../../../arm-none-eabi/lib/thumb/v7-m/libc_nano.a(lib_a-impure.o)
                0x0000000020000010                _impure_ptr
 .data.impure_data
                0x0000000020000014       0x60 /home/gorian/.p2/pool/plugins/fr.ac6.mcu.externaltools.arm-none.linux64_1.15.0.201708311556/tools/compiler/bin/../lib/gcc/arm-none-eabi/6.3.1/../../../../arm-none-eabi/lib/thumb/v7-m/libc_nano.a(lib_a-impure.o)
 .data.__global_locale
                0x0000000020000074      0x16c /home/gorian/.p2/pool/plugins/fr.ac6.mcu.externaltools.arm-none.linux64_1.15.0.201708311556/tools/compiler/bin/../lib/gcc/arm-none-eabi/6.3.1/../../../../arm-none-eabi/lib/thumb/v7-m/libc_nano.a(lib_a-locale.o)
                0x0000000020000074                __global_locale
                0x00000000200001e0                . = ALIGN (0x4)
                0x00000000200001e0                _edata = .

.jcr            0x00000000200001e0        0x0 load address 0x000000000800e698
 .jcr           0x00000000200001e0        0x0 /home/gorian/.p2/pool/plugins/fr.ac6.mcu.externaltools.arm-none.linux64_1.15.0.201708311556/tools/compiler/bin/../lib/gcc/arm-none-eabi/6.3.1/thumb/v7-m/crtbegin.o

.igot.plt       0x00000000200001e0        0x0 load address 0x000000000800e698
 .igot.plt      0x00000000200001e0        0x0 /home/gorian/.p2/pool/plugins/fr.ac6.mcu.externaltools.arm-none.linux64_1.15.0.201708311556/tools/compiler/bin/../lib/gcc/arm-none-eabi/6.3.1/thumb/v7-m/crtbegin.o
                0x00000000200001e0                . = ALIGN (0x4)

.bss            0x00000000200001e0      0x8f0 load address 0x000000000800e698
                0x00000000200001e0                _sbss = .
                0x00000000200001e0                __bss_start__ = _sbss
 *(.bss)
 .bss           0x00000000200001e0       0x1c /home/gorian/.p2/pool/plugins/fr.ac6.mcu.externaltools.arm-none.linux64_1.15.0.201708311556/tools/compiler/bin/../lib/gcc/arm-none-eabi/6.3.1/thumb/v7-m/crtbegin.o
 .bss           0x00000000200001fc        0x4 Drivers/STM32F1xx_HAL_Driver/Src/stm32f1xx_hal.o
 .bss           0x0000000020000200        0xa Src/init.o
                0x0000000020000200                step_base
                0x0000000020000202                impuls2close
                0x0000000020000204                impuls2open
 *fill*         0x000000002000020a        0x2 
 .bss           0x000000002000020c       0x15 Src/main.o
                0x000000002000020c                size
                0x000000002000020e                screen
                0x000000002000020f                action
                0x0000000020000210                Rx_Space
                0x0000000020000211                Rx_active_count
                0x0000000020000212                UartReady
                0x0000000020000213                keyboard_timer
                0x0000000020000214                L
                0x0000000020000218                p_max
                0x000000002000021a                start
                0x000000002000021b                base
                0x000000002000021c                cut
                0x000000002000021e                cutting_deph
                0x0000000020000220                set_cutting
 *fill*         0x0000000020000221        0x1 
 .bss           0x0000000020000222        0x8 Src/process.o
                0x0000000020000222                ipr_count
                0x0000000020000224                i2do
                0x0000000020000226                step
                0x0000000020000227                step_cut
                0x0000000020000228                close_open_knife_clk
 .bss           0x000000002000022a        0x4 Src/screen10.o
                0x000000002000022a                box_number
                0x000000002000022c                temp
 .bss           0x000000002000022e        0x2 Src/screen11.o
                0x000000002000022e                cutting_impulses
 .bss           0x0000000020000230        0x1 Src/screen12.o
                0x0000000020000230                list_counter
 *fill*         0x0000000020000231        0x1 
 .bss           0x0000000020000232        0x5 Src/screen4.o
                0x0000000020000232                param_number
                0x0000000020000233                error
                0x0000000020000234                temp1
                0x0000000020000236                button_calls
 *(.bss*)
 *fill*         0x0000000020000237        0x1 
 .bss.__malloc_free_list
                0x0000000020000238        0x4 /home/gorian/.p2/pool/plugins/fr.ac6.mcu.externaltools.arm-none.linux64_1.15.0.201708311556/tools/compiler/bin/../lib/gcc/arm-none-eabi/6.3.1/../../../../arm-none-eabi/lib/thumb/v7-m/libc_nano.a(lib_a-nano-mallocr.o)
                0x0000000020000238                __malloc_free_list
 .bss.__malloc_sbrk_start
                0x000000002000023c        0x4 /home/gorian/.p2/pool/plugins/fr.ac6.mcu.externaltools.arm-none.linux64_1.15.0.201708311556/tools/compiler/bin/../lib/gcc/arm-none-eabi/6.3.1/../../../../arm-none-eabi/lib/thumb/v7-m/libc_nano.a(lib_a-nano-mallocr.o)
                0x000000002000023c                __malloc_sbrk_start
 .bss.heap_end.4116
                0x0000000020000240        0x4 /home/gorian/.p2/pool/plugins/fr.ac6.mcu.externaltools.arm-none.linux64_1.15.0.201708311556/tools/compiler/bin/../lib/gcc/arm-none-eabi/6.3.1/../../../../arm-none-eabi/lib/thumb/v7-m/libnosys.a(sbrk.o)
 *(COMMON)
 COMMON         0x0000000020000244      0x7b4 Src/main.o
                0x0000000020000244                awg_struct
                0x0000000020000438                Transfer_cplt
                0x0000000020000439                Rx_indx
                0x000000002000043c                htim4
                0x0000000020000478                position_x
                0x000000002000047a                Rx_UART1
                0x000000002000047c                Rx_data
                0x0000000020000480                Rx_Buffer_X
                0x0000000020000484                htim3
                0x00000000200004c0                sdatestructureget
                0x00000000200004c4                Rx_Buffer_Y
                0x00000000200004c8                huart1
                0x0000000020000508                hrtc
                0x000000002000051c                position_y
                0x0000000020000520                data
                0x0000000020000554                htim1
                0x0000000020000590                Rx_Buffer
                0x0000000020000594                stimestructureget
                0x0000000020000598                huart2
                0x00000000200005d8                hpcd_USB_FS
 COMMON         0x00000000200009f8       0xbc Src/screen1.o
                0x00000000200009f8                temp_left_eye
                0x0000000020000a00                _pcs
                0x0000000020000a02                _right_cov
                0x0000000020000a04                temp_right_cov
                0x0000000020000a0c                _knife
                0x0000000020000a10                temp_pcs_done
                0x0000000020000a24                _length
                0x0000000020000a26                _pcs_done
                0x0000000020000a28                temp_left_cov
                0x0000000020000a30                temp_pcs
                0x0000000020000a44                temp_name
                0x0000000020000a58                temp_knife_move_back
                0x0000000020000a6c                temp_knife
                0x0000000020000a80                _knife_move_back
                0x0000000020000a82                _left_cov
                0x0000000020000a83                _right_eye
                0x0000000020000a84                temp_length
                0x0000000020000a94                _left_eye
                0x0000000020000a98                _name
                0x0000000020000aac                temp_right_eye
 COMMON         0x0000000020000ab4       0x18 Src/screen10.o
                0x0000000020000ab4                temp_minutes
                0x0000000020000ab8                temp_year
                0x0000000020000abc                temp_str
                0x0000000020000ac0                temp_month
                0x0000000020000ac4                temp_hours
                0x0000000020000ac8                temp_day
 COMMON         0x0000000020000acc        0x4 /home/gorian/.p2/pool/plugins/fr.ac6.mcu.externaltools.arm-none.linux64_1.15.0.201708311556/tools/compiler/bin/../lib/gcc/arm-none-eabi/6.3.1/../../../../arm-none-eabi/lib/thumb/v7-m/libc_nano.a(lib_a-reent.o)
                0x0000000020000acc                errno
                0x0000000020000ad0                . = ALIGN (0x4)
                0x0000000020000ad0                _ebss = .
                0x0000000020000ad0                __bss_end__ = _ebss

._user_heap_stack
                0x0000000020000ad0      0x600 load address 0x000000000800e698
                0x0000000020000ad0                . = ALIGN (0x8)
                0x0000000020000ad0                PROVIDE (end, .)
                [!provide]                        PROVIDE (_end, .)
                0x0000000020000cd0                . = (. + _Min_Heap_Size)
 *fill*         0x0000000020000ad0      0x200 
                0x00000000200010d0                . = (. + _Min_Stack_Size)
 *fill*         0x0000000020000cd0      0x400 
                0x00000000200010d0                . = ALIGN (0x8)

/DISCARD/
 libc.a(*)
 libm.a(*)
 libgcc.a(*)

.ARM.attributes
                0x0000000000000000       0x29
 *(.ARM.attributes)
 .ARM.attributes
                0x0000000000000000       0x1d /home/gorian/.p2/pool/plugins/fr.ac6.mcu.externaltools.arm-none.linux64_1.15.0.201708311556/tools/compiler/bin/../lib/gcc/arm-none-eabi/6.3.1/thumb/v7-m/crti.o
 .ARM.attributes
                0x000000000000001d       0x2d /home/gorian/.p2/pool/plugins/fr.ac6.mcu.externaltools.arm-none.linux64_1.15.0.201708311556/tools/compiler/bin/../lib/gcc/arm-none-eabi/6.3.1/thumb/v7-m/crtbegin.o
 .ARM.attributes
                0x000000000000004a       0x21 Drivers/CMSIS/Device/ST/STM32F1xx/Source/Templates/gcc/startup_stm32f103xb.o
 .ARM.attributes
                0x000000000000006b       0x33 Drivers/CMSIS/Device/ST/STM32F1xx/Source/Templates/system_stm32f1xx.o
 .ARM.attributes
                0x000000000000009e       0x33 Drivers/STM32F1xx_HAL_Driver/Src/stm32f1xx_hal.o
 .ARM.attributes
                0x00000000000000d1       0x33 Drivers/STM32F1xx_HAL_Driver/Src/stm32f1xx_hal_cortex.o
 .ARM.attributes
                0x0000000000000104       0x33 Drivers/STM32F1xx_HAL_Driver/Src/stm32f1xx_hal_gpio.o
 .ARM.attributes
                0x0000000000000137       0x33 Drivers/STM32F1xx_HAL_Driver/Src/stm32f1xx_hal_pcd.o
 .ARM.attributes
                0x000000000000016a       0x33 Drivers/STM32F1xx_HAL_Driver/Src/stm32f1xx_hal_pwr.o
 .ARM.attributes
                0x000000000000019d       0x33 Drivers/STM32F1xx_HAL_Driver/Src/stm32f1xx_hal_rcc.o
 .ARM.attributes
                0x00000000000001d0       0x33 Drivers/STM32F1xx_HAL_Driver/Src/stm32f1xx_hal_rcc_ex.o
 .ARM.attributes
                0x0000000000000203       0x33 Drivers/STM32F1xx_HAL_Driver/Src/stm32f1xx_hal_rtc.o
 .ARM.attributes
                0x0000000000000236       0x33 Drivers/STM32F1xx_HAL_Driver/Src/stm32f1xx_hal_rtc_ex.o
 .ARM.attributes
                0x0000000000000269       0x33 Drivers/STM32F1xx_HAL_Driver/Src/stm32f1xx_hal_tim.o
 .ARM.attributes
                0x000000000000029c       0x33 Drivers/STM32F1xx_HAL_Driver/Src/stm32f1xx_hal_tim_ex.o
 .ARM.attributes
                0x00000000000002cf       0x33 Drivers/STM32F1xx_HAL_Driver/Src/stm32f1xx_hal_uart.o
 .ARM.attributes
                0x0000000000000302       0x33 Drivers/STM32F1xx_HAL_Driver/Src/stm32f1xx_ll_usb.o
 .ARM.attributes
                0x0000000000000335       0x33 Src/init.o
 .ARM.attributes
                0x0000000000000368       0x33 Src/lista.o
 .ARM.attributes
                0x000000000000039b       0x33 Src/main.o
 .ARM.attributes
                0x00000000000003ce       0x33 Src/process.o
 .ARM.attributes
                0x0000000000000401       0x33 Src/screen1.o
 .ARM.attributes
                0x0000000000000434       0x33 Src/screen10.o
 .ARM.attributes
                0x0000000000000467       0x33 Src/screen11.o
 .ARM.attributes
                0x000000000000049a       0x33 Src/screen12.o
 .ARM.attributes
                0x00000000000004cd       0x33 Src/screen13.o
 .ARM.attributes
                0x0000000000000500       0x33 Src/screen3.o
 .ARM.attributes
                0x0000000000000533       0x33 Src/screen4.o
 .ARM.attributes
                0x0000000000000566       0x33 Src/screen6.o
 .ARM.attributes
                0x0000000000000599       0x33 Src/screen7.o
 .ARM.attributes
                0x00000000000005cc       0x33 Src/screen9.o
 .ARM.attributes
                0x00000000000005ff       0x33 Src/stm32f1xx_hal_msp.o
 .ARM.attributes
                0x0000000000000632       0x33 Src/stm32f1xx_it.o
 .ARM.attributes
                0x0000000000000665       0x2d /home/gorian/.p2/pool/plugins/fr.ac6.mcu.externaltools.arm-none.linux64_1.15.0.201708311556/tools/compiler/bin/../lib/gcc/arm-none-eabi/6.3.1/../../../../arm-none-eabi/lib/thumb/v7-m/libc_nano.a(lib_a-atoi.o)
 .ARM.attributes
                0x0000000000000692       0x2d /home/gorian/.p2/pool/plugins/fr.ac6.mcu.externaltools.arm-none.linux64_1.15.0.201708311556/tools/compiler/bin/../lib/gcc/arm-none-eabi/6.3.1/../../../../arm-none-eabi/lib/thumb/v7-m/libc_nano.a(lib_a-impure.o)
 .ARM.attributes
                0x00000000000006bf       0x2d /home/gorian/.p2/pool/plugins/fr.ac6.mcu.externaltools.arm-none.linux64_1.15.0.201708311556/tools/compiler/bin/../lib/gcc/arm-none-eabi/6.3.1/../../../../arm-none-eabi/lib/thumb/v7-m/libc_nano.a(lib_a-init.o)
 .ARM.attributes
                0x00000000000006ec       0x2d /home/gorian/.p2/pool/plugins/fr.ac6.mcu.externaltools.arm-none.linux64_1.15.0.201708311556/tools/compiler/bin/../lib/gcc/arm-none-eabi/6.3.1/../../../../arm-none-eabi/lib/thumb/v7-m/libc_nano.a(lib_a-malloc.o)
 .ARM.attributes
                0x0000000000000719       0x2d /home/gorian/.p2/pool/plugins/fr.ac6.mcu.externaltools.arm-none.linux64_1.15.0.201708311556/tools/compiler/bin/../lib/gcc/arm-none-eabi/6.3.1/../../../../arm-none-eabi/lib/thumb/v7-m/libc_nano.a(lib_a-nano-freer.o)
 .ARM.attributes
                0x0000000000000746       0x2d /home/gorian/.p2/pool/plugins/fr.ac6.mcu.externaltools.arm-none.linux64_1.15.0.201708311556/tools/compiler/bin/../lib/gcc/arm-none-eabi/6.3.1/../../../../arm-none-eabi/lib/thumb/v7-m/libc_nano.a(lib_a-nano-mallocr.o)
 .ARM.attributes
                0x0000000000000773       0x2d /home/gorian/.p2/pool/plugins/fr.ac6.mcu.externaltools.arm-none.linux64_1.15.0.201708311556/tools/compiler/bin/../lib/gcc/arm-none-eabi/6.3.1/../../../../arm-none-eabi/lib/thumb/v7-m/libc_nano.a(lib_a-sbrkr.o)
 .ARM.attributes
                0x00000000000007a0       0x2d /home/gorian/.p2/pool/plugins/fr.ac6.mcu.externaltools.arm-none.linux64_1.15.0.201708311556/tools/compiler/bin/../lib/gcc/arm-none-eabi/6.3.1/../../../../arm-none-eabi/lib/thumb/v7-m/libc_nano.a(lib_a-sprintf.o)
 .ARM.attributes
                0x00000000000007cd       0x2d /home/gorian/.p2/pool/plugins/fr.ac6.mcu.externaltools.arm-none.linux64_1.15.0.201708311556/tools/compiler/bin/../lib/gcc/arm-none-eabi/6.3.1/../../../../arm-none-eabi/lib/thumb/v7-m/libc_nano.a(lib_a-strcpy.o)
 .ARM.attributes
                0x00000000000007fa       0x17 /home/gorian/.p2/pool/plugins/fr.ac6.mcu.externaltools.arm-none.linux64_1.15.0.201708311556/tools/compiler/bin/../lib/gcc/arm-none-eabi/6.3.1/../../../../arm-none-eabi/lib/thumb/v7-m/libc_nano.a(lib_a-strlen.o)
 .ARM.attributes
                0x0000000000000811       0x2d /home/gorian/.p2/pool/plugins/fr.ac6.mcu.externaltools.arm-none.linux64_1.15.0.201708311556/tools/compiler/bin/../lib/gcc/arm-none-eabi/6.3.1/../../../../arm-none-eabi/lib/thumb/v7-m/libc_nano.a(lib_a-strtol.o)
 .ARM.attributes
                0x000000000000083e       0x2d /home/gorian/.p2/pool/plugins/fr.ac6.mcu.externaltools.arm-none.linux64_1.15.0.201708311556/tools/compiler/bin/../lib/gcc/arm-none-eabi/6.3.1/../../../../arm-none-eabi/lib/thumb/v7-m/libc_nano.a(lib_a-locale.o)
 .ARM.attributes
                0x000000000000086b       0x2d /home/gorian/.p2/pool/plugins/fr.ac6.mcu.externaltools.arm-none.linux64_1.15.0.201708311556/tools/compiler/bin/../lib/gcc/arm-none-eabi/6.3.1/../../../../arm-none-eabi/lib/thumb/v7-m/libc_nano.a(lib_a-mbtowc_r.o)
 .ARM.attributes
                0x0000000000000898       0x2d /home/gorian/.p2/pool/plugins/fr.ac6.mcu.externaltools.arm-none.linux64_1.15.0.201708311556/tools/compiler/bin/../lib/gcc/arm-none-eabi/6.3.1/../../../../arm-none-eabi/lib/thumb/v7-m/libc_nano.a(lib_a-mlock.o)
 .ARM.attributes
                0x00000000000008c5       0x2d /home/gorian/.p2/pool/plugins/fr.ac6.mcu.externaltools.arm-none.linux64_1.15.0.201708311556/tools/compiler/bin/../lib/gcc/arm-none-eabi/6.3.1/../../../../arm-none-eabi/lib/thumb/v7-m/libc_nano.a(lib_a-nano-svfprintf.o)
 .ARM.attributes
                0x00000000000008f2       0x2d /home/gorian/.p2/pool/plugins/fr.ac6.mcu.externaltools.arm-none.linux64_1.15.0.201708311556/tools/compiler/bin/../lib/gcc/arm-none-eabi/6.3.1/../../../../arm-none-eabi/lib/thumb/v7-m/libc_nano.a(lib_a-nano-vfprintf_i.o)
 .ARM.attributes
                0x000000000000091f       0x2d /home/gorian/.p2/pool/plugins/fr.ac6.mcu.externaltools.arm-none.linux64_1.15.0.201708311556/tools/compiler/bin/../lib/gcc/arm-none-eabi/6.3.1/../../../../arm-none-eabi/lib/thumb/v7-m/libc_nano.a(lib_a-reent.o)
 .ARM.attributes
                0x000000000000094c       0x2d /home/gorian/.p2/pool/plugins/fr.ac6.mcu.externaltools.arm-none.linux64_1.15.0.201708311556/tools/compiler/bin/../lib/gcc/arm-none-eabi/6.3.1/../../../../arm-none-eabi/lib/thumb/v7-m/libc_nano.a(lib_a-wctomb_r.o)
 .ARM.attributes
                0x0000000000000979       0x2d /home/gorian/.p2/pool/plugins/fr.ac6.mcu.externaltools.arm-none.linux64_1.15.0.201708311556/tools/compiler/bin/../lib/gcc/arm-none-eabi/6.3.1/../../../../arm-none-eabi/lib/thumb/v7-m/libc_nano.a(lib_a-ctype_.o)
 .ARM.attributes
                0x00000000000009a6       0x2d /home/gorian/.p2/pool/plugins/fr.ac6.mcu.externaltools.arm-none.linux64_1.15.0.201708311556/tools/compiler/bin/../lib/gcc/arm-none-eabi/6.3.1/../../../../arm-none-eabi/lib/thumb/v7-m/libc_nano.a(lib_a-memchr-stub.o)
 .ARM.attributes
                0x00000000000009d3       0x2d /home/gorian/.p2/pool/plugins/fr.ac6.mcu.externaltools.arm-none.linux64_1.15.0.201708311556/tools/compiler/bin/../lib/gcc/arm-none-eabi/6.3.1/../../../../arm-none-eabi/lib/thumb/v7-m/libc_nano.a(lib_a-memcpy-stub.o)
 .ARM.attributes
                0x0000000000000a00       0x2d /home/gorian/.p2/pool/plugins/fr.ac6.mcu.externaltools.arm-none.linux64_1.15.0.201708311556/tools/compiler/bin/../lib/gcc/arm-none-eabi/6.3.1/../../../../arm-none-eabi/lib/thumb/v7-m/libc_nano.a(lib_a-memmove.o)
 .ARM.attributes
                0x0000000000000a2d       0x2d /home/gorian/.p2/pool/plugins/fr.ac6.mcu.externaltools.arm-none.linux64_1.15.0.201708311556/tools/compiler/bin/../lib/gcc/arm-none-eabi/6.3.1/../../../../arm-none-eabi/lib/thumb/v7-m/libc_nano.a(lib_a-nano-reallocr.o)
 .ARM.attributes
                0x0000000000000a5a       0x2d /home/gorian/.p2/pool/plugins/fr.ac6.mcu.externaltools.arm-none.linux64_1.15.0.201708311556/tools/compiler/bin/../lib/gcc/arm-none-eabi/6.3.1/../../../../arm-none-eabi/lib/thumb/v7-m/libc_nano.a(lib_a-nano-msizer.o)
 .ARM.attributes
                0x0000000000000a87       0x2d /home/gorian/.p2/pool/plugins/fr.ac6.mcu.externaltools.arm-none.linux64_1.15.0.201708311556/tools/compiler/bin/../lib/gcc/arm-none-eabi/6.3.1/../../../../arm-none-eabi/lib/thumb/v7-m/libnosys.a(sbrk.o)
 .ARM.attributes
                0x0000000000000ab4       0x1d /home/gorian/.p2/pool/plugins/fr.ac6.mcu.externaltools.arm-none.linux64_1.15.0.201708311556/tools/compiler/bin/../lib/gcc/arm-none-eabi/6.3.1/thumb/v7-m/crtn.o
OUTPUT(CMT82.elf elf32-littlearm)

.debug_line     0x0000000000000000    0x1394e
 .debug_line    0x0000000000000000       0xac Drivers/CMSIS/Device/ST/STM32F1xx/Source/Templates/gcc/startup_stm32f103xb.o
 .debug_line    0x00000000000000ac      0x80c Drivers/CMSIS/Device/ST/STM32F1xx/Source/Templates/system_stm32f1xx.o
 .debug_line    0x00000000000008b8      0x921 Drivers/STM32F1xx_HAL_Driver/Src/stm32f1xx_hal.o
 .debug_line    0x00000000000011d9      0xa56 Drivers/STM32F1xx_HAL_Driver/Src/stm32f1xx_hal_cortex.o
 .debug_line    0x0000000000001c2f      0x99f Drivers/STM32F1xx_HAL_Driver/Src/stm32f1xx_hal_gpio.o
 .debug_line    0x00000000000025ce      0xca2 Drivers/STM32F1xx_HAL_Driver/Src/stm32f1xx_hal_pcd.o
 .debug_line    0x0000000000003270      0x98b Drivers/STM32F1xx_HAL_Driver/Src/stm32f1xx_hal_pwr.o
 .debug_line    0x0000000000003bfb      0xec5 Drivers/STM32F1xx_HAL_Driver/Src/stm32f1xx_hal_rcc.o
 .debug_line    0x0000000000004ac0      0x8de Drivers/STM32F1xx_HAL_Driver/Src/stm32f1xx_hal_rcc_ex.o
 .debug_line    0x000000000000539e      0xc33 Drivers/STM32F1xx_HAL_Driver/Src/stm32f1xx_hal_rtc.o
 .debug_line    0x0000000000005fd1      0x9c9 Drivers/STM32F1xx_HAL_Driver/Src/stm32f1xx_hal_rtc_ex.o
 .debug_line    0x000000000000699a     0x1727 Drivers/STM32F1xx_HAL_Driver/Src/stm32f1xx_hal_tim.o
 .debug_line    0x00000000000080c1      0xd46 Drivers/STM32F1xx_HAL_Driver/Src/stm32f1xx_hal_tim_ex.o
 .debug_line    0x0000000000008e07      0xe09 Drivers/STM32F1xx_HAL_Driver/Src/stm32f1xx_hal_uart.o
 .debug_line    0x0000000000009c10      0xc1a Drivers/STM32F1xx_HAL_Driver/Src/stm32f1xx_ll_usb.o
 .debug_line    0x000000000000a82a      0x82e Src/init.o
 .debug_line    0x000000000000b058      0x8c4 Src/lista.o
 .debug_line    0x000000000000b91c      0xaf7 Src/main.o
 .debug_line    0x000000000000c413      0x8d5 Src/process.o
 .debug_line    0x000000000000cce8      0x9a6 Src/screen1.o
 .debug_line    0x000000000000d68e      0xa90 Src/screen10.o
 .debug_line    0x000000000000e11e      0x895 Src/screen11.o
 .debug_line    0x000000000000e9b3      0x8ff Src/screen12.o
 .debug_line    0x000000000000f2b2      0x7e5 Src/screen13.o
 .debug_line    0x000000000000fa97      0x7e3 Src/screen3.o
 .debug_line    0x000000000001027a      0xda1 Src/screen4.o
 .debug_line    0x000000000001101b      0x7e5 Src/screen6.o
 .debug_line    0x0000000000011800      0x7e5 Src/screen7.o
 .debug_line    0x0000000000011fe5      0x7e5 Src/screen9.o
 .debug_line    0x00000000000127ca      0x8ad Src/stm32f1xx_hal_msp.o
 .debug_line    0x0000000000013077      0x8d7 Src/stm32f1xx_it.o

.debug_info     0x0000000000000000    0x23535
 .debug_info    0x0000000000000000       0x97 Drivers/CMSIS/Device/ST/STM32F1xx/Source/Templates/gcc/startup_stm32f103xb.o
 .debug_info    0x0000000000000097      0xc18 Drivers/CMSIS/Device/ST/STM32F1xx/Source/Templates/system_stm32f1xx.o
 .debug_info    0x0000000000000caf      0xe64 Drivers/STM32F1xx_HAL_Driver/Src/stm32f1xx_hal.o
 .debug_info    0x0000000000001b13     0x131a Drivers/STM32F1xx_HAL_Driver/Src/stm32f1xx_hal_cortex.o
 .debug_info    0x0000000000002e2d      0xe7a Drivers/STM32F1xx_HAL_Driver/Src/stm32f1xx_hal_gpio.o
 .debug_info    0x0000000000003ca7     0x151f Drivers/STM32F1xx_HAL_Driver/Src/stm32f1xx_hal_pcd.o
 .debug_info    0x00000000000051c6     0x1009 Drivers/STM32F1xx_HAL_Driver/Src/stm32f1xx_hal_pwr.o
 .debug_info    0x00000000000061cf     0x1c0d Drivers/STM32F1xx_HAL_Driver/Src/stm32f1xx_hal_rcc.o
 .debug_info    0x0000000000007ddc      0xd92 Drivers/STM32F1xx_HAL_Driver/Src/stm32f1xx_hal_rcc_ex.o
 .debug_info    0x0000000000008b6e     0x14ff Drivers/STM32F1xx_HAL_Driver/Src/stm32f1xx_hal_rtc.o
 .debug_info    0x000000000000a06d      0xf38 Drivers/STM32F1xx_HAL_Driver/Src/stm32f1xx_hal_rtc_ex.o
 .debug_info    0x000000000000afa5     0x2985 Drivers/STM32F1xx_HAL_Driver/Src/stm32f1xx_hal_tim.o
 .debug_info    0x000000000000d92a     0x1726 Drivers/STM32F1xx_HAL_Driver/Src/stm32f1xx_hal_tim_ex.o
 .debug_info    0x000000000000f050     0x1659 Drivers/STM32F1xx_HAL_Driver/Src/stm32f1xx_hal_uart.o
 .debug_info    0x00000000000106a9     0x16cd Drivers/STM32F1xx_HAL_Driver/Src/stm32f1xx_ll_usb.o
 .debug_info    0x0000000000011d76      0xfc3 Src/init.o
 .debug_info    0x0000000000012d39     0x118a Src/lista.o
 .debug_info    0x0000000000013ec3     0x1f88 Src/main.o
 .debug_info    0x0000000000015e4b      0xdb4 Src/process.o
 .debug_info    0x0000000000016bff     0x1052 Src/screen1.o
 .debug_info    0x0000000000017c51     0x1195 Src/screen10.o
 .debug_info    0x0000000000018de6     0x1391 Src/screen11.o
 .debug_info    0x000000000001a177      0xe5c Src/screen12.o
 .debug_info    0x000000000001afd3      0xda9 Src/screen13.o
 .debug_info    0x000000000001bd7c      0xda9 Src/screen3.o
 .debug_info    0x000000000001cb25     0x11d1 Src/screen4.o
 .debug_info    0x000000000001dcf6     0x101c Src/screen6.o
 .debug_info    0x000000000001ed12      0xda9 Src/screen7.o
 .debug_info    0x000000000001fabb      0xda9 Src/screen9.o
 .debug_info    0x0000000000020864     0x1a77 Src/stm32f1xx_hal_msp.o
 .debug_info    0x00000000000222db     0x125a Src/stm32f1xx_it.o

.debug_abbrev   0x0000000000000000     0x4ef2
 .debug_abbrev  0x0000000000000000       0x12 Drivers/CMSIS/Device/ST/STM32F1xx/Source/Templates/gcc/startup_stm32f103xb.o
 .debug_abbrev  0x0000000000000012      0x226 Drivers/CMSIS/Device/ST/STM32F1xx/Source/Templates/system_stm32f1xx.o
 .debug_abbrev  0x0000000000000238      0x310 Drivers/STM32F1xx_HAL_Driver/Src/stm32f1xx_hal.o
 .debug_abbrev  0x0000000000000548      0x360 Drivers/STM32F1xx_HAL_Driver/Src/stm32f1xx_hal_cortex.o
 .debug_abbrev  0x00000000000008a8      0x287 Drivers/STM32F1xx_HAL_Driver/Src/stm32f1xx_hal_gpio.o
 .debug_abbrev  0x0000000000000b2f      0x311 Drivers/STM32F1xx_HAL_Driver/Src/stm32f1xx_hal_pcd.o
 .debug_abbrev  0x0000000000000e40      0x308 Drivers/STM32F1xx_HAL_Driver/Src/stm32f1xx_hal_pwr.o
 .debug_abbrev  0x0000000000001148      0x337 Drivers/STM32F1xx_HAL_Driver/Src/stm32f1xx_hal_rcc.o
 .debug_abbrev  0x000000000000147f      0x2e8 Drivers/STM32F1xx_HAL_Driver/Src/stm32f1xx_hal_rcc_ex.o
 .debug_abbrev  0x0000000000001767      0x2e6 Drivers/STM32F1xx_HAL_Driver/Src/stm32f1xx_hal_rtc.o
 .debug_abbrev  0x0000000000001a4d      0x2c1 Drivers/STM32F1xx_HAL_Driver/Src/stm32f1xx_hal_rtc_ex.o
 .debug_abbrev  0x0000000000001d0e      0x2e6 Drivers/STM32F1xx_HAL_Driver/Src/stm32f1xx_hal_tim.o
 .debug_abbrev  0x0000000000001ff4      0x2c3 Drivers/STM32F1xx_HAL_Driver/Src/stm32f1xx_hal_tim_ex.o
 .debug_abbrev  0x00000000000022b7      0x2eb Drivers/STM32F1xx_HAL_Driver/Src/stm32f1xx_hal_uart.o
 .debug_abbrev  0x00000000000025a2      0x27c Drivers/STM32F1xx_HAL_Driver/Src/stm32f1xx_ll_usb.o
 .debug_abbrev  0x000000000000281e      0x294 Src/init.o
 .debug_abbrev  0x0000000000002ab2      0x275 Src/lista.o
 .debug_abbrev  0x0000000000002d27      0x348 Src/main.o
 .debug_abbrev  0x000000000000306f      0x2ae Src/process.o
 .debug_abbrev  0x000000000000331d      0x255 Src/screen1.o
 .debug_abbrev  0x0000000000003572      0x296 Src/screen10.o
 .debug_abbrev  0x0000000000003808      0x272 Src/screen11.o
 .debug_abbrev  0x0000000000003a7a      0x273 Src/screen12.o
 .debug_abbrev  0x0000000000003ced      0x217 Src/screen13.o
 .debug_abbrev  0x0000000000003f04      0x217 Src/screen3.o
 .debug_abbrev  0x000000000000411b      0x2a2 Src/screen4.o
 .debug_abbrev  0x00000000000043bd      0x221 Src/screen6.o
 .debug_abbrev  0x00000000000045de      0x217 Src/screen7.o
 .debug_abbrev  0x00000000000047f5      0x217 Src/screen9.o
 .debug_abbrev  0x0000000000004a0c      0x2cf Src/stm32f1xx_hal_msp.o
 .debug_abbrev  0x0000000000004cdb      0x217 Src/stm32f1xx_it.o

.debug_aranges  0x0000000000000000     0x11a0
 .debug_aranges
                0x0000000000000000       0x28 Drivers/CMSIS/Device/ST/STM32F1xx/Source/Templates/gcc/startup_stm32f103xb.o
 .debug_aranges
                0x0000000000000028       0x28 Drivers/CMSIS/Device/ST/STM32F1xx/Source/Templates/system_stm32f1xx.o
 .debug_aranges
                0x0000000000000050       0xb0 Drivers/STM32F1xx_HAL_Driver/Src/stm32f1xx_hal.o
 .debug_aranges
                0x0000000000000100      0x100 Drivers/STM32F1xx_HAL_Driver/Src/stm32f1xx_hal_cortex.o
 .debug_aranges
                0x0000000000000200       0x58 Drivers/STM32F1xx_HAL_Driver/Src/stm32f1xx_hal_gpio.o
 .debug_aranges
                0x0000000000000258      0x120 Drivers/STM32F1xx_HAL_Driver/Src/stm32f1xx_hal_pcd.o
 .debug_aranges
                0x0000000000000378       0xa8 Drivers/STM32F1xx_HAL_Driver/Src/stm32f1xx_hal_pwr.o
 .debug_aranges
                0x0000000000000420       0x88 Drivers/STM32F1xx_HAL_Driver/Src/stm32f1xx_hal_rcc.o
 .debug_aranges
                0x00000000000004a8       0x30 Drivers/STM32F1xx_HAL_Driver/Src/stm32f1xx_hal_rcc_ex.o
 .debug_aranges
                0x00000000000004d8       0xf8 Drivers/STM32F1xx_HAL_Driver/Src/stm32f1xx_hal_rtc.o
 .debug_aranges
                0x00000000000005d0       0x88 Drivers/STM32F1xx_HAL_Driver/Src/stm32f1xx_hal_rtc_ex.o
 .debug_aranges
                0x0000000000000658      0x368 Drivers/STM32F1xx_HAL_Driver/Src/stm32f1xx_hal_tim.o
 .debug_aranges
                0x00000000000009c0      0x138 Drivers/STM32F1xx_HAL_Driver/Src/stm32f1xx_hal_tim_ex.o
 .debug_aranges
                0x0000000000000af8      0x150 Drivers/STM32F1xx_HAL_Driver/Src/stm32f1xx_hal_uart.o
 .debug_aranges
                0x0000000000000c48      0x100 Drivers/STM32F1xx_HAL_Driver/Src/stm32f1xx_ll_usb.o
 .debug_aranges
                0x0000000000000d48       0x30 Src/init.o
 .debug_aranges
                0x0000000000000d78       0x50 Src/lista.o
 .debug_aranges
                0x0000000000000dc8       0x90 Src/main.o
 .debug_aranges
                0x0000000000000e58       0x40 Src/process.o
 .debug_aranges
                0x0000000000000e98       0x38 Src/screen1.o
 .debug_aranges
                0x0000000000000ed0       0x38 Src/screen10.o
 .debug_aranges
                0x0000000000000f08       0x30 Src/screen11.o
 .debug_aranges
                0x0000000000000f38       0x40 Src/screen12.o
 .debug_aranges
                0x0000000000000f78       0x30 Src/screen13.o
 .debug_aranges
                0x0000000000000fa8       0x30 Src/screen3.o
 .debug_aranges
                0x0000000000000fd8       0x40 Src/screen4.o
 .debug_aranges
                0x0000000000001018       0x28 Src/screen6.o
 .debug_aranges
                0x0000000000001040       0x30 Src/screen7.o
 .debug_aranges
                0x0000000000001070       0x30 Src/screen9.o
 .debug_aranges
                0x00000000000010a0       0x60 Src/stm32f1xx_hal_msp.o
 .debug_aranges
                0x0000000000001100       0xa0 Src/stm32f1xx_it.o

.debug_ranges   0x0000000000000000      0xfd0
 .debug_ranges  0x0000000000000000       0x20 Drivers/CMSIS/Device/ST/STM32F1xx/Source/Templates/gcc/startup_stm32f103xb.o
 .debug_ranges  0x0000000000000020       0x18 Drivers/CMSIS/Device/ST/STM32F1xx/Source/Templates/system_stm32f1xx.o
 .debug_ranges  0x0000000000000038       0xa0 Drivers/STM32F1xx_HAL_Driver/Src/stm32f1xx_hal.o
 .debug_ranges  0x00000000000000d8       0xf0 Drivers/STM32F1xx_HAL_Driver/Src/stm32f1xx_hal_cortex.o
 .debug_ranges  0x00000000000001c8       0x48 Drivers/STM32F1xx_HAL_Driver/Src/stm32f1xx_hal_gpio.o
 .debug_ranges  0x0000000000000210      0x110 Drivers/STM32F1xx_HAL_Driver/Src/stm32f1xx_hal_pcd.o
 .debug_ranges  0x0000000000000320       0x98 Drivers/STM32F1xx_HAL_Driver/Src/stm32f1xx_hal_pwr.o
 .debug_ranges  0x00000000000003b8       0x78 Drivers/STM32F1xx_HAL_Driver/Src/stm32f1xx_hal_rcc.o
 .debug_ranges  0x0000000000000430       0x20 Drivers/STM32F1xx_HAL_Driver/Src/stm32f1xx_hal_rcc_ex.o
 .debug_ranges  0x0000000000000450       0xe8 Drivers/STM32F1xx_HAL_Driver/Src/stm32f1xx_hal_rtc.o
 .debug_ranges  0x0000000000000538       0x78 Drivers/STM32F1xx_HAL_Driver/Src/stm32f1xx_hal_rtc_ex.o
 .debug_ranges  0x00000000000005b0      0x358 Drivers/STM32F1xx_HAL_Driver/Src/stm32f1xx_hal_tim.o
 .debug_ranges  0x0000000000000908      0x128 Drivers/STM32F1xx_HAL_Driver/Src/stm32f1xx_hal_tim_ex.o
 .debug_ranges  0x0000000000000a30      0x140 Drivers/STM32F1xx_HAL_Driver/Src/stm32f1xx_hal_uart.o
 .debug_ranges  0x0000000000000b70       0xf0 Drivers/STM32F1xx_HAL_Driver/Src/stm32f1xx_ll_usb.o
 .debug_ranges  0x0000000000000c60       0x20 Src/init.o
 .debug_ranges  0x0000000000000c80       0x40 Src/lista.o
 .debug_ranges  0x0000000000000cc0       0x80 Src/main.o
 .debug_ranges  0x0000000000000d40       0x48 Src/process.o
 .debug_ranges  0x0000000000000d88       0x28 Src/screen1.o
 .debug_ranges  0x0000000000000db0       0x28 Src/screen10.o
 .debug_ranges  0x0000000000000dd8       0x20 Src/screen11.o
 .debug_ranges  0x0000000000000df8       0x30 Src/screen12.o
 .debug_ranges  0x0000000000000e28       0x20 Src/screen13.o
 .debug_ranges  0x0000000000000e48       0x20 Src/screen3.o
 .debug_ranges  0x0000000000000e68       0x30 Src/screen4.o
 .debug_ranges  0x0000000000000e98       0x18 Src/screen6.o
 .debug_ranges  0x0000000000000eb0       0x20 Src/screen7.o
 .debug_ranges  0x0000000000000ed0       0x20 Src/screen9.o
 .debug_ranges  0x0000000000000ef0       0x50 Src/stm32f1xx_hal_msp.o
 .debug_ranges  0x0000000000000f40       0x90 Src/stm32f1xx_it.o

.debug_macro    0x0000000000000000    0x1d6bc
 .debug_macro   0x0000000000000000      0x323 Drivers/CMSIS/Device/ST/STM32F1xx/Source/Templates/system_stm32f1xx.o
 .debug_macro   0x0000000000000323      0x8bc Drivers/CMSIS/Device/ST/STM32F1xx/Source/Templates/system_stm32f1xx.o
 .debug_macro   0x0000000000000bdf       0x2e Drivers/CMSIS/Device/ST/STM32F1xx/Source/Templates/system_stm32f1xx.o
 .debug_macro   0x0000000000000c0d       0x22 Drivers/CMSIS/Device/ST/STM32F1xx/Source/Templates/system_stm32f1xx.o
 .debug_macro   0x0000000000000c2f       0x22 Drivers/CMSIS/Device/ST/STM32F1xx/Source/Templates/system_stm32f1xx.o
 .debug_macro   0x0000000000000c51       0x87 Drivers/CMSIS/Device/ST/STM32F1xx/Source/Templates/system_stm32f1xx.o
 .debug_macro   0x0000000000000cd8       0x51 Drivers/CMSIS/Device/ST/STM32F1xx/Source/Templates/system_stm32f1xx.o
 .debug_macro   0x0000000000000d29       0xef Drivers/CMSIS/Device/ST/STM32F1xx/Source/Templates/system_stm32f1xx.o
 .debug_macro   0x0000000000000e18       0x6a Drivers/CMSIS/Device/ST/STM32F1xx/Source/Templates/system_stm32f1xx.o
 .debug_macro   0x0000000000000e82      0x1df Drivers/CMSIS/Device/ST/STM32F1xx/Source/Templates/system_stm32f1xx.o
 .debug_macro   0x0000000000001061       0x34 Drivers/CMSIS/Device/ST/STM32F1xx/Source/Templates/system_stm32f1xx.o
 .debug_macro   0x0000000000001095       0x34 Drivers/CMSIS/Device/ST/STM32F1xx/Source/Templates/system_stm32f1xx.o
 .debug_macro   0x00000000000010c9      0xb8e Drivers/CMSIS/Device/ST/STM32F1xx/Source/Templates/system_stm32f1xx.o
 .debug_macro   0x0000000000001c57     0xf2f7 Drivers/CMSIS/Device/ST/STM32F1xx/Source/Templates/system_stm32f1xx.o
 .debug_macro   0x0000000000010f4e       0x43 Drivers/CMSIS/Device/ST/STM32F1xx/Source/Templates/system_stm32f1xx.o
 .debug_macro   0x0000000000010f91       0xbe Drivers/CMSIS/Device/ST/STM32F1xx/Source/Templates/system_stm32f1xx.o
 .debug_macro   0x000000000001104f      0x16d Drivers/CMSIS/Device/ST/STM32F1xx/Source/Templates/system_stm32f1xx.o
 .debug_macro   0x00000000000111bc     0x3383 Drivers/CMSIS/Device/ST/STM32F1xx/Source/Templates/system_stm32f1xx.o
 .debug_macro   0x000000000001453f       0x58 Drivers/CMSIS/Device/ST/STM32F1xx/Source/Templates/system_stm32f1xx.o
 .debug_macro   0x0000000000014597       0x35 Drivers/CMSIS/Device/ST/STM32F1xx/Source/Templates/system_stm32f1xx.o
 .debug_macro   0x00000000000145cc       0x9c Drivers/CMSIS/Device/ST/STM32F1xx/Source/Templates/system_stm32f1xx.o
 .debug_macro   0x0000000000014668       0x16 Drivers/CMSIS/Device/ST/STM32F1xx/Source/Templates/system_stm32f1xx.o
 .debug_macro   0x000000000001467e       0x97 Drivers/CMSIS/Device/ST/STM32F1xx/Source/Templates/system_stm32f1xx.o
 .debug_macro   0x0000000000014715      0x330 Drivers/CMSIS/Device/ST/STM32F1xx/Source/Templates/system_stm32f1xx.o
 .debug_macro   0x0000000000014a45       0xfd Drivers/CMSIS/Device/ST/STM32F1xx/Source/Templates/system_stm32f1xx.o
 .debug_macro   0x0000000000014b42       0x10 Drivers/CMSIS/Device/ST/STM32F1xx/Source/Templates/system_stm32f1xx.o
 .debug_macro   0x0000000000014b52       0x58 Drivers/CMSIS/Device/ST/STM32F1xx/Source/Templates/system_stm32f1xx.o
 .debug_macro   0x0000000000014baa       0x1f Drivers/CMSIS/Device/ST/STM32F1xx/Source/Templates/system_stm32f1xx.o
 .debug_macro   0x0000000000014bc9       0x43 Drivers/CMSIS/Device/ST/STM32F1xx/Source/Templates/system_stm32f1xx.o
 .debug_macro   0x0000000000014c0c       0x20 Drivers/CMSIS/Device/ST/STM32F1xx/Source/Templates/system_stm32f1xx.o
 .debug_macro   0x0000000000014c2c      0x187 Drivers/CMSIS/Device/ST/STM32F1xx/Source/Templates/system_stm32f1xx.o
 .debug_macro   0x0000000000014db3       0x10 Drivers/CMSIS/Device/ST/STM32F1xx/Source/Templates/system_stm32f1xx.o
 .debug_macro   0x0000000000014dc3       0x1c Drivers/CMSIS/Device/ST/STM32F1xx/Source/Templates/system_stm32f1xx.o
 .debug_macro   0x0000000000014ddf       0x52 Drivers/CMSIS/Device/ST/STM32F1xx/Source/Templates/system_stm32f1xx.o
 .debug_macro   0x0000000000014e31       0x40 Drivers/CMSIS/Device/ST/STM32F1xx/Source/Templates/system_stm32f1xx.o
 .debug_macro   0x0000000000014e71       0x10 Drivers/CMSIS/Device/ST/STM32F1xx/Source/Templates/system_stm32f1xx.o
 .debug_macro   0x0000000000014e81       0x40 Drivers/CMSIS/Device/ST/STM32F1xx/Source/Templates/system_stm32f1xx.o
 .debug_macro   0x0000000000014ec1       0xd7 Drivers/CMSIS/Device/ST/STM32F1xx/Source/Templates/system_stm32f1xx.o
 .debug_macro   0x0000000000014f98       0x16 Drivers/CMSIS/Device/ST/STM32F1xx/Source/Templates/system_stm32f1xx.o
 .debug_macro   0x0000000000014fae      0x18b Drivers/CMSIS/Device/ST/STM32F1xx/Source/Templates/system_stm32f1xx.o
 .debug_macro   0x0000000000015139       0x50 Drivers/CMSIS/Device/ST/STM32F1xx/Source/Templates/system_stm32f1xx.o
 .debug_macro   0x0000000000015189      0x778 Drivers/CMSIS/Device/ST/STM32F1xx/Source/Templates/system_stm32f1xx.o
 .debug_macro   0x0000000000015901      0x28b Drivers/CMSIS/Device/ST/STM32F1xx/Source/Templates/system_stm32f1xx.o
 .debug_macro   0x0000000000015b8c      0x141 Drivers/CMSIS/Device/ST/STM32F1xx/Source/Templates/system_stm32f1xx.o
 .debug_macro   0x0000000000015ccd      0x197 Drivers/CMSIS/Device/ST/STM32F1xx/Source/Templates/system_stm32f1xx.o
 .debug_macro   0x0000000000015e64      0x1ae Drivers/CMSIS/Device/ST/STM32F1xx/Source/Templates/system_stm32f1xx.o
 .debug_macro   0x0000000000016012       0x2d Drivers/CMSIS/Device/ST/STM32F1xx/Source/Templates/system_stm32f1xx.o
 .debug_macro   0x000000000001603f       0x3c Drivers/CMSIS/Device/ST/STM32F1xx/Source/Templates/system_stm32f1xx.o
 .debug_macro   0x000000000001607b       0x57 Drivers/CMSIS/Device/ST/STM32F1xx/Source/Templates/system_stm32f1xx.o
 .debug_macro   0x00000000000160d2       0x8c Drivers/CMSIS/Device/ST/STM32F1xx/Source/Templates/system_stm32f1xx.o
 .debug_macro   0x000000000001615e      0x242 Drivers/CMSIS/Device/ST/STM32F1xx/Source/Templates/system_stm32f1xx.o
 .debug_macro   0x00000000000163a0      0x143 Drivers/CMSIS/Device/ST/STM32F1xx/Source/Templates/system_stm32f1xx.o
 .debug_macro   0x00000000000164e3      0x1ef Drivers/CMSIS/Device/ST/STM32F1xx/Source/Templates/system_stm32f1xx.o
 .debug_macro   0x00000000000166d2       0xf2 Drivers/CMSIS/Device/ST/STM32F1xx/Source/Templates/system_stm32f1xx.o
 .debug_macro   0x00000000000167c4      0x83e Drivers/CMSIS/Device/ST/STM32F1xx/Source/Templates/system_stm32f1xx.o
 .debug_macro   0x0000000000017002       0x11 Drivers/CMSIS/Device/ST/STM32F1xx/Source/Templates/system_stm32f1xx.o
 .debug_macro   0x0000000000017013      0x256 Drivers/CMSIS/Device/ST/STM32F1xx/Source/Templates/system_stm32f1xx.o
 .debug_macro   0x0000000000017269       0x50 Drivers/CMSIS/Device/ST/STM32F1xx/Source/Templates/system_stm32f1xx.o
 .debug_macro   0x00000000000172b9      0x26c Drivers/CMSIS/Device/ST/STM32F1xx/Source/Templates/system_stm32f1xx.o
 .debug_macro   0x0000000000017525       0x7c Drivers/CMSIS/Device/ST/STM32F1xx/Source/Templates/system_stm32f1xx.o
 .debug_macro   0x00000000000175a1      0x341 Drivers/STM32F1xx_HAL_Driver/Src/stm32f1xx_hal.o
 .debug_macro   0x00000000000178e2      0x31d Drivers/STM32F1xx_HAL_Driver/Src/stm32f1xx_hal_cortex.o
 .debug_macro   0x0000000000017bff      0x38d Drivers/STM32F1xx_HAL_Driver/Src/stm32f1xx_hal_gpio.o
 .debug_macro   0x0000000000017f8c      0x329 Drivers/STM32F1xx_HAL_Driver/Src/stm32f1xx_hal_pcd.o
 .debug_macro   0x00000000000182b5      0x37d Drivers/STM32F1xx_HAL_Driver/Src/stm32f1xx_hal_pwr.o
 .debug_macro   0x0000000000018632      0x341 Drivers/STM32F1xx_HAL_Driver/Src/stm32f1xx_hal_rcc.o
 .debug_macro   0x0000000000018973      0x31d Drivers/STM32F1xx_HAL_Driver/Src/stm32f1xx_hal_rcc_ex.o
 .debug_macro   0x0000000000018c90      0x32c Drivers/STM32F1xx_HAL_Driver/Src/stm32f1xx_hal_rtc.o
 .debug_macro   0x0000000000018fbc      0x31d Drivers/STM32F1xx_HAL_Driver/Src/stm32f1xx_hal_rtc_ex.o
 .debug_macro   0x00000000000192d9      0x31e Drivers/STM32F1xx_HAL_Driver/Src/stm32f1xx_hal_tim.o
 .debug_macro   0x00000000000195f7      0x31d Drivers/STM32F1xx_HAL_Driver/Src/stm32f1xx_hal_tim_ex.o
 .debug_macro   0x0000000000019914      0x31e Drivers/STM32F1xx_HAL_Driver/Src/stm32f1xx_hal_uart.o
 .debug_macro   0x0000000000019c32      0x31d Drivers/STM32F1xx_HAL_Driver/Src/stm32f1xx_ll_usb.o
 .debug_macro   0x0000000000019f4f      0x359 Src/init.o
 .debug_macro   0x000000000001a2a8      0x173 Src/init.o
 .debug_macro   0x000000000001a41b       0x16 Src/init.o
 .debug_macro   0x000000000001a431       0x35 Src/init.o
 .debug_macro   0x000000000001a466       0x16 Src/init.o
 .debug_macro   0x000000000001a47c       0x29 Src/init.o
 .debug_macro   0x000000000001a4a5      0x355 Src/lista.o
 .debug_macro   0x000000000001a7fa       0x52 Src/lista.o
 .debug_macro   0x000000000001a84c       0x8d Src/lista.o
 .debug_macro   0x000000000001a8d9       0x57 Src/lista.o